Archive member included because of file (symbol)

contiki-z1.a(er-coap-engine.)
                              obj_z1/res-hello.o (coap_rest_implementation)
contiki-z1.a(er-coap-transac)
                              contiki-z1.a(er-coap-engine.) (coap_register_as_transaction_handler)
contiki-z1.a(er-coap-observe)
                              contiki-z1.a(er-coap-transac) (coap_remove_observer_by_client)
contiki-z1.a(er-coap-res-wel)
                              contiki-z1.a(er-coap-engine.) (res_well_known_core)
contiki-z1.a(er-coap-observe)
                              contiki-z1.a(er-coap-engine.) (coap_handle_notification)
contiki-z1.a(rest-engine.o)   obj_z1/coap-server.o (rest_init_engine)
contiki-z1.a(contiki-z1-plat)
                              obj_z1/contiki-z1-main.o (init_platform)
contiki-z1.a(msp430.o)        obj_z1/contiki-z1-main.o (splhigh_)
contiki-z1.a(leds.o)          obj_z1/coap-server.o (leds_init)
contiki-z1.a(watchdog.o)      obj_z1/contiki-z1-main.o (watchdog_start)
contiki-z1.a(xmem.o)          obj_z1/contiki-z1-main.o (xmem_init)
contiki-z1.a(spi.o)           contiki-z1.a(xmem.o) (spi_init)
contiki-z1.a(cc2420.o)        obj_z1/contiki-z1-main.o (cc2420_set_pan_addr)
contiki-z1.a(cc2420-arch.o)   contiki-z1.a(cc2420.o) (cc2420_arch_init)
contiki-z1.a(node-id.o)       obj_z1/contiki-z1-main.o (node_id_restore)
contiki-z1.a(sensors.o)       contiki-z1.a(contiki-z1-plat) (sensors_process)
contiki-z1.a(uart0.o)         obj_z1/contiki-z1-main.o (uart0_active)
contiki-z1.a(uart0-putchar.o)
                              obj_z1/contiki-z1-main.o (putchar)
contiki-z1.a(z1-sensors.o)    contiki-z1.a(sensors.o) (sensors_flags)
contiki-z1.a(adxl345.o)       obj_z1/contiki-z1-main.o (adxl345)
contiki-z1.a(tmp102.o)        contiki-z1.a(z1-sensors.o) (tmp102)
contiki-z1.a(clock.o)         obj_z1/contiki-z1-main.o (clock_init)
contiki-z1.a(leds-arch.o)     contiki-z1.a(leds.o) (leds_arch_init)
contiki-z1.a(rtimer-arch.o)   obj_z1/contiki-z1-main.o (rtimer_arch_now)
contiki-z1.a(autostart.o)     obj_z1/contiki-z1-main.o (autostart_start)
contiki-z1.a(energest.o)      obj_z1/contiki-z1-main.o (energest_init)
contiki-z1.a(ctimer.o)        obj_z1/contiki-z1-main.o (ctimer_init)
contiki-z1.a(etimer.o)        contiki-z1.a(clock.o) (etimer_request_poll)
contiki-z1.a(process.o)       contiki-z1.a(er-coap-engine.) (process_current)
contiki-z1.a(rtimer.o)        obj_z1/contiki-z1-main.o (rtimer_init)
contiki-z1.a(timer.o)         contiki-z1.a(adxl345.o) (timer_set)
contiki-z1.a(list.o)          contiki-z1.a(rest-engine.o) (list_init)
contiki-z1.a(memb.o)          contiki-z1.a(er-coap-transac) (memb_alloc)
contiki-z1.a(random.o)        obj_z1/contiki-z1-main.o (random_init)
contiki-z1.a(uip-ds6.o)       obj_z1/contiki-z1-main.o (uip_ds6_get_link_local)
contiki-z1.a(uip-ds6-route.o)
                              contiki-z1.a(uip-ds6.o) (uip_ds6_route_init)
contiki-z1.a(uip6.o)          obj_z1/snmp.o (uip_aligned_buf)
contiki-z1.a(uip-ds6-nbr.o)   contiki-z1.a(uip-ds6.o) (uip_ds6_neighbors_init)
contiki-z1.a(uip-nd6.o)       contiki-z1.a(uip6.o) (uip_nd6_init)
contiki-z1.a(sicslowpan.o)    obj_z1/contiki-z1-main.o (sicslowpan_driver)
contiki-z1.a(uip-debug.o)     obj_z1/snmp.o (uip_debug_ipaddr_print)
contiki-z1.a(uip-udp-packet.)
                              obj_z1/snmp.o (uip_udp_packet_send)
contiki-z1.a(tcpip.o)         contiki-z1.a(sicslowpan.o) (tcpip_set_outputfunc)
contiki-z1.a(rpl-ext-header.)
                              contiki-z1.a(uip6.o) (rpl_verify_hbh_header)
contiki-z1.a(rpl.o)           contiki-z1.a(uip-ds6-nbr.o) (rpl_link_neighbor_callback)
contiki-z1.a(rpl-icmp6.o)     contiki-z1.a(rpl-ext-header.) (dao_output_target)
contiki-z1.a(rpl-dag.o)       contiki-z1.a(rpl-ext-header.) (rpl_parents)
contiki-z1.a(queuebuf.o)      obj_z1/contiki-z1-main.o (queuebuf_init)
contiki-z1.a(nbr-table.o)     contiki-z1.a(uip-ds6-route.o) (nbr_table_register)
contiki-z1.a(packetbuf.o)     contiki-z1.a(cc2420.o) (packetbuf_set_datalen)
contiki-z1.a(linkaddr.o)      obj_z1/contiki-z1-main.o (linkaddr_copy)
contiki-z1.a(link-stats.o)    contiki-z1.a(rpl-dag.o) (link_stats_from_lladdr)
contiki-z1.a(nullmac.o)       obj_z1/contiki-z1-main.o (nullmac_driver)
contiki-z1.a(framer-802154.o)
                              contiki-z1.a(sicslowpan.o) (framer_802154)
contiki-z1.a(contikimac.o)    obj_z1/contiki-z1-main.o (contikimac_driver)
contiki-z1.a(nullsec.o)       contiki-z1.a(sicslowpan.o) (nullsec_driver)
contiki-z1.a(er-coap.o)       contiki-z1.a(er-coap-engine.) (coap_init_connection)
contiki-z1.a(i2cmaster.o)     contiki-z1.a(adxl345.o) (i2c_receiveinit)
contiki-z1.a(button-sensor.o)
                              contiki-z1.a(z1-sensors.o) (button_sensor)
contiki-z1.a(stimer.o)        contiki-z1.a(uip-ds6.o) (stimer_set)
contiki-z1.a(uip-icmp6.o)     contiki-z1.a(uip6.o) (uip_icmp6_input)
contiki-z1.a(rpl-nbr-policy.)
                              contiki-z1.a(nbr-table.o) (rpl_nbr_policy_find_removable)
[...]
Memory Configuration

Name             Origin             Length             Attributes
sfr              0x00000000         0x00000010
peripheral_8bit  0x00000010         0x000000f0
peripheral_16bit 0x00000100         0x00000100
ram_mirror       0x00000200         0x00000800         xw
infomem          0x00001000         0x00000100
infod            0x00001000         0x00000040
infoc            0x00001040         0x00000040
infob            0x00001080         0x00000040
infoa            0x000010c0         0x00000040
ram              0x00001100         0x00002000         xw
rom              0x00003100         0x0000cebe         xr
vectors          0x0000ffc0         0x00000040
far_rom          0x00010000         0x0000a000
bsl              0x00000000         0x00000000
ram2             0x00000000         0x00000000         xw
usbram           0x00000000         0x00000000         xw
*default*        0x00000000         0xffffffff

Linker script and memory map

LOAD /usr/bin/msp430-47/bin/../lib/gcc/msp430/4.7.0/mcpu-430x/mmpy-16/msr20/mc20/crt0ivtbl32.o
                0x00000041                __P1SEL2 = 0x41
                0x00000045                __P5SEL2 = 0x45
LOAD main_core.co
LOAD obj_z1/mibii.o
LOAD obj_z1/snmp.o
LOAD obj_z1/snmp_asn1.o
LOAD obj_z1/res-hello.o
LOAD obj_z1/coap-server.o
LOAD obj_z1/contiki-z1-main.o
LOAD contiki-z1.a
LOAD /usr/bin/msp430-47/bin/../lib/gcc/msp430/4.7.0/mcpu-430x/mmpy-16/msr20/mc20/libgcc.a
LOAD /usr/bin/msp430-47/bin/../lib/gcc/msp430/4.7.0/../../../../msp430/lib/mcpu-430x/mmpy-16/msr20/mc20/libc.a
LOAD /usr/bin/msp430-47/bin/../lib/gcc/msp430/4.7.0/mcpu-430x/mmpy-16/msr20/mc20/libgcc.a
LOAD /usr/bin/msp430-47/bin/../lib/gcc/msp430/4.7.0/mcpu-430x/mmpy-16/msr20/mc20/libcrt0.a
                0x00000040                PROVIDE (__info_segment_size, 0x40)
                0x00001000                PROVIDE (__infod, 0x1000)
                0x00001040                PROVIDE (__infoc, 0x1040)
                0x00001080                PROVIDE (__infob, 0x1080)
                0x000010c0                PROVIDE (__infoa, 0x10c0)
                0x00000000                __IE1 = 0x0
                0x00000002                __IFG1 = 0x2
                0x00000001                __IE2 = 0x1
                0x00000003                __IFG2 = 0x3
                0x00000006                __UC1IE = 0x6
                0x00000007                __UC1IFG = 0x7
                0x000001a0                __ADC12CTL0 = 0x1a0
                0x000001a2                __ADC12CTL1 = 0x1a2
                0x000001a4                __ADC12IFG = 0x1a4
                0x000001a6                __ADC12IE = 0x1a6
                0x000001a8                __ADC12IV = 0x1a8
                0x00000140                __ADC12MEM0 = 0x140
                0x00000142                __ADC12MEM1 = 0x142
                0x00000144                __ADC12MEM2 = 0x144
                0x00000146                __ADC12MEM3 = 0x146
                0x00000148                __ADC12MEM4 = 0x148
                0x0000014a                __ADC12MEM5 = 0x14a
                0x0000014c                __ADC12MEM6 = 0x14c
                0x0000014e                __ADC12MEM7 = 0x14e
                0x00000150                __ADC12MEM8 = 0x150
                0x00000152                __ADC12MEM9 = 0x152
                0x00000154                __ADC12MEM10 = 0x154
                0x00000156                __ADC12MEM11 = 0x156
                0x00000158                __ADC12MEM12 = 0x158
                0x0000015a                __ADC12MEM13 = 0x15a
                0x0000015c                __ADC12MEM14 = 0x15c
                0x0000015e                __ADC12MEM15 = 0x15e
                0x00000080                __ADC12MCTL0 = 0x80
                0x00000081                __ADC12MCTL1 = 0x81
                0x00000082                __ADC12MCTL2 = 0x82
                0x00000083                __ADC12MCTL3 = 0x83
                0x00000084                __ADC12MCTL4 = 0x84
                0x00000085                __ADC12MCTL5 = 0x85
                0x00000086                __ADC12MCTL6 = 0x86
                0x00000087                __ADC12MCTL7 = 0x87
                0x00000088                __ADC12MCTL8 = 0x88
                0x00000089                __ADC12MCTL9 = 0x89
                0x0000008a                __ADC12MCTL10 = 0x8a
                0x0000008b                __ADC12MCTL11 = 0x8b
                0x0000008c                __ADC12MCTL12 = 0x8c
                0x0000008d                __ADC12MCTL13 = 0x8d
                0x0000008e                __ADC12MCTL14 = 0x8e
                0x0000008f                __ADC12MCTL15 = 0x8f
                0x00000056                __DCOCTL = 0x56
                0x00000057                __BCSCTL1 = 0x57
                0x00000058                __BCSCTL2 = 0x58
                0x00000053                __BCSCTL3 = 0x53
                0x00000059                __CACTL1 = 0x59
                0x0000005a                __CACTL2 = 0x5a
                0x0000005b                __CAPD = 0x5b
                0x000001c0                __DAC12_0CTL = 0x1c0
                0x000001c2                __DAC12_1CTL = 0x1c2
                0x000001c8                __DAC12_0DAT = 0x1c8
                0x000001ca                __DAC12_1DAT = 0x1ca
                0x00000122                __DMACTL0 = 0x122
                0x00000124                __DMACTL1 = 0x124
                0x00000126                __DMAIV = 0x126
                0x000001d0                __DMA0CTL = 0x1d0
                0x000001dc                __DMA1CTL = 0x1dc
                0x000001e8                __DMA2CTL = 0x1e8
                0x000001d2                __DMA0SA = 0x1d2
                0x000001d2                __DMA0SAL = 0x1d2
                0x000001d6                __DMA0DA = 0x1d6
                0x000001d6                __DMA0DAL = 0x1d6
                0x000001da                __DMA0SZ = 0x1da
                0x000001de                __DMA1SA = 0x1de
                0x000001de                __DMA1SAL = 0x1de
                0x000001e2                __DMA1DA = 0x1e2
                0x000001e2                __DMA1DAL = 0x1e2
                0x000001e6                __DMA1SZ = 0x1e6
                0x000001ea                __DMA2SA = 0x1ea
                0x000001ea                __DMA2SAL = 0x1ea
                0x000001ee                __DMA2DA = 0x1ee
                0x000001ee                __DMA2DAL = 0x1ee
                0x000001f2                __DMA2SZ = 0x1f2
                0x00000128                __FCTL1 = 0x128
                0x0000012a                __FCTL2 = 0x12a
                0x0000012c                __FCTL3 = 0x12c
                0x000001be                __FCTL4 = 0x1be
                0x00000130                __MPY = 0x130
                0x00000132                __MPYS = 0x132
                0x00000134                __MAC = 0x134
                0x00000136                __MACS = 0x136
                0x00000138                __OP2 = 0x138
                0x0000013a                __RESLO = 0x13a
                0x0000013c                __RESHI = 0x13c
                0x0000013e                __SUMEXT = 0x13e
                0x00000020                __P1IN = 0x20
                0x00000021                __P1OUT = 0x21
                0x00000022                __P1DIR = 0x22
                0x00000023                __P1IFG = 0x23
                0x00000024                __P1IES = 0x24
                0x00000025                __P1IE = 0x25
                0x00000026                __P1SEL = 0x26
                0x00000027                __P1REN = 0x27
                0x00000028                __P2IN = 0x28
                0x00000029                __P2OUT = 0x29
                0x0000002a                __P2DIR = 0x2a
                0x0000002b                __P2IFG = 0x2b
                0x0000002c                __P2IES = 0x2c
                0x0000002d                __P2IE = 0x2d
                0x0000002e                __P2SEL = 0x2e
                0x0000002f                __P2REN = 0x2f
                0x00000018                __P3IN = 0x18
                0x00000019                __P3OUT = 0x19
                0x0000001a                __P3DIR = 0x1a
                0x0000001b                __P3SEL = 0x1b
                0x00000010                __P3REN = 0x10
                0x0000001c                __P4IN = 0x1c
                0x0000001d                __P4OUT = 0x1d
                0x0000001e                __P4DIR = 0x1e
                0x0000001f                __P4SEL = 0x1f
                0x00000011                __P4REN = 0x11
                0x00000030                __P5IN = 0x30
                0x00000031                __P5OUT = 0x31
                0x00000032                __P5DIR = 0x32
                0x00000033                __P5SEL = 0x33
                0x00000012                __P5REN = 0x12
                0x00000034                __P6IN = 0x34
                0x00000035                __P6OUT = 0x35
                0x00000036                __P6DIR = 0x36
                0x00000037                __P6SEL = 0x37
                0x00000013                __P6REN = 0x13
                0x00000038                __P7IN = 0x38
                0x0000003a                __P7OUT = 0x3a
                0x0000003c                __P7DIR = 0x3c
                0x0000003e                __P7SEL = 0x3e
                0x00000014                __P7REN = 0x14
                0x00000039                __P8IN = 0x39
                0x0000003b                __P8OUT = 0x3b
                0x0000003d                __P8DIR = 0x3d
                0x0000003f                __P8SEL = 0x3f
                0x00000015                __P8REN = 0x15
                0x00000038                __PAIN = 0x38
                0x0000003a                __PAOUT = 0x3a
                0x0000003c                __PADIR = 0x3c
                0x0000003e                __PASEL = 0x3e
                0x00000014                __PAREN = 0x14
                0x00000055                __SVSCTL = 0x55
                0x0000012e                __TAIV = 0x12e
                0x00000160                __TACTL = 0x160
                0x00000162                __TACCTL0 = 0x162
                0x00000164                __TACCTL1 = 0x164
                0x00000166                __TACCTL2 = 0x166
                0x00000170                __TAR = 0x170
                0x00000172                __TACCR0 = 0x172
                0x00000174                __TACCR1 = 0x174
                0x00000176                __TACCR2 = 0x176
                0x0000011e                __TBIV = 0x11e
                0x00000180                __TBCTL = 0x180
                0x00000182                __TBCCTL0 = 0x182
                0x00000184                __TBCCTL1 = 0x184
                0x00000186                __TBCCTL2 = 0x186
                0x00000188                __TBCCTL3 = 0x188
                0x0000018a                __TBCCTL4 = 0x18a
                0x0000018c                __TBCCTL5 = 0x18c
                0x0000018e                __TBCCTL6 = 0x18e
                0x00000190                __TBR = 0x190
                0x00000192                __TBCCR0 = 0x192
                0x00000194                __TBCCR1 = 0x194
                0x00000196                __TBCCR2 = 0x196
                0x00000198                __TBCCR3 = 0x198
                0x0000019a                __TBCCR4 = 0x19a
                0x0000019c                __TBCCR5 = 0x19c
                0x0000019e                __TBCCR6 = 0x19e
                0x00000060                __UCA0CTL0 = 0x60
                0x00000061                __UCA0CTL1 = 0x61
                0x00000062                __UCA0BR0 = 0x62
                0x00000063                __UCA0BR1 = 0x63
                0x00000064                __UCA0MCTL = 0x64
                0x00000065                __UCA0STAT = 0x65
                0x00000066                __UCA0RXBUF = 0x66
                0x00000067                __UCA0TXBUF = 0x67
                0x0000005d                __UCA0ABCTL = 0x5d
                0x0000005e                __UCA0IRTCTL = 0x5e
                0x0000005f                __UCA0IRRCTL = 0x5f
                0x00000068                __UCB0CTL0 = 0x68
                0x00000069                __UCB0CTL1 = 0x69
                0x0000006a                __UCB0BR0 = 0x6a
                0x0000006b                __UCB0BR1 = 0x6b
                0x0000006c                __UCB0I2CIE = 0x6c
                0x0000006d                __UCB0STAT = 0x6d
                0x0000006e                __UCB0RXBUF = 0x6e
                0x0000006f                __UCB0TXBUF = 0x6f
                0x00000118                __UCB0I2COA = 0x118
                0x0000011a                __UCB0I2CSA = 0x11a
                0x000000d0                __UCA1CTL0 = 0xd0
                0x000000d1                __UCA1CTL1 = 0xd1
                0x000000d2                __UCA1BR0 = 0xd2
                0x000000d3                __UCA1BR1 = 0xd3
                0x000000d4                __UCA1MCTL = 0xd4
                0x000000d5                __UCA1STAT = 0xd5
                0x000000d6                __UCA1RXBUF = 0xd6
                0x000000d7                __UCA1TXBUF = 0xd7
                0x000000cd                __UCA1ABCTL = 0xcd
                0x000000ce                __UCA1IRTCTL = 0xce
                0x000000cf                __UCA1IRRCTL = 0xcf
                0x000000d8                __UCB1CTL0 = 0xd8
                0x000000d9                __UCB1CTL1 = 0xd9
                0x000000da                __UCB1BR0 = 0xda
                0x000000db                __UCB1BR1 = 0xdb
                0x000000dc                __UCB1I2CIE = 0xdc
                0x000000dd                __UCB1STAT = 0xdd
                0x000000de                __UCB1RXBUF = 0xde
                0x000000df                __UCB1TXBUF = 0xdf
                0x0000017c                __UCB1I2COA = 0x17c
                0x0000017e                __UCB1I2CSA = 0x17e
                0x00000120                __WDTCTL = 0x120
                0x000010c0                __TLV_CHECKSUM = 0x10c0
                0x000010f6                __TLV_DCO_30_TAG = 0x10f6
                0x000010f7                __TLV_DCO_30_LEN = 0x10f7
                0x000010da                __TLV_ADC12_1_TAG = 0x10da
                0x000010db                __TLV_ADC12_1_LEN = 0x10db
                0x000010f8                __CALDCO_16MHZ = 0x10f8
                0x000010f9                __CALBC1_16MHZ = 0x10f9
                0x000010fa                __CALDCO_12MHZ = 0x10fa
                0x000010fb                __CALBC1_12MHZ = 0x10fb
                0x000010fc                __CALDCO_8MHZ = 0x10fc
                0x000010fd                __CALBC1_8MHZ = 0x10fd
                0x000010fe                __CALDCO_1MHZ = 0x10fe
                0x000010ff                __CALBC1_1MHZ = 0x10ff

.hash
 *(.hash)

.dynsym
 *(.dynsym)

.dynstr
 *(.dynstr)

.gnu.version
 *(.gnu.version)

.gnu.version_d
 *(.gnu.version_d)

.gnu.version_r
 *(.gnu.version_r)

.rel.init
 *(.rel.init)

.rela.init
 *(.rela.init)

.rel.fini
 *(.rel.fini)

.rela.fini
 *(.rela.fini)

.rel.text
 *(.rel.text .rel.text.* .rel.gnu.linkonce.t.*)

.rela.text
 *(.rela.text .rela.text.* .rela.gnu.linkonce.t.*)

.rel.rodata
 *(.rel.rodata .rel.rodata.* .rel.gnu.linkonce.r.*)

.rela.rodata
 *(.rela.rodata .rela.rodata.* .rela.gnu.linkonce.r.*)

.rel.data
 *(.rel.data .rel.data.* .rel.gnu.linkonce.d.*)

.rela.data
 *(.rela.data .rela.data.* .rela.gnu.linkonce.d.*)

.rel.bss
 *(.rel.bss .rel.bss.* .rel.gnu.linkonce.b.*)

.rela.bss
 *(.rela.bss .rela.bss.* .rela.gnu.linkonce.b.*)

.rel.ctors
 *(.rel.ctors)

.rela.ctors
 *(.rela.ctors)

.rel.dtors
 *(.rel.dtors)

.rela.dtors
 *(.rela.dtors)

.rel.got
 *(.rel.got)

.rela.got
 *(.rela.got)

.rel.plt
 *(.rel.plt)

.rela.plt
 *(.rela.plt)

.text           0x00003100     0xa0f8
                0x00003100                . = ALIGN (0x2)
 *(.init .init.*)
 *(.init0)
 .init0         0x00003100        0x0 /usr/bin/msp430-47/bin/../lib/gcc/msp430/4.7.0/mcpu-430x/mmpy-16/msr20/mc20/libcrt0.a(_reset_vector__.o)
                0x00003100                _reset_vector__
 *(.init1)
 .init1         0x00003100        0xc /usr/bin/msp430-47/bin/../lib/gcc/msp430/4.7.0/mcpu-430x/mmpy-16/msr20/mc20/libcrt0.a(__watchdog_support.o)
                0x00003100                __watchdog_support
 *(.init2)
 .init2         0x0000310c        0x4 /usr/bin/msp430-47/bin/../lib/gcc/msp430/4.7.0/mcpu-430x/mmpy-16/msr20/mc20/libcrt0.a(__init_stack.o)
                0x0000310c                __init_stack
 *(.init3)
 .init3         0x00003110        0x0 /usr/bin/msp430-47/bin/../lib/gcc/msp430/4.7.0/mcpu-430x/mmpy-16/msr20/mc20/libcrt0.a(__low_level_init.o)
                0x00003110                __low_level_init
 *(.init4)
 .init4         0x00003110       0x18 /usr/bin/msp430-47/bin/../lib/gcc/msp430/4.7.0/mcpu-430x/mmpy-16/msr20/mc20/libcrt0.a(_copy_data.o)
                0x00003110                __do_copy_data
 .init4         0x00003128       0x16 /usr/bin/msp430-47/bin/../lib/gcc/msp430/4.7.0/mcpu-430x/mmpy-16/msr20/mc20/libcrt0.a(_clear_bss.o)
                0x00003128                __do_clear_bss
 *(.init5)
 *(.init6)
 *(.init7)
 *(.init8)
 *(.init9)
 .init9         0x0000313e      0x348 obj_z1/contiki-z1-main.o
                0x0000313e                main
 *(.fini9)
 .fini9         0x00003486        0x0 /usr/bin/msp430-47/bin/../lib/gcc/msp430/4.7.0/mcpu-430x/mmpy-16/msr20/mc20/libcrt0.a(__stop_progExec__.o)
                0x00003486                __stop_progExec__
 *(.fini8)
 *(.fini7)
 *(.fini6)
 *(.fini5)
 *(.fini4)
 *(.fini3)
 *(.fini2)
 *(.fini1)
 *(.fini0)
 .fini0         0x00003486        0x6 /usr/bin/msp430-47/bin/../lib/gcc/msp430/4.7.0/mcpu-430x/mmpy-16/msr20/mc20/libcrt0.a(_endless_loop__.o)
                0x00003486                _endless_loop__
 *(.fini .fini.*)
                0x0000348c                . = ALIGN (0x2)
                0x0000348c                __ctors_start = .
 *(.ctors)
                0x0000348c                __ctors_end = .
                0x0000348c                __dtors_start = .
 *(.dtors)
                0x0000348c                __dtors_end = .
                0x0000348c                . = ALIGN (0x2)
 *(.text .text.* .gnu.linkonce.t.*)
 .text          0x0000348c        0x4 /usr/bin/msp430-47/bin/../lib/gcc/msp430/4.7.0/mcpu-430x/mmpy-16/msr20/mc20/crt0ivtbl32.o
                0x0000348c                __isr_14
                0x0000348c                __isr_4
                0x0000348c                __isr_29
                0x0000348c                __isr_11
                0x0000348c                __isr_5
                0x0000348c                __isr_2
                0x0000348c                __isr_10
                0x0000348c                __isr_7
                0x0000348c                __isr_0
                0x0000348c                __isr_28
                0x0000348c                __isr_8
                0x0000348c                __isr_20
                0x0000348c                __isr_3
                0x0000348c                __isr_12
                0x0000348c                __isr_13
                0x0000348c                __isr_27
                0x0000348c                __isr_9
                0x0000348c                __isr_30
                0x0000348c                __isr_6
                0x0000348c                __isr_22
                0x0000348c                __isr_1
                0x0000348c                __isr_15
                0x0000348c                __isr_21
 .text.libgcc   0x00003490       0x26 /usr/bin/msp430-47/bin/../lib/gcc/msp430/4.7.0/mcpu-430x/mmpy-16/msr20/mc20/libgcc.a(_mulsi3.o)
                0x00003490                __mulsi3
 .text.libgcc   0x000034b6       0x22 /usr/bin/msp430-47/bin/../lib/gcc/msp430/4.7.0/mcpu-430x/mmpy-16/msr20/mc20/libgcc.a(_udivmod16.o)
                0x000034b6                __udivhi3
                0x000034b6                __ext_udivmod16
                0x000034d0                __umodhi3
 .text.libgcc   0x000034d8       0x3a /usr/bin/msp430-47/bin/../lib/gcc/msp430/4.7.0/mcpu-430x/mmpy-16/msr20/mc20/libgcc.a(_divmod16.o)
                0x000034d8                __ext_divmod16
                0x000034d8                __divhi3
                0x0000350a                __modhi3
 .text.libgcc   0x00003512       0x38 /usr/bin/msp430-47/bin/../lib/gcc/msp430/4.7.0/mcpu-430x/mmpy-16/msr20/mc20/libgcc.a(_udivmod32.o)
                0x00003512                __udivsi3
                0x00003512                __ext_udivmod32
                0x00003540                __umodsi3
 .text.libgcc   0x0000354a       0x4c /usr/bin/msp430-47/bin/../lib/gcc/msp430/4.7.0/mcpu-430x/mmpy-16/msr20/mc20/libgcc.a(_divmod32.o)
                0x0000354a                __ext_divmod32
                0x0000354a                __divsi3
                0x0000358c                __modsi3
 .text.printf   0x00003596       0x10 /usr/bin/msp430-47/bin/../lib/gcc/msp430/4.7.0/../../../../msp430/lib/mcpu-430x/mmpy-16/msr20/mc20/libc.a(printf.o)
                0x00003596                printf
 .text.append   0x000035a6       0x22 /usr/bin/msp430-47/bin/../lib/gcc/msp430/4.7.0/../../../../msp430/lib/mcpu-430x/mmpy-16/msr20/mc20/libc.a(sprintf.o)
 .text.call_vuprintf
                0x000035c8       0x36 /usr/bin/msp430-47/bin/../lib/gcc/msp430/4.7.0/../../../../msp430/lib/mcpu-430x/mmpy-16/msr20/mc20/libc.a(sprintf.o)
 .text.sprintf  0x000035fe       0x1a /usr/bin/msp430-47/bin/../lib/gcc/msp430/4.7.0/../../../../msp430/lib/mcpu-430x/mmpy-16/msr20/mc20/libc.a(sprintf.o)
                0x000035fe                sprintf
 .text.print_field
                0x00003618      0x176 /usr/bin/msp430-47/bin/../lib/gcc/msp430/4.7.0/../../../../msp430/lib/mcpu-430x/mmpy-16/msr20/mc20/libc.a(vuprintf.o)
 .text.vuprintf
                0x0000378e      0x74c /usr/bin/msp430-47/bin/../lib/gcc/msp430/4.7.0/../../../../msp430/lib/mcpu-430x/mmpy-16/msr20/mc20/libc.a(vuprintf.o)
                0x0000378e                vuprintf
 .text.puts     0x00003eda       0x2c /usr/bin/msp430-47/bin/../lib/gcc/msp430/4.7.0/../../../../msp430/lib/mcpu-430x/mmpy-16/msr20/mc20/libc.a(puts.o)
                0x00003eda                puts
 .text.rand     0x00003f06       0x26 /usr/bin/msp430-47/bin/../lib/gcc/msp430/4.7.0/../../../../msp430/lib/mcpu-430x/mmpy-16/msr20/mc20/libc.a(rand.o)
                0x00003f06                rand
 .text.srand    0x00003f2c        0xa /usr/bin/msp430-47/bin/../lib/gcc/msp430/4.7.0/../../../../msp430/lib/mcpu-430x/mmpy-16/msr20/mc20/libc.a(rand.o)
                0x00003f2c                srand
 .text.strcmp   0x00003f36       0x1e /usr/bin/msp430-47/bin/../lib/gcc/msp430/4.7.0/../../../../msp430/lib/mcpu-430x/mmpy-16/msr20/mc20/libc.a(strcmp.o)
                0x00003f36                strcmp
 .text.memcmp   0x00003f54       0x2c /usr/bin/msp430-47/bin/../lib/gcc/msp430/4.7.0/../../../../msp430/lib/mcpu-430x/mmpy-16/msr20/mc20/libc.a(memcmp.o)
                0x00003f54                memcmp
 .text.strcpy   0x00003f80       0x14 /usr/bin/msp430-47/bin/../lib/gcc/msp430/4.7.0/../../../../msp430/lib/mcpu-430x/mmpy-16/msr20/mc20/libc.a(strcpy.o)
                0x00003f80                strcpy
 .text.memcpy   0x00003f94       0xe8 /usr/bin/msp430-47/bin/../lib/gcc/msp430/4.7.0/../../../../msp430/lib/mcpu-430x/mmpy-16/msr20/mc20/libc.a(memcpy.o)
                0x00003f94                memcpy
 .text.memmove  0x0000407c       0xe8 /usr/bin/msp430-47/bin/../lib/gcc/msp430/4.7.0/../../../../msp430/lib/mcpu-430x/mmpy-16/msr20/mc20/libc.a(memmove.o)
                0x0000407c                memmove
 .text.memset   0x00004164       0x5c /usr/bin/msp430-47/bin/../lib/gcc/msp430/4.7.0/../../../../msp430/lib/mcpu-430x/mmpy-16/msr20/mc20/libc.a(memset.o)
                0x00004164                memset
 .text.libgcc   0x000041c0       0xbc /usr/bin/msp430-47/bin/../lib/gcc/msp430/4.7.0/mcpu-430x/mmpy-16/msr20/mc20/libgcc.a(_udivmod64.o)
                0x000041c0                __xabi_udivmod64
                0x00004212                __udivdi3
                0x0000422c                __umoddi3
                0x0000424e                __udivmoddi4
 .text.crt0     0x0000427c        0x2 /usr/bin/msp430-47/bin/../lib/gcc/msp430/4.7.0/mcpu-430x/mmpy-16/msr20/mc20/libcrt0.a(_unexpected_.o)
                0x0000427c                _unexpected_
 *(.near.text .near.text.*)
 .near.text.watchdog_interrupt
                0x0000427e        0x6 contiki-z1.a(watchdog.o)
                0x0000427e                __isr_26
                0x0000427e                watchdog_interrupt
 .near.text.uart0_rx_interrupt
                0x00004284       0x64 contiki-z1.a(uart0.o)
                0x00004284                __isr_23
                0x00004284                uart0_rx_interrupt
 .near.text.port1_isr
                0x000042e8       0xbe contiki-z1.a(adxl345.o)
                0x000042e8                port1_isr
                0x000042e8                __isr_18
 .near.text.timera1
                0x000043a6      0x10a contiki-z1.a(clock.o)
                0x000043a6                __isr_24
                0x000043a6                timera1
 .near.text.timera0
                0x000044b0       0x5c contiki-z1.a(rtimer-arch.o)
                0x000044b0                __isr_25
                0x000044b0                timera0
 .near.text.i2c_tx_interrupt
                0x0000450c       0x84 contiki-z1.a(i2cmaster.o)
                0x0000450c                __isr_16
                0x0000450c                i2c_tx_interrupt
 .near.text.i2c_rx_interrupt
                0x00004590       0x14 contiki-z1.a(i2cmaster.o)
                0x00004590                i2c_rx_interrupt
                0x00004590                __isr_17
 .near.text.irq_p2
                0x000045a4       0x76 contiki-z1.a(button-sensor.o)
                0x000045a4                irq_p2
                0x000045a4                __isr_19
 .any.text.process_thread_init_system_process
                0x0000461a       0x76 main_core.co
 .any.text.mib_ii_check_oid
                0x00004690       0x5c obj_z1/mibii.o
                0x00004690                mib_ii_check_oid
 .any.text.mib_ii_get_oid
                0x000046ec       0x64 obj_z1/mibii.o
                0x000046ec                mib_ii_get_oid
 .any.text.snmp_cb_data
                0x00004750       0xe6 obj_z1/snmp.o
                0x00004750                snmp_cb_data
 .any.text.process_thread_snmp_main
                0x00004836       0x6c obj_z1/snmp.o
 .any.text.snmp_init
                0x000048a2        0xc obj_z1/snmp.o
                0x000048a2                snmp_init
 .any.text.pow  0x000048ae       0x42 obj_z1/snmp_asn1.o
                0x000048ae                pow
 .any.text.decode_asn1_integer
                0x000048f0       0x70 obj_z1/snmp_asn1.o
                0x000048f0                decode_asn1_integer
 .any.text.error_check_snmp
                0x00004960       0x4c obj_z1/snmp_asn1.o
                0x00004960                error_check_snmp
 .any.text.snmp_decode_message
                0x000049ac      0x220 obj_z1/snmp_asn1.o
                0x000049ac                snmp_decode_message
 .any.text.snmp_encode_message
                0x00004bcc      0x2b8 obj_z1/snmp_asn1.o
                0x00004bcc                snmp_encode_message
 .any.text.init_platform
                0x00004e84        0xc contiki-z1.a(contiki-z1-plat)
                0x00004e84                init_platform
 .any.text.msp430_init_dco
                0x00004e90       0x28 contiki-z1.a(msp430.o)
                0x00004e90                msp430_init_dco
 .any.text.splhigh_
                0x00004eb8        0x8 contiki-z1.a(msp430.o)
                0x00004eb8                splhigh_
 .any.text.msp430_sync_dco
                0x00004ec0       0x6e contiki-z1.a(msp430.o)
                0x00004ec0                msp430_sync_dco
 .any.text.msp430_cpu_init
                0x00004f2e       0x2e contiki-z1.a(msp430.o)
                0x00004f2e                msp430_cpu_init
 .any.text.show_leds
                0x00004f5c       0xe8 contiki-z1.a(leds.o)
 .any.text.leds_init
                0x00005044        0xa contiki-z1.a(leds.o)
                0x00005044                leds_init
 .any.text.leds_on
                0x0000504e        0xa contiki-z1.a(leds.o)
                0x0000504e                leds_on
 .any.text.leds_off
                0x00005058        0xe contiki-z1.a(leds.o)
                0x00005058                leds_off
 .any.text.watchdog_start
                0x00005066       0x14 contiki-z1.a(watchdog.o)
                0x00005066                watchdog_start
 .any.text.watchdog_periodic
                0x0000507a       0x12 contiki-z1.a(watchdog.o)
                0x0000507a                watchdog_periodic
 .any.text.watchdog_stop
                0x0000508c       0x16 contiki-z1.a(watchdog.o)
                0x0000508c                watchdog_stop
 .any.text.watchdog_init
                0x000050a2       0x12 contiki-z1.a(watchdog.o)
                0x000050a2                watchdog_init
 .any.text.wait_ready
                0x000050b4       0x46 contiki-z1.a(xmem.o)
 .any.text.xmem_init
                0x000050fa       0x1e contiki-z1.a(xmem.o)
                0x000050fa                xmem_init
 .any.text.xmem_pread
                0x00005118       0xc2 contiki-z1.a(xmem.o)
                0x00005118                xmem_pread
 .any.text.spi_init
                0x000051da       0x32 contiki-z1.a(spi.o)
                0x000051da                spi_init
 .any.text.get_object
                0x0000520c        0x4 contiki-z1.a(cc2420.o)
 .any.text.set_object
                0x00005210        0x4 contiki-z1.a(cc2420.o)
 .any.text.strobe
                0x00005214       0x1a contiki-z1.a(cc2420.o)
 .any.text.getreg
                0x0000522e       0x46 contiki-z1.a(cc2420.o)
 .any.text.setreg
                0x00005274       0x44 contiki-z1.a(cc2420.o)
 .any.text.write_ram
                0x000052b8       0x72 contiki-z1.a(cc2420.o)
 .any.text.write_fifo_buf
                0x0000532a       0x38 contiki-z1.a(cc2420.o)
 .any.text.get_status
                0x00005362       0x1e contiki-z1.a(cc2420.o)
 .any.text.set_txpower
                0x00005380       0x24 contiki-z1.a(cc2420.o)
 .any.text.cc2420_receiving_packet
                0x000053a4        0xa contiki-z1.a(cc2420.o)
 .any.text.pending_packet
                0x000053ae        0xa contiki-z1.a(cc2420.o)
 .any.text.on   0x000053b8       0x26 contiki-z1.a(cc2420.o)
 .any.text.wait_for_transmission
                0x000053de       0x22 contiki-z1.a(cc2420.o)
 .any.text.wait_for_status
                0x00005400       0x24 contiki-z1.a(cc2420.o)
 .any.text.getrxdata
                0x00005424       0x4c contiki-z1.a(cc2420.o)
 .any.text.flushrx
                0x00005470       0x1a contiki-z1.a(cc2420.o)
 .any.text.off  0x0000548a       0x5a contiki-z1.a(cc2420.o)
 .any.text.RELEASE_LOCK
                0x000054e4       0x28 contiki-z1.a(cc2420.o)
 .any.text.set_frame_filtering
                0x0000550c       0x30 contiki-z1.a(cc2420.o)
 .any.text.set_auto_ack
                0x0000553c       0x30 contiki-z1.a(cc2420.o)
 .any.text.set_poll_mode
                0x0000556c       0x2c contiki-z1.a(cc2420.o)
 .any.text.cc2420_prepare
                0x00005598       0x38 contiki-z1.a(cc2420.o)
 .any.text.cc2420_on
                0x000055d0       0x22 contiki-z1.a(cc2420.o)
                0x000055d0                cc2420_on
 .any.text.cc2420_off
                0x000055f2       0x30 contiki-z1.a(cc2420.o)
                0x000055f2                cc2420_off
 .any.text.cc2420_cca
                0x00005622       0x54 contiki-z1.a(cc2420.o)
 .any.text.cc2420_read
                0x00005676       0xb8 contiki-z1.a(cc2420.o)
 .any.text.process_thread_cc2420_process
                0x0000572e       0x5c contiki-z1.a(cc2420.o)
 .any.text.cc2420_set_channel
                0x0000578a       0x3a contiki-z1.a(cc2420.o)
                0x0000578a                cc2420_set_channel
 .any.text.cc2420_set_pan_addr
                0x000057c4       0x4c contiki-z1.a(cc2420.o)
                0x000057c4                cc2420_set_pan_addr
 .any.text.cc2420_interrupt
                0x00005810       0x16 contiki-z1.a(cc2420.o)
                0x00005810                cc2420_interrupt
 .any.text.cc2420_set_txpower
                0x00005826        0xe contiki-z1.a(cc2420.o)
                0x00005826                cc2420_set_txpower
 .any.text.cc2420_get_txpower
                0x00005834       0x1e contiki-z1.a(cc2420.o)
                0x00005834                cc2420_get_txpower
 .any.text.cc2420_transmit
                0x00005852      0x10e contiki-z1.a(cc2420.o)
 .any.text.cc2420_send
                0x00005960       0x12 contiki-z1.a(cc2420.o)
 .any.text.cc2420_rssi
                0x00005972       0x48 contiki-z1.a(cc2420.o)
                0x00005972                cc2420_rssi
 .any.text.get_value
                0x000059ba      0x104 contiki-z1.a(cc2420.o)
 .any.text.cc2420_set_cca_threshold
                0x00005abe       0x16 contiki-z1.a(cc2420.o)
                0x00005abe                cc2420_set_cca_threshold
 .any.text.set_value
                0x00005ad4       0xb2 contiki-z1.a(cc2420.o)
 .any.text.cc2420_init
                0x00005b86       0xea contiki-z1.a(cc2420.o)
                0x00005b86                cc2420_init
 .any.text.cc2420_arch_init
                0x00005c70       0x1a contiki-z1.a(cc2420-arch.o)
                0x00005c70                cc2420_arch_init
 .any.text.node_id_restore
                0x00005c8a       0x4c contiki-z1.a(node-id.o)
                0x00005c8a                node_id_restore
 .any.text.process_thread_sensors_process
                0x00005cd6       0xc2 contiki-z1.a(sensors.o)
 .any.text.sensors_changed
                0x00005d98       0x2a contiki-z1.a(sensors.o)
                0x00005d98                sensors_changed
 .any.text.uart0_active
                0x00005dc2        0xe contiki-z1.a(uart0.o)
                0x00005dc2                uart0_active
 .any.text.uart0_writeb
                0x00005dd0       0x16 contiki-z1.a(uart0.o)
                0x00005dd0                uart0_writeb
 .any.text.uart0_init
                0x00005de6       0x40 contiki-z1.a(uart0.o)
                0x00005de6                uart0_init
 .any.text.putchar
                0x00005e26       0x10 contiki-z1.a(uart0-putchar.o)
                0x00005e26                putchar
 .any.text.status
                0x00005e36       0x12 contiki-z1.a(adxl345.o)
 .any.text.accm_write_reg
                0x00005e48       0x2e contiki-z1.a(adxl345.o)
 .any.text.accm_write_stream
                0x00005e76       0x2a contiki-z1.a(adxl345.o)
 .any.text.accm_read_reg
                0x00005ea0       0x54 contiki-z1.a(adxl345.o)
 .any.text.process_thread_accmeter_process
                0x00005ef4       0x56 contiki-z1.a(adxl345.o)
 .any.text.accm_read_axis.part.0
                0x00005f4a       0x5a contiki-z1.a(adxl345.o)
 .any.text.value
                0x00005fa4       0x1e contiki-z1.a(adxl345.o)
 .any.text.accm_init
                0x00005fc2       0x78 contiki-z1.a(adxl345.o)
                0x00005fc2                accm_init
 .any.text.accm_stop
                0x0000603a       0x32 contiki-z1.a(adxl345.o)
                0x0000603a                accm_stop
 .any.text.configure
                0x0000606c       0x26 contiki-z1.a(adxl345.o)
 .any.text.status
                0x00006092       0x12 contiki-z1.a(tmp102.o)
 .any.text.tmp102_init
                0x000060a4       0x24 contiki-z1.a(tmp102.o)
                0x000060a4                tmp102_init
 .any.text.tmp102_stop
                0x000060c8        0xa contiki-z1.a(tmp102.o)
                0x000060c8                tmp102_stop
 .any.text.configure
                0x000060d2       0x26 contiki-z1.a(tmp102.o)
 .any.text.tmp102_read_reg
                0x000060f8       0x5e contiki-z1.a(tmp102.o)
                0x000060f8                tmp102_read_reg
 .any.text.tmp102_read_temp_x100
                0x00006156       0x58 contiki-z1.a(tmp102.o)
                0x00006156                tmp102_read_temp_x100
 .any.text.value
                0x000061ae        0x6 contiki-z1.a(tmp102.o)
 .any.text.clock_time
                0x000061b4       0x1a contiki-z1.a(clock.o)
                0x000061b4                clock_time
 .any.text.clock_init
                0x000061ce       0x28 contiki-z1.a(clock.o)
                0x000061ce                clock_init
 .any.text.clock_delay
                0x000061f6        0xc contiki-z1.a(clock.o)
                0x000061f6                clock_delay
 .any.text.clock_wait
                0x00006202       0x24 contiki-z1.a(clock.o)
                0x00006202                clock_wait
 .any.text.clock_seconds
                0x00006226       0x1a contiki-z1.a(clock.o)
                0x00006226                clock_seconds
 .any.text.leds_arch_init
                0x00006240        0xe contiki-z1.a(leds-arch.o)
                0x00006240                leds_arch_init
 .any.text.leds_arch_set
                0x0000624e       0x38 contiki-z1.a(leds-arch.o)
                0x0000624e                leds_arch_set
 .any.text.rtimer_arch_init
                0x00006286        0xe contiki-z1.a(rtimer-arch.o)
                0x00006286                rtimer_arch_init
 .any.text.rtimer_arch_now
                0x00006294        0xe contiki-z1.a(rtimer-arch.o)
                0x00006294                rtimer_arch_now
 .any.text.rtimer_arch_schedule
                0x000062a2        0x6 contiki-z1.a(rtimer-arch.o)
                0x000062a2                rtimer_arch_schedule
 .any.text.autostart_start
                0x000062a8       0x16 contiki-z1.a(autostart.o)
                0x000062a8                autostart_start
 .any.text.energest_init
                0x000062be       0x24 contiki-z1.a(energest.o)
                0x000062be                energest_init
 .any.text.energest_type_time
                0x000062e2       0x3c contiki-z1.a(energest.o)
                0x000062e2                energest_type_time
 .any.text.energest_type_set
                0x0000631e        0xc contiki-z1.a(energest.o)
                0x0000631e                energest_type_set
 .any.text.energest_flush
                0x0000632a       0x38 contiki-z1.a(energest.o)
                0x0000632a                energest_flush
 .any.text.process_thread_ctimer_process
                0x00006362       0xa0 contiki-z1.a(ctimer.o)
 .any.text.ctimer_init
                0x00006402       0x18 contiki-z1.a(ctimer.o)
                0x00006402                ctimer_init
 .any.text.ctimer_set_with_process
                0x0000641a       0x4a contiki-z1.a(ctimer.o)
                0x0000641a                ctimer_set_with_process
 .any.text.ctimer_set
                0x00006464       0x10 contiki-z1.a(ctimer.o)
                0x00006464                ctimer_set
 .any.text.ctimer_reset
                0x00006474       0x2c contiki-z1.a(ctimer.o)
                0x00006474                ctimer_reset
 .any.text.ctimer_restart
                0x000064a0       0x2c contiki-z1.a(ctimer.o)
                0x000064a0                ctimer_restart
 .any.text.ctimer_stop
                0x000064cc       0x28 contiki-z1.a(ctimer.o)
                0x000064cc                ctimer_stop
 .any.text.update_time
                0x000064f4       0x70 contiki-z1.a(etimer.o)
 .any.text.etimer_request_poll
                0x00006564        0xa contiki-z1.a(etimer.o)
                0x00006564                etimer_request_poll
 .any.text.process_thread_etimer_process
                0x0000656e       0xc4 contiki-z1.a(etimer.o)
 .any.text.add_timer
                0x00006632       0x40 contiki-z1.a(etimer.o)
 .any.text.etimer_set
                0x00006672       0x12 contiki-z1.a(etimer.o)
                0x00006672                etimer_set
 .any.text.etimer_reset
                0x00006684       0x12 contiki-z1.a(etimer.o)
                0x00006684                etimer_reset
 .any.text.etimer_restart
                0x00006696       0x12 contiki-z1.a(etimer.o)
                0x00006696                etimer_restart
 .any.text.etimer_expired
                0x000066a8        0xe contiki-z1.a(etimer.o)
                0x000066a8                etimer_expired
 .any.text.etimer_expiration_time
                0x000066b6       0x14 contiki-z1.a(etimer.o)
                0x000066b6                etimer_expiration_time
 .any.text.etimer_pending
                0x000066ca        0xc contiki-z1.a(etimer.o)
                0x000066ca                etimer_pending
 .any.text.etimer_next_expiration_time
                0x000066d6       0x16 contiki-z1.a(etimer.o)
                0x000066d6                etimer_next_expiration_time
 .any.text.etimer_stop
                0x000066ec       0x3e contiki-z1.a(etimer.o)
                0x000066ec                etimer_stop
 .any.text.call_process
                0x0000672a       0x40 contiki-z1.a(process.o)
 .any.text.exit_process
                0x0000676a       0x88 contiki-z1.a(process.o)
 .any.text.do_poll
                0x000067f2       0x30 contiki-z1.a(process.o)
 .any.text.process_alloc_event
                0x00006822        0xe contiki-z1.a(process.o)
                0x00006822                process_alloc_event
 .any.text.process_init
                0x00006830       0x1c contiki-z1.a(process.o)
                0x00006830                process_init
 .any.text.process_run
                0x0000684c       0x8c contiki-z1.a(process.o)
                0x0000684c                process_run
 .any.text.process_nevents
                0x000068d8        0xe contiki-z1.a(process.o)
                0x000068d8                process_nevents
 .any.text.process_post
                0x000068e6       0x4a contiki-z1.a(process.o)
                0x000068e6                process_post
 .any.text.process_post_synch
                0x00006930       0x12 contiki-z1.a(process.o)
                0x00006930                process_post_synch
 .any.text.process_start
                0x00006942       0x36 contiki-z1.a(process.o)
                0x00006942                process_start
 .any.text.process_poll
                0x00006978       0x18 contiki-z1.a(process.o)
                0x00006978                process_poll
 .any.text.rtimer_init
                0x00006990        0x6 contiki-z1.a(rtimer.o)
                0x00006990                rtimer_init
 .any.text.rtimer_set
                0x00006996       0x24 contiki-z1.a(rtimer.o)
                0x00006996                rtimer_set
 .any.text.rtimer_run_next
                0x000069ba       0x26 contiki-z1.a(rtimer.o)
                0x000069ba                rtimer_run_next
 .any.text.timer_set
                0x000069e0       0x1c contiki-z1.a(timer.o)
                0x000069e0                timer_set
 .any.text.timer_reset
                0x000069fc        0xe contiki-z1.a(timer.o)
                0x000069fc                timer_reset
 .any.text.timer_restart
                0x00006a0a       0x14 contiki-z1.a(timer.o)
                0x00006a0a                timer_restart
 .any.text.timer_expired
                0x00006a1e       0x2a contiki-z1.a(timer.o)
                0x00006a1e                timer_expired
 .any.text.list_init
                0x00006a48        0x6 contiki-z1.a(list.o)
                0x00006a48                list_init
 .any.text.list_head
                0x00006a4e        0x4 contiki-z1.a(list.o)
                0x00006a4e                list_head
 .any.text.list_tail
                0x00006a52       0x12 contiki-z1.a(list.o)
                0x00006a52                list_tail
 .any.text.list_remove
                0x00006a64       0x34 contiki-z1.a(list.o)
                0x00006a64                list_remove
 .any.text.list_push
                0x00006a98       0x16 contiki-z1.a(list.o)
                0x00006a98                list_push
 .any.text.list_add
                0x00006aae       0x26 contiki-z1.a(list.o)
                0x00006aae                list_add
 .any.text.list_length
                0x00006ad4       0x10 contiki-z1.a(list.o)
                0x00006ad4                list_length
 .any.text.list_item_next
                0x00006ae4        0xc contiki-z1.a(list.o)
                0x00006ae4                list_item_next
 .any.text.memb_init
                0x00006af0       0x36 contiki-z1.a(memb.o)
                0x00006af0                memb_init
 .any.text.memb_alloc
                0x00006b26       0x3e contiki-z1.a(memb.o)
                0x00006b26                memb_alloc
 .any.text.memb_free
                0x00006b64       0x3a contiki-z1.a(memb.o)
                0x00006b64                memb_free
 .any.text.memb_inmemb
                0x00006b9e       0x2a contiki-z1.a(memb.o)
                0x00006b9e                memb_inmemb
 .any.text.memb_numfree
                0x00006bc8       0x26 contiki-z1.a(memb.o)
                0x00006bc8                memb_numfree
 .any.text.random_init
                0x00006bee        0x6 contiki-z1.a(random.o)
                0x00006bee                random_init
 .any.text.random_rand
                0x00006bf4        0x6 contiki-z1.a(random.o)
                0x00006bf4                random_rand
 .any.text.uip_ds6_list_loop
                0x00006bfa       0x66 contiki-z1.a(uip-ds6.o)
                0x00006bfa                uip_ds6_list_loop
 .any.text.uip_ds6_prefix_add
                0x00006c60       0x70 contiki-z1.a(uip-ds6.o)
                0x00006c60                uip_ds6_prefix_add
 .any.text.uip_ds6_is_addr_onlink
                0x00006cd0       0x42 contiki-z1.a(uip-ds6.o)
                0x00006cd0                uip_ds6_is_addr_onlink
 .any.text.uip_ds6_addr_lookup
                0x00006d12       0x2a contiki-z1.a(uip-ds6.o)
                0x00006d12                uip_ds6_addr_lookup
 .any.text.uip_ds6_get_link_local
                0x00006d3c       0x3e contiki-z1.a(uip-ds6.o)
                0x00006d3c                uip_ds6_get_link_local
 .any.text.uip_ds6_maddr_add
                0x00006d7a       0x48 contiki-z1.a(uip-ds6.o)
                0x00006d7a                uip_ds6_maddr_add
 .any.text.uip_ds6_addr_add
                0x00006dc2       0xb4 contiki-z1.a(uip-ds6.o)
                0x00006dc2                uip_ds6_addr_add
 .any.text.uip_ds6_maddr_rm
                0x00006e76        0xa contiki-z1.a(uip-ds6.o)
                0x00006e76                uip_ds6_maddr_rm
 .any.text.uip_ds6_maddr_lookup
                0x00006e80       0x2a contiki-z1.a(uip-ds6.o)
                0x00006e80                uip_ds6_maddr_lookup
 .any.text.uip_ds6_addr_rm
                0x00006eaa       0x54 contiki-z1.a(uip-ds6.o)
                0x00006eaa                uip_ds6_addr_rm
 .any.text.uip_ds6_periodic
                0x00006efe       0x46 contiki-z1.a(uip-ds6.o)
                0x00006efe                uip_ds6_periodic
 .any.text.uip_ds6_set_addr_iid
                0x00006f44       0x14 contiki-z1.a(uip-ds6.o)
                0x00006f44                uip_ds6_set_addr_iid
 .any.text.get_match_length
                0x00006f58       0x3c contiki-z1.a(uip-ds6.o)
                0x00006f58                get_match_length
 .any.text.uip_ds6_select_src
                0x00006f94       0x9a contiki-z1.a(uip-ds6.o)
                0x00006f94                uip_ds6_select_src
 .any.text.uip_ds6_compute_reachable_time
                0x0000702e       0x36 contiki-z1.a(uip-ds6.o)
                0x0000702e                uip_ds6_compute_reachable_time
 .any.text.uip_ds6_init
                0x00007064      0x138 contiki-z1.a(uip-ds6.o)
                0x00007064                uip_ds6_init
 .any.text.call_route_callback
                0x0000719c       0x40 contiki-z1.a(uip-ds6-route.o)
 .any.text.uip_ds6_route_init
                0x000071dc       0x36 contiki-z1.a(uip-ds6-route.o)
                0x000071dc                uip_ds6_route_init
 .any.text.uip_ds6_route_nexthop
                0x00007212       0x1a contiki-z1.a(uip-ds6-route.o)
                0x00007212                uip_ds6_route_nexthop
 .any.text.uip_ds6_route_head
                0x0000722c        0xa contiki-z1.a(uip-ds6-route.o)
                0x0000722c                uip_ds6_route_head
 .any.text.uip_ds6_route_next
                0x00007236        0xe contiki-z1.a(uip-ds6-route.o)
                0x00007236                uip_ds6_route_next
 .any.text.uip_ds6_route_is_nexthop
                0x00007244       0x22 contiki-z1.a(uip-ds6-route.o)
                0x00007244                uip_ds6_route_is_nexthop
 .any.text.uip_ds6_route_lookup
                0x00007266       0x6e contiki-z1.a(uip-ds6-route.o)
                0x00007266                uip_ds6_route_lookup
 .any.text.uip_ds6_route_rm
                0x000072d4       0xa2 contiki-z1.a(uip-ds6-route.o)
                0x000072d4                uip_ds6_route_rm
 .any.text.rm_routelist
                0x00007376       0x34 contiki-z1.a(uip-ds6-route.o)
 .any.text.rm_routelist_callback
                0x000073aa        0x6 contiki-z1.a(uip-ds6-route.o)
 .any.text.uip_ds6_route_add
                0x000073b0       0xfc contiki-z1.a(uip-ds6-route.o)
                0x000073b0                uip_ds6_route_add
 .any.text.uip_ds6_defrt_rm
                0x000074ac       0x44 contiki-z1.a(uip-ds6-route.o)
                0x000074ac                uip_ds6_defrt_rm
 .any.text.uip_ds6_defrt_lookup
                0x000074f0       0x32 contiki-z1.a(uip-ds6-route.o)
                0x000074f0                uip_ds6_defrt_lookup
 .any.text.uip_ds6_defrt_add
                0x00007522       0x68 contiki-z1.a(uip-ds6-route.o)
                0x00007522                uip_ds6_defrt_add
 .any.text.uip_ds6_defrt_choose
                0x0000758a       0x36 contiki-z1.a(uip-ds6-route.o)
                0x0000758a                uip_ds6_defrt_choose
 .any.text.uip_ds6_defrt_periodic
                0x000075c0       0x38 contiki-z1.a(uip-ds6-route.o)
                0x000075c0                uip_ds6_defrt_periodic
 .any.text.chksum
                0x000075f8       0x32 contiki-z1.a(uip6.o)
 .any.text.upper_layer_chksum
                0x0000762a       0x56 contiki-z1.a(uip6.o)
 .any.text.ext_hdr_options_process
                0x00007680       0xc2 contiki-z1.a(uip6.o)
 .any.text.uip_icmp6chksum
                0x00007742        0xa contiki-z1.a(uip6.o)
                0x00007742                uip_icmp6chksum
 .any.text.uip_udpchksum
                0x0000774c        0xa contiki-z1.a(uip6.o)
                0x0000774c                uip_udpchksum
 .any.text.uip_init
                0x00007756       0x26 contiki-z1.a(uip6.o)
                0x00007756                uip_init
 .any.text.remove_ext_hdr
                0x0000777c       0x50 contiki-z1.a(uip6.o)
                0x0000777c                remove_ext_hdr
 .any.text.uip_udp_new
                0x000077cc       0xa2 contiki-z1.a(uip6.o)
                0x000077cc                uip_udp_new
 .any.text.uip_process
                0x0000786e      0x48c contiki-z1.a(uip6.o)
                0x0000786e                uip_process
 .any.text.uip_htonl
                0x00007cfa       0x2a contiki-z1.a(uip6.o)
                0x00007cfa                uip_htonl
 .any.text.uip_ds6_nbr_rm
                0x00007d24       0x1e contiki-z1.a(uip-ds6-nbr.o)
                0x00007d24                uip_ds6_nbr_rm
 .any.text.uip_ds6_neighbors_init
                0x00007d42       0x12 contiki-z1.a(uip-ds6-nbr.o)
                0x00007d42                uip_ds6_neighbors_init
 .any.text.uip_ds6_nbr_add
                0x00007d54       0x36 contiki-z1.a(uip-ds6-nbr.o)
                0x00007d54                uip_ds6_nbr_add
 .any.text.uip_ds6_nbr_get_ll
                0x00007d8a        0xc contiki-z1.a(uip-ds6-nbr.o)
                0x00007d8a                uip_ds6_nbr_get_ll
 .any.text.uip_ds6_nbr_lookup
                0x00007d96       0x3e contiki-z1.a(uip-ds6-nbr.o)
                0x00007d96                uip_ds6_nbr_lookup
 .any.text.uip_ds6_nbr_ll_lookup
                0x00007dd4        0xc contiki-z1.a(uip-ds6-nbr.o)
                0x00007dd4                uip_ds6_nbr_ll_lookup
 .any.text.uip_ds6_nbr_ipaddr_from_lladdr
                0x00007de0        0x6 contiki-z1.a(uip-ds6-nbr.o)
                0x00007de0                uip_ds6_nbr_ipaddr_from_lladdr
 .any.text.uip_ds6_nbr_lladdr_from_ipaddr
                0x00007de6       0x12 contiki-z1.a(uip-ds6-nbr.o)
                0x00007de6                uip_ds6_nbr_lladdr_from_ipaddr
 .any.text.uip_ds6_link_neighbor_callback
                0x00007df8       0x32 contiki-z1.a(uip-ds6-nbr.o)
                0x00007df8                uip_ds6_link_neighbor_callback
 .any.text.uip_nd6_init
                0x00007e2a        0x2 contiki-z1.a(uip-nd6.o)
                0x00007e2a                uip_nd6_init
 .any.text.clear_fragments
                0x00007e2c       0x38 contiki-z1.a(sicslowpan.o)
 .any.text.set_packet_attrs
                0x00007e64       0x46 contiki-z1.a(sicslowpan.o)
 .any.text.addr_context_lookup_by_number
                0x00007eaa       0x30 contiki-z1.a(sicslowpan.o)
 .any.text.compress_addr_64
                0x00007eda       0x9a contiki-z1.a(sicslowpan.o)
 .any.text.store_fragment
                0x00007f74       0x6e contiki-z1.a(sicslowpan.o)
 .any.text.uncompress_addr
                0x00007fe2       0x96 contiki-z1.a(sicslowpan.o)
 .any.text.sicslowpan_init
                0x00008078       0x24 contiki-z1.a(sicslowpan.o)
                0x00008078                sicslowpan_init
 .any.text.addr_context_lookup_by_prefix
                0x0000809c       0x4a contiki-z1.a(sicslowpan.o)
 .any.text.packet_sent
                0x000080e6       0x22 contiki-z1.a(sicslowpan.o)
 .any.text.add_fragment
                0x00008108      0x160 contiki-z1.a(sicslowpan.o)
 .any.text.input
                0x00008268      0x60e contiki-z1.a(sicslowpan.o)
 .any.text.send_packet
                0x00008876       0x1a contiki-z1.a(sicslowpan.o)
 .any.text.output
                0x00008890      0x67c contiki-z1.a(sicslowpan.o)
 .any.text.uip_debug_ipaddr_print
                0x00008f0c       0xbc contiki-z1.a(uip-debug.o)
                0x00008f0c                uip_debug_ipaddr_print
 .any.text.uip_udp_packet_send
                0x00008fc8       0x2a contiki-z1.a(uip-udp-packet.)
                0x00008fc8                uip_udp_packet_send
 .any.text.tcpip_output
                0x00008ff2       0x10 contiki-z1.a(tcpip.o)
                0x00008ff2                tcpip_output
 .any.text.tcpip_set_outputfunc
                0x00009002        0x6 contiki-z1.a(tcpip.o)
                0x00009002                tcpip_set_outputfunc
 .any.text.udp_new
                0x00009008       0x1a contiki-z1.a(tcpip.o)
                0x00009008                udp_new
 .any.text.tcpip_input
                0x00009022       0x16 contiki-z1.a(tcpip.o)
                0x00009022                tcpip_input
 .any.text.tcpip_ipv6_output
                0x00009038       0xcc contiki-z1.a(tcpip.o)
                0x00009038                tcpip_ipv6_output
 .any.text.process_thread_tcpip_process
                0x00009104       0xd0 contiki-z1.a(tcpip.o)
 .any.text.tcpip_uipcall
                0x000091d4       0x2a contiki-z1.a(tcpip.o)
                0x000091d4                tcpip_uipcall
 .any.text.update_hbh_header
                0x000091fe       0xcc contiki-z1.a(rpl-ext-header.)
 .any.text.insert_hbh_header
                0x000092ca       0x94 contiki-z1.a(rpl-ext-header.)
 .any.text.rpl_verify_hbh_header
                0x0000935e       0xf4 contiki-z1.a(rpl-ext-header.)
                0x0000935e                rpl_verify_hbh_header
 .any.text.rpl_remove_header
                0x00009452       0x76 contiki-z1.a(rpl-ext-header.)
                0x00009452                rpl_remove_header
 .any.text.rpl_update_header
                0x000094c8       0x54 contiki-z1.a(rpl-ext-header.)
                0x000094c8                rpl_update_header
 .any.text.rpl_get_mode
                0x0000951c        0x6 contiki-z1.a(rpl.o)
                0x0000951c                rpl_get_mode
 .any.text.rpl_purge_routes
                0x00009522       0x96 contiki-z1.a(rpl.o)
                0x00009522                rpl_purge_routes
 .any.text.rpl_remove_routes
                0x000095b8       0x22 contiki-z1.a(rpl.o)
                0x000095b8                rpl_remove_routes
 .any.text.rpl_remove_routes_by_nexthop
                0x000095da       0x3e contiki-z1.a(rpl.o)
                0x000095da                rpl_remove_routes_by_nexthop
 .any.text.rpl_add_route
                0x00009618       0x48 contiki-z1.a(rpl.o)
                0x00009618                rpl_add_route
 .any.text.rpl_link_neighbor_callback
                0x00009660       0x4c contiki-z1.a(rpl.o)
                0x00009660                rpl_link_neighbor_callback
 .any.text.rpl_ipv6_neighbor_callback
                0x000096ac       0x1e contiki-z1.a(rpl.o)
                0x000096ac                rpl_ipv6_neighbor_callback
 .any.text.rpl_purge_dags
                0x000096ca       0x3e contiki-z1.a(rpl.o)
                0x000096ca                rpl_purge_dags
 .any.text.rpl_init
                0x00009708       0x44 contiki-z1.a(rpl.o)
                0x00009708                rpl_init
 .any.text.get32
                0x0000974c       0x3e contiki-z1.a(rpl-icmp6.o)
 .any.text.set32
                0x0000978a       0x2a contiki-z1.a(rpl-icmp6.o)
 .any.text.get16
                0x000097b4        0xe contiki-z1.a(rpl-icmp6.o)
 .any.text.set16
                0x000097c2       0x10 contiki-z1.a(rpl-icmp6.o)
 .any.text.dao_ack_input
                0x000097d2        0xa contiki-z1.a(rpl-icmp6.o)
 .any.text.dio_input
                0x000097dc      0x280 contiki-z1.a(rpl-icmp6.o)
 .any.text.rpl_icmp6_update_nbr_table
                0x00009a5c       0x28 contiki-z1.a(rpl-icmp6.o)
                0x00009a5c                rpl_icmp6_update_nbr_table
 .any.text.dao_input
                0x00009a84      0x2a4 contiki-z1.a(rpl-icmp6.o)
 .any.text.dis_output
                0x00009d28       0x50 contiki-z1.a(rpl-icmp6.o)
                0x00009d28                dis_output
 .any.text.dio_output
                0x00009d78      0x24c contiki-z1.a(rpl-icmp6.o)
                0x00009d78                dio_output
 .any.text.dis_input
                0x00009fc4       0x3e contiki-z1.a(rpl-icmp6.o)
 .any.text.dao_output_target
                0x0000a002       0xe6 contiki-z1.a(rpl-icmp6.o)
                0x0000a002                dao_output_target
 .any.text.dao_output
                0x0000a0e8       0x9e contiki-z1.a(rpl-icmp6.o)
                0x0000a0e8                dao_output
 .any.text.rpl_icmp6_register_handlers
                0x0000a186       0x22 contiki-z1.a(rpl-icmp6.o)
                0x0000a186                rpl_icmp6_register_handlers
 .any.text.lollipop_greater_than
                0x0000a1a8       0x3c contiki-z1.a(rpl-dag.o)
 .any.text.find_parent_any_dag_any_instance
                0x0000a1e4       0x14 contiki-z1.a(rpl-dag.o)
 .any.text.set_ip_from_prefix
                0x0000a1f8       0x30 contiki-z1.a(rpl-dag.o)
 .any.text.check_prefix
                0x0000a228       0x70 contiki-z1.a(rpl-dag.o)
 .any.text.rpl_set_preferred_parent
                0x0000a298       0x2c contiki-z1.a(rpl-dag.o)
 .any.text.rpl_dag_init
                0x0000a2c4        0xe contiki-z1.a(rpl-dag.o)
                0x0000a2c4                rpl_dag_init
 .any.text.rpl_get_parent
                0x0000a2d2        0xc contiki-z1.a(rpl-dag.o)
                0x0000a2d2                rpl_get_parent
 .any.text.rpl_rank_via_parent
                0x0000a2de       0x2a contiki-z1.a(rpl-dag.o)
                0x0000a2de                rpl_rank_via_parent
 .any.text.rpl_get_parent_lladdr
                0x0000a308        0xc contiki-z1.a(rpl-dag.o)
                0x0000a308                rpl_get_parent_lladdr
 .any.text.rpl_get_parent_ipaddr
                0x0000a314        0xa contiki-z1.a(rpl-dag.o)
                0x0000a314                rpl_get_parent_ipaddr
 .any.text.rpl_get_parent_link_stats
                0x0000a31e        0xa contiki-z1.a(rpl-dag.o)
                0x0000a31e                rpl_get_parent_link_stats
 .any.text.rpl_parent_is_fresh
                0x0000a328        0xa contiki-z1.a(rpl-dag.o)
                0x0000a328                rpl_parent_is_fresh
 .any.text.best_parent
                0x0000a332       0x66 contiki-z1.a(rpl-dag.o)
 .any.text.rpl_parent_is_reachable
                0x0000a398       0x4a contiki-z1.a(rpl-dag.o)
                0x0000a398                rpl_parent_is_reachable
 .any.text.rpl_set_prefix
                0x0000a3e2       0x74 contiki-z1.a(rpl-dag.o)
                0x0000a3e2                rpl_set_prefix
 .any.text.rpl_set_default_route
                0x0000a456       0x46 contiki-z1.a(rpl-dag.o)
                0x0000a456                rpl_set_default_route
 .any.text.rpl_alloc_instance
                0x0000a49c       0x34 contiki-z1.a(rpl-dag.o)
                0x0000a49c                rpl_alloc_instance
 .any.text.rpl_add_parent
                0x0000a4d0       0x3a contiki-z1.a(rpl-dag.o)
                0x0000a4d0                rpl_add_parent
 .any.text.rpl_find_parent
                0x0000a50a       0x1a contiki-z1.a(rpl-dag.o)
                0x0000a50a                rpl_find_parent
 .any.text.rpl_find_parent_any_dag
                0x0000a524       0x22 contiki-z1.a(rpl-dag.o)
                0x0000a524                rpl_find_parent_any_dag
 .any.text.rpl_select_parent
                0x0000a546       0x62 contiki-z1.a(rpl-dag.o)
                0x0000a546                rpl_select_parent
 .any.text.rpl_select_dag
                0x0000a5a8      0x192 contiki-z1.a(rpl-dag.o)
                0x0000a5a8                rpl_select_dag
 .any.text.rpl_nullify_parent
                0x0000a73a       0x5c contiki-z1.a(rpl-dag.o)
                0x0000a73a                rpl_nullify_parent
 .any.text.rpl_remove_parent
                0x0000a796       0x16 contiki-z1.a(rpl-dag.o)
                0x0000a796                rpl_remove_parent
 .any.text.nbr_callback
                0x0000a7ac        0x6 contiki-z1.a(rpl-dag.o)
 .any.text.remove_parents.constprop.5
                0x0000a7b2       0x2c contiki-z1.a(rpl-dag.o)
 .any.text.rpl_free_dag
                0x0000a7de       0x42 contiki-z1.a(rpl-dag.o)
                0x0000a7de                rpl_free_dag
 .any.text.rpl_move_parent
                0x0000a820       0x60 contiki-z1.a(rpl-dag.o)
                0x0000a820                rpl_move_parent
 .any.text.rpl_get_any_dag
                0x0000a880       0x16 contiki-z1.a(rpl-dag.o)
                0x0000a880                rpl_get_any_dag
 .any.text.rpl_get_instance
                0x0000a896       0x16 contiki-z1.a(rpl-dag.o)
                0x0000a896                rpl_get_instance
 .any.text.rpl_alloc_dag
                0x0000a8ac       0x60 contiki-z1.a(rpl-dag.o)
                0x0000a8ac                rpl_alloc_dag
 .any.text.rpl_repair_root
                0x0000a90c       0x4c contiki-z1.a(rpl-dag.o)
                0x0000a90c                rpl_repair_root
 .any.text.rpl_find_of
                0x0000a958       0x10 contiki-z1.a(rpl-dag.o)
                0x0000a958                rpl_find_of
 .any.text.rpl_join_instance
                0x0000a968      0x142 contiki-z1.a(rpl-dag.o)
                0x0000a968                rpl_join_instance
 .any.text.rpl_local_repair
                0x0000aaaa       0x64 contiki-z1.a(rpl-dag.o)
                0x0000aaaa                rpl_local_repair
 .any.text.rpl_process_parent_event
                0x0000ab0e       0xa8 contiki-z1.a(rpl-dag.o)
                0x0000ab0e                rpl_process_parent_event
 .any.text.rpl_recalculate_ranks
                0x0000abb6       0x44 contiki-z1.a(rpl-dag.o)
                0x0000abb6                rpl_recalculate_ranks
 .any.text.rpl_process_dio
                0x0000abfa      0x2e8 contiki-z1.a(rpl-dag.o)
                0x0000abfa                rpl_process_dio
 .any.text.queuebuf_init
                0x0000aee2       0x12 contiki-z1.a(queuebuf.o)
                0x0000aee2                queuebuf_init
 .any.text.queuebuf_numfree
                0x0000aef4        0xa contiki-z1.a(queuebuf.o)
                0x0000aef4                queuebuf_numfree
 .any.text.queuebuf_new_from_packetbuf
                0x0000aefe       0x4e contiki-z1.a(queuebuf.o)
                0x0000aefe                queuebuf_new_from_packetbuf
 .any.text.queuebuf_update_from_packetbuf
                0x0000af4c       0x22 contiki-z1.a(queuebuf.o)
                0x0000af4c                queuebuf_update_from_packetbuf
 .any.text.queuebuf_free
                0x0000af6e       0x2a contiki-z1.a(queuebuf.o)
                0x0000af6e                queuebuf_free
 .any.text.queuebuf_to_packetbuf
                0x0000af98       0x32 contiki-z1.a(queuebuf.o)
                0x0000af98                queuebuf_to_packetbuf
 .any.text.key_from_index
                0x0000afca       0x18 contiki-z1.a(nbr-table.o)
 .any.text.item_from_index
                0x0000afe2       0x2a contiki-z1.a(nbr-table.o)
 .any.text.index_from_key
                0x0000b00c       0x26 contiki-z1.a(nbr-table.o)
 .any.text.index_from_item
                0x0000b032       0x1e contiki-z1.a(nbr-table.o)
 .any.text.nbr_set_bit
                0x0000b050       0x50 contiki-z1.a(nbr-table.o)
 .any.text.index_from_lladdr
                0x0000b0a0       0x3e contiki-z1.a(nbr-table.o)
 .any.text.nbr_get_bit.constprop.0
                0x0000b0de       0x2c contiki-z1.a(nbr-table.o)
 .any.text.remove_key
                0x0000b10a       0x56 contiki-z1.a(nbr-table.o)
 .any.text.nbr_table_register
                0x0000b160       0x26 contiki-z1.a(nbr-table.o)
                0x0000b160                nbr_table_register
 .any.text.nbr_table_next
                0x0000b186       0x3a contiki-z1.a(nbr-table.o)
                0x0000b186                nbr_table_next
 .any.text.nbr_table_head
                0x0000b1c0       0x36 contiki-z1.a(nbr-table.o)
                0x0000b1c0                nbr_table_head
 .any.text.nbr_table_add_lladdr
                0x0000b1f6       0xfc contiki-z1.a(nbr-table.o)
                0x0000b1f6                nbr_table_add_lladdr
 .any.text.nbr_table_get_from_lladdr
                0x0000b2f2       0x28 contiki-z1.a(nbr-table.o)
                0x0000b2f2                nbr_table_get_from_lladdr
 .any.text.nbr_table_remove
                0x0000b31a       0x2a contiki-z1.a(nbr-table.o)
                0x0000b31a                nbr_table_remove
 .any.text.nbr_table_lock
                0x0000b344       0x10 contiki-z1.a(nbr-table.o)
                0x0000b344                nbr_table_lock
 .any.text.nbr_table_unlock
                0x0000b354       0x10 contiki-z1.a(nbr-table.o)
                0x0000b354                nbr_table_unlock
 .any.text.nbr_table_get_lladdr
                0x0000b364       0x14 contiki-z1.a(nbr-table.o)
                0x0000b364                nbr_table_get_lladdr
 .any.text.packetbuf_hdrreduce
                0x0000b378       0x1a contiki-z1.a(packetbuf.o)
                0x0000b378                packetbuf_hdrreduce
 .any.text.packetbuf_set_datalen
                0x0000b392        0x6 contiki-z1.a(packetbuf.o)
                0x0000b392                packetbuf_set_datalen
 .any.text.packetbuf_hdrptr
                0x0000b398        0x6 contiki-z1.a(packetbuf.o)
                0x0000b398                packetbuf_hdrptr
 .any.text.packetbuf_datalen
                0x0000b39e        0x6 contiki-z1.a(packetbuf.o)
                0x0000b39e                packetbuf_datalen
 .any.text.packetbuf_hdrlen
                0x0000b3a4        0xa contiki-z1.a(packetbuf.o)
                0x0000b3a4                packetbuf_hdrlen
 .any.text.packetbuf_dataptr
                0x0000b3ae        0xc contiki-z1.a(packetbuf.o)
                0x0000b3ae                packetbuf_dataptr
 .any.text.packetbuf_copyto
                0x0000b3ba       0x3a contiki-z1.a(packetbuf.o)
                0x0000b3ba                packetbuf_copyto
 .any.text.packetbuf_totlen
                0x0000b3f4        0xc contiki-z1.a(packetbuf.o)
                0x0000b3f4                packetbuf_totlen
 .any.text.packetbuf_hdralloc
                0x0000b400       0x3c contiki-z1.a(packetbuf.o)
                0x0000b400                packetbuf_hdralloc
 .any.text.packetbuf_attr_clear
                0x0000b43c       0x28 contiki-z1.a(packetbuf.o)
                0x0000b43c                packetbuf_attr_clear
 .any.text.packetbuf_clear
                0x0000b464       0x12 contiki-z1.a(packetbuf.o)
                0x0000b464                packetbuf_clear
 .any.text.packetbuf_copyfrom
                0x0000b476       0x2a contiki-z1.a(packetbuf.o)
                0x0000b476                packetbuf_copyfrom
 .any.text.packetbuf_attr_copyto
                0x0000b4a0       0x22 contiki-z1.a(packetbuf.o)
                0x0000b4a0                packetbuf_attr_copyto
 .any.text.packetbuf_attr_copyfrom
                0x0000b4c2       0x24 contiki-z1.a(packetbuf.o)
                0x0000b4c2                packetbuf_attr_copyfrom
 .any.text.packetbuf_holds_broadcast
                0x0000b4e6        0xe contiki-z1.a(packetbuf.o)
                0x0000b4e6                packetbuf_holds_broadcast
 .any.text.linkaddr_copy
                0x0000b4f4        0x8 contiki-z1.a(linkaddr.o)
                0x0000b4f4                linkaddr_copy
 .any.text.linkaddr_cmp
                0x0000b4fc       0x12 contiki-z1.a(linkaddr.o)
                0x0000b4fc                linkaddr_cmp
 .any.text.linkaddr_set_node_addr
                0x0000b50e        0xc contiki-z1.a(linkaddr.o)
                0x0000b50e                linkaddr_set_node_addr
 .any.text.periodic
                0x0000b51a       0x2c contiki-z1.a(link-stats.o)
 .any.text.link_stats_from_lladdr
                0x0000b546        0xc contiki-z1.a(link-stats.o)
                0x0000b546                link_stats_from_lladdr
 .any.text.link_stats_is_fresh
                0x0000b552       0x32 contiki-z1.a(link-stats.o)
                0x0000b552                link_stats_is_fresh
 .any.text.link_stats_packet_sent
                0x0000b584       0xc4 contiki-z1.a(link-stats.o)
                0x0000b584                link_stats_packet_sent
 .any.text.link_stats_input_callback
                0x0000b648       0xa8 contiki-z1.a(link-stats.o)
                0x0000b648                link_stats_input_callback
 .any.text.link_stats_init
                0x0000b6f0       0x22 contiki-z1.a(link-stats.o)
                0x0000b6f0                link_stats_init
 .any.text.send_packet
                0x0000b712        0x6 contiki-z1.a(nullmac.o)
 .any.text.packet_input
                0x0000b718        0x6 contiki-z1.a(nullmac.o)
 .any.text.on   0x0000b71e        0x6 contiki-z1.a(nullmac.o)
 .any.text.off  0x0000b724        0x6 contiki-z1.a(nullmac.o)
 .any.text.channel_check_interval
                0x0000b72a        0x4 contiki-z1.a(nullmac.o)
 .any.text.init
                0x0000b72e        0x2 contiki-z1.a(nullmac.o)
 .any.text.create_frame.isra.0
                0x0000b730      0x114 contiki-z1.a(framer-802154.o)
 .any.text.create
                0x0000b844        0x8 contiki-z1.a(framer-802154.o)
 .any.text.hdr_length
                0x0000b84c        0x8 contiki-z1.a(framer-802154.o)
 .any.text.parse
                0x0000b854       0x9a contiki-z1.a(framer-802154.o)
 .any.text.duty_cycle
                0x0000b8ee        0x6 contiki-z1.a(contikimac.o)
 .any.text.init
                0x0000b8f4       0x2a contiki-z1.a(contikimac.o)
 .any.text.on   0x0000b91e       0x1a contiki-z1.a(contikimac.o)
 .any.text.off  0x0000b938       0x22 contiki-z1.a(contikimac.o)
 .any.text.recv_burst_off
                0x0000b95a        0xa contiki-z1.a(contikimac.o)
 .any.text.powercycle_turn_radio_off
                0x0000b964       0x14 contiki-z1.a(contikimac.o)
 .any.text.turn_off
                0x0000b978       0x20 contiki-z1.a(contikimac.o)
 .any.text.turn_on
                0x0000b998       0x30 contiki-z1.a(contikimac.o)
 .any.text.schedule_powercycle_fixed.part.5
                0x0000b9c8       0x32 contiki-z1.a(contikimac.o)
 .any.text.input_packet
                0x0000b9fa       0x94 contiki-z1.a(contikimac.o)
 .any.text.send_packet.isra.8
                0x0000ba8e      0x1d8 contiki-z1.a(contikimac.o)
 .any.text.qsend_list
                0x0000bc66       0xb2 contiki-z1.a(contikimac.o)
 .any.text.qsend_packet
                0x0000bd18       0x28 contiki-z1.a(contikimac.o)
 .any.text.powercycle_wrapper
                0x0000bd40      0x1c2 contiki-z1.a(contikimac.o)
 .any.text.init
                0x0000bf02        0x2 contiki-z1.a(nullsec.o)
 .any.text.send
                0x0000bf04        0xa contiki-z1.a(nullsec.o)
 .any.text.input
                0x0000bf0e        0x6 contiki-z1.a(nullsec.o)
 .any.text.i2c_receiveinit
                0x0000bf14       0x36 contiki-z1.a(i2cmaster.o)
                0x0000bf14                i2c_receiveinit
 .any.text.i2c_transmitinit
                0x0000bf4a       0x30 contiki-z1.a(i2cmaster.o)
                0x0000bf4a                i2c_transmitinit
 .any.text.i2c_receive_n
                0x0000bf7a       0x3e contiki-z1.a(i2cmaster.o)
                0x0000bf7a                i2c_receive_n
 .any.text.i2c_busy
                0x0000bfb8        0xa contiki-z1.a(i2cmaster.o)
                0x0000bfb8                i2c_busy
 .any.text.i2c_enable
                0x0000bfc2       0x22 contiki-z1.a(i2cmaster.o)
                0x0000bfc2                i2c_enable
 .any.text.i2c_transmit_n
                0x0000bfe4       0x14 contiki-z1.a(i2cmaster.o)
                0x0000bfe4                i2c_transmit_n
 .any.text.status
                0x0000bff8       0x18 contiki-z1.a(button-sensor.o)
 .any.text.value
                0x0000c010       0x20 contiki-z1.a(button-sensor.o)
 .any.text.configure
                0x0000c030       0x4e contiki-z1.a(button-sensor.o)
 .any.text.stimer_set
                0x0000c07e       0x1c contiki-z1.a(stimer.o)
                0x0000c07e                stimer_set
 .any.text.stimer_expired
                0x0000c09a       0x30 contiki-z1.a(stimer.o)
                0x0000c09a                stimer_expired
 .any.text.echo_reply_input
                0x0000c0ca       0xaa contiki-z1.a(uip-icmp6.o)
 .any.text.echo_request_input
                0x0000c174       0xca contiki-z1.a(uip-icmp6.o)
 .any.text.uip_icmp6_input
                0x0000c23e       0x44 contiki-z1.a(uip-icmp6.o)
                0x0000c23e                uip_icmp6_input
 .any.text.uip_icmp6_register_input_handler
                0x0000c282        0xc contiki-z1.a(uip-icmp6.o)
                0x0000c282                uip_icmp6_register_input_handler
 .any.text.uip_icmp6_error_output
                0x0000c28e      0x16e contiki-z1.a(uip-icmp6.o)
                0x0000c28e                uip_icmp6_error_output
 .any.text.uip_icmp6_send
                0x0000c3fc       0x84 contiki-z1.a(uip-icmp6.o)
                0x0000c3fc                uip_icmp6_send
 .any.text.uip_icmp6_init
                0x0000c480       0x12 contiki-z1.a(uip-icmp6.o)
                0x0000c480                uip_icmp6_init
 .any.text.update_nbr
                0x0000c492       0xda contiki-z1.a(rpl-nbr-policy.)
 .any.text.handle_periodic_timer
                0x0000c56c        0xe contiki-z1.a(rpl-nbr-policy.)
 .any.text.find_removable_dis
                0x0000c57a       0x16 contiki-z1.a(rpl-nbr-policy.)
                0x0000c57a                find_removable_dis
 .any.text.find_removable_dio
                0x0000c590       0x3c contiki-z1.a(rpl-nbr-policy.)
                0x0000c590                find_removable_dio
 .any.text.find_removable_dao
                0x0000c5cc       0x34 contiki-z1.a(rpl-nbr-policy.)
                0x0000c5cc                find_removable_dao
 .any.text.rpl_nbr_policy_find_removable
                0x0000c600       0x30 contiki-z1.a(rpl-nbr-policy.)
                0x0000c600                rpl_nbr_policy_find_removable
 .any.text.handle_unicast_dio_timer
                0x0000c630       0x1c contiki-z1.a(rpl-timers.o)
 .any.text.new_dio_interval
                0x0000c64c       0x8a contiki-z1.a(rpl-timers.o)
 .any.text.set_dao_lifetime_timer
                0x0000c6d6       0x84 contiki-z1.a(rpl-timers.o)
 .any.text.handle_periodic_timer
                0x0000c75a       0x50 contiki-z1.a(rpl-timers.o)
 .any.text.schedule_dao
                0x0000c7aa       0x72 contiki-z1.a(rpl-timers.o)
 .any.text.handle_dio_timer
                0x0000c81c       0x88 contiki-z1.a(rpl-timers.o)
 .any.text.handle_dao_timer
                0x0000c8a4       0x64 contiki-z1.a(rpl-timers.o)
 .any.text.rpl_reset_periodic_timer
                0x0000c908       0x54 contiki-z1.a(rpl-timers.o)
                0x0000c908                rpl_reset_periodic_timer
 .any.text.rpl_reset_dio_timer
                0x0000c95c       0x18 contiki-z1.a(rpl-timers.o)
                0x0000c95c                rpl_reset_dio_timer
 .any.text.rpl_schedule_dao
                0x0000c974        0xc contiki-z1.a(rpl-timers.o)
                0x0000c974                rpl_schedule_dao
 .any.text.rpl_schedule_unicast_dio_immediately
                0x0000c980       0x16 contiki-z1.a(rpl-timers.o)
                0x0000c980                rpl_schedule_unicast_dio_immediately
 .any.text.get_probing_delay
                0x0000c996       0x40 contiki-z1.a(rpl-timers.o)
                0x0000c996                get_probing_delay
 .any.text.get_probing_target
                0x0000c9d6       0xe2 contiki-z1.a(rpl-timers.o)
                0x0000c9d6                get_probing_target
 .any.text.rpl_schedule_probing
                0x0000cab8       0x26 contiki-z1.a(rpl-timers.o)
                0x0000cab8                rpl_schedule_probing
 .any.text.handle_probing_timer
                0x0000cade       0x34 contiki-z1.a(rpl-timers.o)
 .any.text.reset
                0x0000cb12        0x2 contiki-z1.a(rpl-mrhof.o)
 .any.text.update_metric_container
                0x0000cb14        0x6 contiki-z1.a(rpl-mrhof.o)
 .any.text.parent_link_metric
                0x0000cb1a       0x10 contiki-z1.a(rpl-mrhof.o)
 .any.text.parent_has_usable_link
                0x0000cb2a       0x14 contiki-z1.a(rpl-mrhof.o)
 .any.text.best_dag
                0x0000cb3e       0x2e contiki-z1.a(rpl-mrhof.o)
 .any.text.parent_path_cost
                0x0000cb6c       0x40 contiki-z1.a(rpl-mrhof.o)
 .any.text.parent_is_acceptable
                0x0000cbac       0x2a contiki-z1.a(rpl-mrhof.o)
 .any.text.rank_via_parent
                0x0000cbd6       0x4e contiki-z1.a(rpl-mrhof.o)
 .any.text.best_parent
                0x0000cc24       0x76 contiki-z1.a(rpl-mrhof.o)
 .any.text.mac_sequence_is_duplicate
                0x0000cc9a       0x60 contiki-z1.a(mac-sequence.o)
                0x0000cc9a                mac_sequence_is_duplicate
 .any.text.mac_sequence_register_seqno
                0x0000ccfa       0x76 contiki-z1.a(mac-sequence.o)
                0x0000ccfa                mac_sequence_register_seqno
 .any.text.frame802154_get_pan_id
                0x0000cd70        0x6 contiki-z1.a(frame802154.o)
                0x0000cd70                frame802154_get_pan_id
 .any.text.frame802154_has_panid
                0x0000cd76       0x78 contiki-z1.a(frame802154.o)
                0x0000cd76                frame802154_has_panid
 .any.text.field_len
                0x0000cdee       0xa8 contiki-z1.a(frame802154.o)
 .any.text.frame802154_is_broadcast_addr
                0x0000ce96       0x28 contiki-z1.a(frame802154.o)
                0x0000ce96                frame802154_is_broadcast_addr
 .any.text.frame802154_hdrlen
                0x0000cebe       0x32 contiki-z1.a(frame802154.o)
                0x0000cebe                frame802154_hdrlen
 .any.text.frame802154_create
                0x0000cef0      0x136 contiki-z1.a(frame802154.o)
                0x0000cef0                frame802154_create
 .any.text.frame802154_parse
                0x0000d026      0x1be contiki-z1.a(frame802154.o)
                0x0000d026                frame802154_parse
 .any.text.mac_call_sent_callback
                0x0000d1e4       0x14 contiki-z1.a(mac.o)
                0x0000d1e4                mac_call_sent_callback

.rodata         0x0000d1f8      0x59b
                0x0000d1f8                . = ALIGN (0x2)
 *(.rodata .rodata.* .gnu.linkonce.r.*)
 .rodata.process_thread_init_system_process
                0x0000d1f8       0x30 main_core.co
 .rodata.autostart_processes
                0x0000d228        0x4 main_core.co
                0x0000d228                autostart_processes
 .rodata        0x0000d22c       0x1d main_core.co
 .rodata.mib_ii_check_oid
                0x0000d249        0x6 obj_z1/mibii.o
 .rodata        0x0000d24f       0x85 obj_z1/mibii.o
 .rodata.snmp_cb_data
                0x0000d2d4       0x38 obj_z1/snmp.o
 .rodata.process_thread_snmp_main
                0x0000d30c       0x3c obj_z1/snmp.o
 .rodata        0x0000d348       0x18 obj_z1/snmp.o
 .rodata.decode_asn1_integer
                0x0000d360       0x22 obj_z1/snmp_asn1.o
 .rodata.error_check_snmp
                0x0000d382       0x57 obj_z1/snmp_asn1.o
 .rodata.snmp_decode_message
                0x0000d3d9       0x60 obj_z1/snmp_asn1.o
 .rodata.snmp_encode_message
                0x0000d439       0x23 obj_z1/snmp_asn1.o
 .rodata        0x0000d45c      0x115 obj_z1/contiki-z1-main.o
 *fill*         0x0000d571        0x3 00
 .rodata.get_value
                0x0000d574       0x44 contiki-z1.a(cc2420.o)
 .rodata.set_value
                0x0000d5b8       0x20 contiki-z1.a(cc2420.o)
 .rodata.cc2420_driver
                0x0000d5d8       0x38 contiki-z1.a(cc2420.o)
                0x0000d5d8                cc2420_driver
 .rodata        0x0000d610        0xe contiki-z1.a(cc2420.o)
 .rodata.output_power
                0x0000d61e       0x10 contiki-z1.a(cc2420.o)
 .rodata        0x0000d62e        0x8 contiki-z1.a(sensors.o)
 .rodata        0x0000d636       0x25 contiki-z1.a(adxl345.o)
 *fill*         0x0000d65b        0x1 00
 .rodata.adxl345
                0x0000d65c        0xe contiki-z1.a(adxl345.o)
                0x0000d65c                adxl345
 .rodata        0x0000d66a        0xe contiki-z1.a(tmp102.o)
 .rodata.tmp102
                0x0000d678        0xe contiki-z1.a(tmp102.o)
                0x0000d678                tmp102
 .rodata        0x0000d686        0xf contiki-z1.a(ctimer.o)
 .rodata        0x0000d695        0xc contiki-z1.a(etimer.o)
 .rodata        0x0000d6a1        0xb contiki-z1.a(sicslowpan.o)
 .rodata.sicslowpan_driver
                0x0000d6ac        0xa contiki-z1.a(sicslowpan.o)
                0x0000d6ac                sicslowpan_driver
 .rodata.llprefix
                0x0000d6b6        0x2 contiki-z1.a(sicslowpan.o)
                0x0000d6b6                llprefix
 .rodata.unc_mxconf
                0x0000d6b8        0x4 contiki-z1.a(sicslowpan.o)
                0x0000d6b8                unc_mxconf
 .rodata.unc_ctxconf
                0x0000d6bc        0x4 contiki-z1.a(sicslowpan.o)
                0x0000d6bc                unc_ctxconf
 .rodata.unc_llconf
                0x0000d6c0        0x4 contiki-z1.a(sicslowpan.o)
                0x0000d6c0                unc_llconf
 .rodata.ttl_values
                0x0000d6c4        0x4 contiki-z1.a(sicslowpan.o)
 .rodata.uip_debug_ipaddr_print
                0x0000d6c8       0x28 contiki-z1.a(uip-debug.o)
 .rodata        0x0000d6f0        0xd contiki-z1.a(tcpip.o)
 *fill*         0x0000d6fd        0x1 00
 .rodata.linkaddr_null
                0x0000d6fe        0x8 contiki-z1.a(linkaddr.o)
                0x0000d6fe                linkaddr_null
 .rodata        0x0000d706        0x8 contiki-z1.a(nullmac.o)
 .rodata.nullmac_driver
                0x0000d70e       0x1a contiki-z1.a(nullmac.o)
                0x0000d70e                nullmac_driver
 .rodata.framer_802154
                0x0000d728        0xc contiki-z1.a(framer-802154.o)
                0x0000d728                framer_802154
 .rodata        0x0000d734        0xb contiki-z1.a(contikimac.o)
 *fill*         0x0000d73f        0x1 00
 .rodata.contikimac_driver
                0x0000d740       0x1e contiki-z1.a(contikimac.o)
                0x0000d740                contikimac_driver
 .rodata        0x0000d75e        0x8 contiki-z1.a(nullsec.o)
 .rodata.nullsec_driver
                0x0000d766        0xe contiki-z1.a(nullsec.o)
                0x0000d766                nullsec_driver
 .rodata        0x0000d774        0x7 contiki-z1.a(button-sensor.o)
 *fill*         0x0000d77b        0x1 00
 .rodata.button_sensor
                0x0000d77c        0xe contiki-z1.a(button-sensor.o)
                0x0000d77c                button_sensor
 .rodata.CSWTCH.16
                0x0000d78a        0x2 contiki-z1.a(frame802154.o)
 .rodata.vuprintf
                0x0000d78c        0x7 /usr/bin/msp430-47/bin/../lib/gcc/msp430/4.7.0/../../../../msp430/lib/mcpu-430x/mmpy-16/msr20/mc20/libc.a(vuprintf.o)
 *(.near.rodata .near.rodata.*)
                0x0000d794                . = ALIGN (0x2)
                0x0000d794                _etext = .

.data           0x00001100      0x158 load address 0x0000d794
                0x00001100                . = ALIGN (0x2)
                0x00001100                __data_start = .
 *(.data .data.* .gnu.linkonce.d.*)
 .data.init_system_process
                0x00001100        0xc main_core.co
                0x00001100                init_system_process
 .data.mibii_list
                0x0000110c        0xe obj_z1/mibii.o
                0x0000110c                mibii_list
 .data.mibii_tree
                0x0000111a        0xe obj_z1/mibii.o
                0x0000111a                mibii_tree
 .data.snmp_main
                0x00001128        0xc obj_z1/snmp.o
                0x00001128                snmp_main
 .data.cur_break
                0x00001134        0x2 contiki-z1.a(msp430.o)
 .data.cc2420_process
                0x00001136        0xc contiki-z1.a(cc2420.o)
                0x00001136                cc2420_process
 .data.send_on_cca
                0x00001142        0x1 contiki-z1.a(cc2420.o)
 *fill*         0x00001143        0x1 00
 .data.sensors_process
                0x00001144        0xc contiki-z1.a(sensors.o)
                0x00001144                sensors_process
 .data.sensors  0x00001150        0x8 contiki-z1.a(z1-sensors.o)
                0x00001150                sensors
 .data.accmeter_process
                0x00001158        0xc contiki-z1.a(adxl345.o)
                0x00001158                accmeter_process
 .data.adxl345_default_settings
                0x00001164       0x16 contiki-z1.a(adxl345.o)
 .data.ctimer_process
                0x0000117a        0xc contiki-z1.a(ctimer.o)
                0x0000117a                ctimer_process
 .data.etimer_process
                0x00001186        0xc contiki-z1.a(etimer.o)
                0x00001186                etimer_process
 .data.nbr_routes
                0x00001192        0x2 contiki-z1.a(uip-ds6-route.o)
                0x00001192                nbr_routes
 .data.routememb
                0x00001194        0x8 contiki-z1.a(uip-ds6-route.o)
 .data.defaultroutermemb
                0x0000119c        0x8 contiki-z1.a(uip-ds6-route.o)
 .data.neighborroutememb
                0x000011a4        0x8 contiki-z1.a(uip-ds6-route.o)
 .data.nbr_routes_struct
                0x000011ac        0xa contiki-z1.a(uip-ds6-route.o)
 .data.ds6_neighbors
                0x000011b6        0x2 contiki-z1.a(uip-ds6-nbr.o)
                0x000011b6                ds6_neighbors
 .data.ds6_neighbors_struct
                0x000011b8        0xa contiki-z1.a(uip-ds6-nbr.o)
 .data.tcpip_process
                0x000011c2        0xc contiki-z1.a(tcpip.o)
                0x000011c2                tcpip_process
 .data.dao_sequence
                0x000011ce        0x1 contiki-z1.a(rpl-icmp6.o)
 *fill*         0x000011cf        0x1 00
 .data.dis_handler
                0x000011d0        0x8 contiki-z1.a(rpl-icmp6.o)
 .data.dio_handler
                0x000011d8        0x8 contiki-z1.a(rpl-icmp6.o)
 .data.dao_handler
                0x000011e0        0x8 contiki-z1.a(rpl-icmp6.o)
 .data.dao_ack_handler
                0x000011e8        0x8 contiki-z1.a(rpl-icmp6.o)
 .data.rpl_parents
                0x000011f0        0x2 contiki-z1.a(rpl-dag.o)
                0x000011f0                rpl_parents
 .data.rpl_parents_struct
                0x000011f2        0xa contiki-z1.a(rpl-dag.o)
 .data.buframmem
                0x000011fc        0x8 contiki-z1.a(queuebuf.o)
 .data.bufmem   0x00001204        0x8 contiki-z1.a(queuebuf.o)
 .data.neighbor_addr_mem
                0x0000120c        0x8 contiki-z1.a(nbr-table.o)
 .data.link_stats_struct
                0x00001214        0xa contiki-z1.a(link-stats.o)
 .data.prescale_lsb
                0x0000121e        0x1 contiki-z1.a(i2cmaster.o)
                0x0000121e                prescale_lsb
 *fill*         0x0000121f        0x1 00
 .data.echo_request_handler
                0x00001220        0x8 contiki-z1.a(uip-icmp6.o)
 .data.echo_reply_handler
                0x00001228        0x8 contiki-z1.a(uip-icmp6.o)
 .data.rpl_mrhof
                0x00001230       0x22 contiki-z1.a(rpl-mrhof.o)
                0x00001230                rpl_mrhof
 .data.mac_pan_id
                0x00001252        0x2 contiki-z1.a(frame802154.o)
 .data.next     0x00001254        0x4 /usr/bin/msp430-47/bin/../lib/gcc/msp430/4.7.0/../../../../msp430/lib/mcpu-430x/mmpy-16/msr20/mc20/libc.a(rand.o)
 *(.near.data .near.data.*)
                0x00001258                . = ALIGN (0x2)
                0x00001258                _edata = .
                0x0000d794                __data_load_start = LOADADDR (.data)
                0x00000158                __data_size = SIZEOF (.data)

.bss            0x00001258     0x187e load address 0x0000d8ec
                0x00001258                __bss_start = .
 *(.bss .bss.*)
 .bss.device_id
                0x00001258       0x11 main_core.co
 .bss.buf.4524  0x00001269      0x12c obj_z1/snmp.o
 *fill*         0x00001395        0x1 00
 .bss.len.4523  0x00001396        0x2 obj_z1/snmp.o
 .bss.server_conn
                0x00001398        0x2 obj_z1/snmp.o
 .bss.irq_energest.4210
                0x0000139a        0x4 obj_z1/contiki-z1-main.o
 .bss.leds      0x0000139e        0x1 contiki-z1.a(leds.o)
 *fill*         0x0000139f        0x1 00
 .bss.counter   0x000013a0        0x2 contiki-z1.a(watchdog.o)
 .bss.poll_mode
                0x000013a2        0x1 contiki-z1.a(cc2420.o)
 *fill*         0x000013a3        0x1 00
 .bss.last_packet_timestamp
                0x000013a4        0x2 contiki-z1.a(cc2420.o)
 .bss.locked    0x000013a6        0x1 contiki-z1.a(cc2420.o)
 .bss.lock_on   0x000013a7        0x1 contiki-z1.a(cc2420.o)
 .bss.lock_off  0x000013a8        0x1 contiki-z1.a(cc2420.o)
 .bss.receive_on
                0x000013a9        0x1 contiki-z1.a(cc2420.o)
 .bss.channel   0x000013aa        0x2 contiki-z1.a(cc2420.o)
 .bss.node_id   0x000013ac        0x2 contiki-z1.a(node-id.o)
                0x000013ac                node_id
 .bss.num_sensors
                0x000013ae        0x1 contiki-z1.a(sensors.o)
 *fill*         0x000013af        0x1 00
 .bss.i.2088    0x000013b0        0x2 contiki-z1.a(sensors.o)
 .bss.events.2089
                0x000013b2        0x2 contiki-z1.a(sensors.o)
 .bss.transmitting
                0x000013b4        0x1 contiki-z1.a(uart0.o)
 *fill*         0x000013b5        0x1 00
 .bss.uart0_input_handler
                0x000013b6        0x4 contiki-z1.a(uart0.o)
 .bss.enabled   0x000013ba        0x1 contiki-z1.a(adxl345.o)
 *fill*         0x000013bb        0x1 00
 .bss.int1_mask
                0x000013bc        0x2 contiki-z1.a(adxl345.o)
 .bss.int2_mask
                0x000013be        0x2 contiki-z1.a(adxl345.o)
 .bss.suppressTimer1
                0x000013c0        0x8 contiki-z1.a(adxl345.o)
 .bss.suppressTimer2
                0x000013c8        0x8 contiki-z1.a(adxl345.o)
 .bss.enabled   0x000013d0        0x1 contiki-z1.a(tmp102.o)
 *fill*         0x000013d1        0x1 00
 .bss.last_tar  0x000013d2        0x2 contiki-z1.a(clock.o)
 .bss.count     0x000013d4        0x4 contiki-z1.a(clock.o)
 .bss.seconds   0x000013d8        0x4 contiki-z1.a(clock.o)
 .bss.initialized
                0x000013dc        0x1 contiki-z1.a(ctimer.o)
 *fill*         0x000013dd        0x1 00
 .bss.ctimer_list_list
                0x000013de        0x2 contiki-z1.a(ctimer.o)
 .bss.timerlist
                0x000013e0        0x2 contiki-z1.a(etimer.o)
 .bss.next_expiration
                0x000013e2        0x4 contiki-z1.a(etimer.o)
 .bss.poll_requested
                0x000013e6        0x1 contiki-z1.a(process.o)
 *fill*         0x000013e7        0x1 00
 .bss.process_current
                0x000013e8        0x2 contiki-z1.a(process.o)
                0x000013e8                process_current
 .bss.process_list
                0x000013ea        0x2 contiki-z1.a(process.o)
                0x000013ea                process_list
 .bss.lastevent
                0x000013ec        0x1 contiki-z1.a(process.o)
 .bss.fevent    0x000013ed        0x1 contiki-z1.a(process.o)
 .bss.nevents   0x000013ee        0x1 contiki-z1.a(process.o)
 *fill*         0x000013ef        0x1 00
 .bss.events    0x000013f0       0x30 contiki-z1.a(process.o)
 .bss.next_rtimer