Archive member included to satisfy reference by file (symbol)

contiki-srf06-cc26xx.a(er-coap-engine.)
                              obj_srf06-cc26xx/res-hello.o (coap_rest_implementation)
contiki-srf06-cc26xx.a(er-coap-transac)
                              contiki-srf06-cc26xx.a(er-coap-engine.) (coap_register_as_transaction_handler)
contiki-srf06-cc26xx.a(er-coap-observe)
                              contiki-srf06-cc26xx.a(er-coap-transac) (coap_remove_observer_by_client)
contiki-srf06-cc26xx.a(er-coap-res-wel)
                              contiki-srf06-cc26xx.a(er-coap-engine.) (res_well_known_core)
contiki-srf06-cc26xx.a(er-coap-observe)
                              contiki-srf06-cc26xx.a(er-coap-engine.) (coap_handle_notification)
contiki-srf06-cc26xx.a(rest-engine.o)
                              obj_srf06-cc26xx/coap-server.o (rest_init_engine)
contiki-srf06-cc26xx.a(contiki-main.o)
                              obj_srf06-cc26xx/startup_gcc.o (main)
contiki-srf06-cc26xx.a(sensors.o)
                              contiki-srf06-cc26xx.a(contiki-main.o) (sensors_process)
contiki-srf06-cc26xx.a(leds.o)
                              obj_srf06-cc26xx/coap-server.o (leds_init)
contiki-srf06-cc26xx.a(board.o)
                              contiki-srf06-cc26xx.a(contiki-main.o) (board_init)
contiki-srf06-cc26xx.a(launchpad-senso)
                              contiki-srf06-cc26xx.a(sensors.o) (sensors_flags)
contiki-srf06-cc26xx.a(leds-arch.o)
                              contiki-srf06-cc26xx.a(leds.o) (leds_arch_init)
contiki-srf06-cc26xx.a(button-sensor.o)
                              contiki-srf06-cc26xx.a(launchpad-senso) (button_right_sensor)
contiki-srf06-cc26xx.a(ext-flash.o)
                              contiki-srf06-cc26xx.a(board.o) (ext_flash_init)
contiki-srf06-cc26xx.a(board-spi.o)
                              contiki-srf06-cc26xx.a(ext-flash.o) (board_spi_write)
contiki-srf06-cc26xx.a(clock.o)
                              contiki-srf06-cc26xx.a(contiki-main.o) (clock_init)
contiki-srf06-cc26xx.a(soc-rtc.o)
                              contiki-srf06-cc26xx.a(contiki-main.o) (soc_rtc_init)
contiki-srf06-cc26xx.a(contiki-watchdo)
                              contiki-srf06-cc26xx.a(contiki-main.o) (watchdog_init)
contiki-srf06-cc26xx.a(putchar.o)
                              main_core.co (putchar)
contiki-srf06-cc26xx.a(ieee-addr.o)
                              contiki-srf06-cc26xx.a(contiki-main.o) (ieee_addr_cpy_to)
contiki-srf06-cc26xx.a(cc26xx-uart.o)
                              contiki-srf06-cc26xx.a(contiki-main.o) (cc26xx_uart_init)
contiki-srf06-cc26xx.a(lpm.o)
                              contiki-srf06-cc26xx.a(button-sensor.o) (lpm_shutdown)
contiki-srf06-cc26xx.a(gpio-interrupt.)
                              contiki-srf06-cc26xx.a(button-sensor.o) (gpio_interrupt_register_handler)
contiki-srf06-cc26xx.a(oscillators.o)
                              contiki-srf06-cc26xx.a(contiki-main.o) (oscillators_select_lf_xosc)
contiki-srf06-cc26xx.a(ieee-mode.o)
                              contiki-srf06-cc26xx.a(contiki-main.o) (ieee_mode_driver)
contiki-srf06-cc26xx.a(random.o)
                              contiki-srf06-cc26xx.a(er-coap-transac) (random_rand)
contiki-srf06-cc26xx.a(soc-trng.o)
                              contiki-srf06-cc26xx.a(random.o) (soc_trng_rand_synchronous)
contiki-srf06-cc26xx.a(dbg-printf.o)
                              main_core.co (printf)
contiki-srf06-cc26xx.a(dbg-snprintf.o)
                              obj_srf06-cc26xx/snmp.o (snprintf)
contiki-srf06-cc26xx.a(dbg-sprintf.o)
                              main_core.co (sprintf)
contiki-srf06-cc26xx.a(strformat.o)
                              contiki-srf06-cc26xx.a(dbg-printf.o) (format_str_v)
contiki-srf06-cc26xx.a(autostart.o)
                              contiki-srf06-cc26xx.a(contiki-main.o) (autostart_start)
contiki-srf06-cc26xx.a(energest.o)
                              contiki-srf06-cc26xx.a(contiki-main.o) (energest_init)
contiki-srf06-cc26xx.a(ctimer.o)
                              contiki-srf06-cc26xx.a(contiki-main.o) (ctimer_init)
contiki-srf06-cc26xx.a(etimer.o)
                              contiki-srf06-cc26xx.a(clock.o) (etimer_request_poll)
contiki-srf06-cc26xx.a(process.o)
                              contiki-srf06-cc26xx.a(sensors.o) (process_alloc_event)
contiki-srf06-cc26xx.a(rtimer.o)
                              contiki-srf06-cc26xx.a(contiki-main.o) (rtimer_init)
contiki-srf06-cc26xx.a(timer.o)
                              contiki-srf06-cc26xx.a(button-sensor.o) (timer_set)
contiki-srf06-cc26xx.a(serial-line.o)
                              contiki-srf06-cc26xx.a(contiki-main.o) (serial_line_init)
contiki-srf06-cc26xx.a(list.o)
                              contiki-srf06-cc26xx.a(rest-engine.o) (list_init)
contiki-srf06-cc26xx.a(memb.o)
                              contiki-srf06-cc26xx.a(er-coap-transac) (memb_alloc)
contiki-srf06-cc26xx.a(ringbuf.o)
[...]
Memory Configuration

Name             Origin             Length             Attributes
FLASH            0x00000000         0x0001ffa8         xr
FLASH_CCFG       0x0001ffa8         0x00000058         xr
SRAM             0x20000000         0x00005000         xrw
GPRAM            0x11000000         0x00002000         xrw
*default*        0x00000000         0xffffffff

Linker script and memory map

LOAD obj_srf06-cc26xx/fault-handlers.o
LOAD obj_srf06-cc26xx/ccfg.o
LOAD obj_srf06-cc26xx/startup_gcc.o
LOAD main_core.co
LOAD obj_srf06-cc26xx/sha256.o
LOAD obj_srf06-cc26xx/mibii.o
LOAD obj_srf06-cc26xx/snmp.o
LOAD obj_srf06-cc26xx/snmp_asn1.o
LOAD obj_srf06-cc26xx/res-hello.o
LOAD obj_srf06-cc26xx/res-devices.o
LOAD obj_srf06-cc26xx/coap-server.o
LOAD contiki-srf06-cc26xx.a
LOAD /opt/gcc-arm-none-eabi-5_4-2016q2/bin/../lib/gcc/arm-none-eabi/5.4.1/../../../../arm-none-eabi/lib/armv7-m/libm.a
START GROUP
LOAD /opt/gcc-arm-none-eabi-5_4-2016q2/bin/../lib/gcc/arm-none-eabi/5.4.1/armv7-m/libgcc.a
LOAD /opt/gcc-arm-none-eabi-5_4-2016q2/bin/../lib/gcc/arm-none-eabi/5.4.1/../../../../arm-none-eabi/lib/armv7-m/libc.a
END GROUP
                0x20005000                _estack = (ORIGIN (SRAM) + LENGTH (SRAM))
                0x00000000                _Min_Heap_Size = 0x0
                0x00000100                _Min_Stack_Size = 0x100

.text           0x00000000    0x12a79
                0x00000000                _text = .
 *(SORT(.vectors))
 .vectors       0x00000000       0xc8 obj_srf06-cc26xx/startup_gcc.o
                0x00000000                g_pfnVectors
 *(SORT(.text*))
 .text.__ieee754_pow
                0x000000c8      0xac4 /opt/gcc-arm-none-eabi-5_4-2016q2/bin/../lib/gcc/arm-none-eabi/5.4.1/../../../../arm-none-eabi/lib/armv7-m/libm.a(lib_a-e_pow.o)
                0x000000c8                __ieee754_pow
 *fill*         0x00000b8c        0x4 00000000
 .text.scalbn   0x00000b90       0xe4 /opt/gcc-arm-none-eabi-5_4-2016q2/bin/../lib/gcc/arm-none-eabi/5.4.1/../../../../arm-none-eabi/lib/armv7-m/libm.a(lib_a-s_scalbn.o)
                0x00000b90                scalbn
 .text.FaultISR
                0x00000c74       0x18 obj_srf06-cc26xx/fault-handlers.o
                0x00000c74                FaultISR
 .text.NmiSRHandler
                0x00000c8c        0x4 obj_srf06-cc26xx/startup_gcc.o
                0x00000c8c                NmiSR
 .text.IntDefaultHandler
                0x00000c90        0x4 obj_srf06-cc26xx/startup_gcc.o
                0x00000c90                SSI0IntHandler
                0x00000c90                SWEvent0IntHandler
                0x00000c90                uDMAIntHandler
                0x00000c90                WatchdogIntHandler
                0x00000c90                RFCHardwareIntHandler
                0x00000c90                Timer1BIntHandler
                0x00000c90                I2SIntHandler
                0x00000c90                Timer2BIntHandler
                0x00000c90                Timer2AIntHandler
                0x00000c90                Timer1AIntHandler
                0x00000c90                AONIntHandler
                0x00000c90                AUXSWEvent0IntHandler
                0x00000c90                AUXADCIntHandler
                0x00000c90                PendSVIntHandler
                0x00000c90                AUXSWEvent1IntHandler
                0x00000c90                SVCallIntHandler
                0x00000c90                MPUFaultIntHandler
                0x00000c90                SysTickIntHandler
                0x00000c90                BusFaultIntHandler
                0x00000c90                AONProgIntHandler
                0x00000c90                AUXCompAIntHandler
                0x00000c90                SSI1IntHandler
                0x00000c90                FlashIntHandler
                0x00000c90                uDMAErrIntHandler
                0x00000c90                UsageFaultIntHandler
                0x00000c90                RFCCmdAckIntHandler
                0x00000c90                CryptoIntHandler
                0x00000c90                Timer0AIntHandler
                0x00000c90                I2CIntHandler
                0x00000c90                DebugMonIntHandler
                0x00000c90                Timer0BIntHandler
                0x00000c90                AUXCombEventIntHandler
                0x00000c90                Timer3AIntHandler
                0x00000c90                DynProgIntHandler
                0x00000c90                Timer3BIntHandler
 .text.ResetISR
                0x00000c94       0x5c obj_srf06-cc26xx/startup_gcc.o
                0x00000c94                ResetISR
 .text.init_mib2_list
                0x00000cf0       0xcc main_core.co
                0x00000cf0                init_mib2_list
 .text.process_thread_init_system_process
                0x00000dbc       0xcc main_core.co
 .text.sha256_transform
                0x00000e88      0x170 obj_srf06-cc26xx/sha256.o
                0x00000e88                sha256_transform
 .text.sha256_init
                0x00000ff8       0x54 obj_srf06-cc26xx/sha256.o
                0x00000ff8                sha256_init
 .text.sha256_update
                0x0000104c       0x48 obj_srf06-cc26xx/sha256.o
                0x0000104c                sha256_update
 .text.sha256_final
                0x00001094       0xe4 obj_srf06-cc26xx/sha256.o
                0x00001094                sha256_final
 .text.mib_ii_get_oid
                0x00001178       0x78 obj_srf06-cc26xx/mibii.o
                0x00001178                mib_ii_get_oid
 .text.mib_ii_update_list
                0x000011f0       0x44 obj_srf06-cc26xx/mibii.o
                0x000011f0                mib_ii_update_list
 .text.mib_ii_fill_list
                0x00001234       0x38 obj_srf06-cc26xx/mibii.o
                0x00001234                mib_ii_fill_list
 .text.mib_ii_show
                0x0000126c        0x4 obj_srf06-cc26xx/mibii.o
                0x0000126c                mib_ii_show
 .text.receiver
                0x00001270       0x14 obj_srf06-cc26xx/snmp.o
 .text.cb_timer_trap_heartbeat
                0x00001284       0xc4 obj_srf06-cc26xx/snmp.o
                0x00001284                cb_timer_trap_heartbeat
 .text.snmp_cb_data.part.0
                0x00001348       0x90 obj_srf06-cc26xx/snmp.o
 .text.snmp_cb_data
                0x000013d8       0x28 obj_srf06-cc26xx/snmp.o
                0x000013d8                snmp_cb_data
 .text.snmp_init
                0x00001400        0xc obj_srf06-cc26xx/snmp.o
                0x00001400                snmp_init
 .text.ipaddr_sprintf
                0x0000140c       0xa4 obj_srf06-cc26xx/snmp.o
                0x0000140c                ipaddr_sprintf
 .text.update_snmp_mib
                0x000014b0      0x31c obj_srf06-cc26xx/snmp.o
                0x000014b0                update_snmp_mib
 .text.process_thread_snmp_main
                0x000017cc      0x11c obj_srf06-cc26xx/snmp.o
 .text.decode_asn1_integer
                0x000018e8       0x94 obj_srf06-cc26xx/snmp_asn1.o
                0x000018e8                decode_asn1_integer
 .text.error_check_snmp
                0x0000197c       0x44 obj_srf06-cc26xx/snmp_asn1.o
                0x0000197c                error_check_snmp
 .text.snmp_decode_message
                0x000019c0      0x278 obj_srf06-cc26xx/snmp_asn1.o
                0x000019c0                snmp_decode_message
 .text.snmp_encode_message
                0x00001c38      0x204 obj_srf06-cc26xx/snmp_asn1.o
                0x00001c38                snmp_encode_message
 .text.snmp_encode_trap
                0x00001e3c      0x114 obj_srf06-cc26xx/snmp_asn1.o
                0x00001e3c                snmp_encode_trap
 .text.res_get_handler
                0x00001f50       0x5c obj_srf06-cc26xx/res-hello.o
 .text.generateVerf
                0x00001fac       0x58 obj_srf06-cc26xx/res-devices.o
                0x00001fac                generateVerf
 .text.res_post_handler_light
                0x00002004       0xc4 obj_srf06-cc26xx/res-devices.o
 .text.generateHash
                0x000020c8       0x58 obj_srf06-cc26xx/res-devices.o
                0x000020c8                generateHash
 .text.res_get_handler_light
                0x00002120       0x9c obj_srf06-cc26xx/res-devices.o
 .text.process_thread_coap_server_process
                0x000021bc       0x58 obj_srf06-cc26xx/coap-server.o
 .text.coap_set_service_callback
                0x00002214        0xc contiki-srf06-cc26xx.a(er-coap-engine.)
                0x00002214                coap_set_service_callback
 .text.coap_get_rest_method
                0x00002220       0x10 contiki-srf06-cc26xx.a(er-coap-engine.)
                0x00002220                coap_get_rest_method
 .text.process_thread_coap_engine
                0x00002230      0x3f8 contiki-srf06-cc26xx.a(er-coap-engine.)
 .text.coap_init_engine
                0x00002628        0xc contiki-srf06-cc26xx.a(er-coap-engine.)
                0x00002628                coap_init_engine
 .text.coap_register_as_transaction_handler
                0x00002634       0x14 contiki-srf06-cc26xx.a(er-coap-transac)
                0x00002634                coap_register_as_transaction_handler
 .text.coap_new_transaction
                0x00002648       0x48 contiki-srf06-cc26xx.a(er-coap-transac)
                0x00002648                coap_new_transaction
 .text.coap_clear_transaction
                0x00002690       0x2c contiki-srf06-cc26xx.a(er-coap-transac)
                0x00002690                coap_clear_transaction
 .text.coap_send_transaction
                0x000026bc       0xa0 contiki-srf06-cc26xx.a(er-coap-transac)
                0x000026bc                coap_send_transaction
 .text.coap_get_transaction_by_mid
                0x0000275c       0x28 contiki-srf06-cc26xx.a(er-coap-transac)
                0x0000275c                coap_get_transaction_by_mid
 .text.coap_check_transactions
                0x00002784       0x38 contiki-srf06-cc26xx.a(er-coap-transac)
                0x00002784                coap_check_transactions
 .text.coap_remove_observer
                0x000027bc       0x20 contiki-srf06-cc26xx.a(er-coap-observe)
                0x000027bc                coap_remove_observer
 .text.coap_remove_observer_by_client
                0x000027dc       0x44 contiki-srf06-cc26xx.a(er-coap-observe)
                0x000027dc                coap_remove_observer_by_client
 .text.coap_remove_observer_by_token
                0x00002820       0x6c contiki-srf06-cc26xx.a(er-coap-observe)
                0x00002820                coap_remove_observer_by_token
 .text.coap_remove_observer_by_uri
                0x0000288c       0x70 contiki-srf06-cc26xx.a(er-coap-observe)
                0x0000288c                coap_remove_observer_by_uri
 .text.coap_remove_observer_by_mid
                0x000028fc       0x58 contiki-srf06-cc26xx.a(er-coap-observe)
                0x000028fc                coap_remove_observer_by_mid
 .text.coap_notify_observers_sub
                0x00002954      0x138 contiki-srf06-cc26xx.a(er-coap-observe)
                0x00002954                coap_notify_observers_sub
 .text.coap_notify_observers
                0x00002a8c        0x8 contiki-srf06-cc26xx.a(er-coap-observe)
                0x00002a8c                coap_notify_observers
 .text.coap_observe_handler
                0x00002a94      0x100 contiki-srf06-cc26xx.a(er-coap-observe)
                0x00002a94                coap_observe_handler
 .text.well_known_core_get_handler
                0x00002b94      0x19c contiki-srf06-cc26xx.a(er-coap-res-wel)
                0x00002b94                well_known_core_get_handler
 .text.classify_notification
                0x00002d30       0x54 contiki-srf06-cc26xx.a(er-coap-observe)
 .text.simple_reply.isra.1
                0x00002d84       0x38 contiki-srf06-cc26xx.a(er-coap-observe)
 .text.coap_get_obs_subject_by_token
                0x00002dbc       0x48 contiki-srf06-cc26xx.a(er-coap-observe)
                0x00002dbc                coap_get_obs_subject_by_token
 .text.coap_handle_notification
                0x00002e04       0xb4 contiki-srf06-cc26xx.a(er-coap-observe)
                0x00002e04                coap_handle_notification
 .text.process_thread_rest_engine_process
                0x00002eb8       0xa0 contiki-srf06-cc26xx.a(rest-engine.o)
 .text.rest_invoke_restful_service
                0x00002f58       0xf4 contiki-srf06-cc26xx.a(rest-engine.o)
                0x00002f58                rest_invoke_restful_service
 .text.rest_init_engine
                0x0000304c       0x40 contiki-srf06-cc26xx.a(rest-engine.o)
                0x0000304c                rest_init_engine
 .text.rest_activate_resource
                0x0000308c       0x38 contiki-srf06-cc26xx.a(rest-engine.o)
                0x0000308c                rest_activate_resource
 .text.rest_get_resources
                0x000030c4        0x8 contiki-srf06-cc26xx.a(rest-engine.o)
                0x000030c4                rest_get_resources
 .text.fade     0x000030cc       0x64 contiki-srf06-cc26xx.a(contiki-main.o)
 .text.startup.main
                0x00003130      0x1fc contiki-srf06-cc26xx.a(contiki-main.o)
                0x00003130                main
 .text.process_thread_sensors_process
                0x0000332c       0xf8 contiki-srf06-cc26xx.a(sensors.o)
 .text.sensors_changed
                0x00003424       0x4c contiki-srf06-cc26xx.a(sensors.o)
                0x00003424                sensors_changed
 .text.leds_init
                0x00003470       0x14 contiki-srf06-cc26xx.a(leds.o)
                0x00003470                leds_init
 .text.leds_on  0x00003484       0x14 contiki-srf06-cc26xx.a(leds.o)
                0x00003484                leds_on
 .text.leds_off
                0x00003498       0x14 contiki-srf06-cc26xx.a(leds.o)
                0x00003498                leds_off
 .text.leds_toggle
                0x000034ac       0x14 contiki-srf06-cc26xx.a(leds.o)
                0x000034ac                leds_toggle
 .text.wakeup_handler
                0x000034c0       0x20 contiki-srf06-cc26xx.a(board.o)
 .text.board_init
                0x000034e0       0x98 contiki-srf06-cc26xx.a(board.o)
                0x000034e0                board_init
 .text.leds_arch_init
                0x00003578       0x38 contiki-srf06-cc26xx.a(leds-arch.o)
                0x00003578                leds_arch_init
 .text.leds_arch_set
                0x000035b0       0x30 contiki-srf06-cc26xx.a(leds-arch.o)
                0x000035b0                leds_arch_set
 .text.status.part.0
                0x000035e0       0x14 contiki-srf06-cc26xx.a(button-sensor.o)
 .text.value_left
                0x000035f4       0x24 contiki-srf06-cc26xx.a(button-sensor.o)
 .text.value_right
                0x00003618       0x18 contiki-srf06-cc26xx.a(button-sensor.o)
 .text.status_left
                0x00003630       0x10 contiki-srf06-cc26xx.a(button-sensor.o)
 .text.status_right
                0x00003640       0x10 contiki-srf06-cc26xx.a(button-sensor.o)
 .text.config_buttons
                0x00003650       0x84 contiki-srf06-cc26xx.a(button-sensor.o)
 .text.config_left
                0x000036d4        0xc contiki-srf06-cc26xx.a(button-sensor.o)
 .text.config_right
                0x000036e0        0xc contiki-srf06-cc26xx.a(button-sensor.o)
 .text.button_press_handler
                0x000036ec       0x64 contiki-srf06-cc26xx.a(button-sensor.o)
 .text.verify_part
                0x00003750       0x80 contiki-srf06-cc26xx.a(ext-flash.o)
 .text.wait_ready
                0x000037d0       0x64 contiki-srf06-cc26xx.a(ext-flash.o)
 .text.power_down
                0x00003834       0x50 contiki-srf06-cc26xx.a(ext-flash.o)
 .text.ext_flash_open
                0x00003884       0x60 contiki-srf06-cc26xx.a(ext-flash.o)
                0x00003884                ext_flash_open
 .text.ext_flash_init
                0x000038e4       0x14 contiki-srf06-cc26xx.a(ext-flash.o)
                0x000038e4                ext_flash_init
 .text.accessible
                0x000038f8       0x24 contiki-srf06-cc26xx.a(board-spi.o)
 .text.board_spi_write
                0x0000391c       0x3c contiki-srf06-cc26xx.a(board-spi.o)
                0x0000391c                board_spi_write
 .text.board_spi_read
                0x00003958       0x48 contiki-srf06-cc26xx.a(board-spi.o)
                0x00003958                board_spi_read
 .text.board_spi_flush
                0x000039a0       0x24 contiki-srf06-cc26xx.a(board-spi.o)
                0x000039a0                board_spi_flush
 .text.board_spi_open
                0x000039c4       0xc0 contiki-srf06-cc26xx.a(board-spi.o)
                0x000039c4                board_spi_open
 .text.board_spi_close
                0x00003a84       0x70 contiki-srf06-cc26xx.a(board-spi.o)
                0x00003a84                board_spi_close
 .text.power_domain_on
                0x00003af4       0x20 contiki-srf06-cc26xx.a(clock.o)
 .text.clock_init
                0x00003b14       0x98 contiki-srf06-cc26xx.a(clock.o)
                0x00003b14                clock_init
 .text.clock_time
                0x00003bac       0x34 contiki-srf06-cc26xx.a(clock.o)
                0x00003bac                clock_time
 .text.clock_update
                0x00003be0       0x3c contiki-srf06-cc26xx.a(clock.o)
                0x00003be0                clock_update
 .text.clock_seconds
                0x00003c1c       0x18 contiki-srf06-cc26xx.a(clock.o)
                0x00003c1c                clock_seconds
 .text.soc_rtc_init
                0x00003c34       0xa0 contiki-srf06-cc26xx.a(soc-rtc.o)
                0x00003c34                soc_rtc_init
 .text.soc_rtc_schedule_one_shot
                0x00003cd4       0x6c contiki-srf06-cc26xx.a(soc-rtc.o)
                0x00003cd4                soc_rtc_schedule_one_shot
 .text.soc_rtc_last_isr_time
                0x00003d40        0xc contiki-srf06-cc26xx.a(soc-rtc.o)
                0x00003d40                soc_rtc_last_isr_time
 .text.AONRTCIntHandler
                0x00003d4c       0x88 contiki-srf06-cc26xx.a(soc-rtc.o)
                0x00003d4c                AONRTCIntHandler
 .text.watchdog_init
                0x00003dd4       0x1c contiki-srf06-cc26xx.a(contiki-watchdo)
                0x00003dd4                watchdog_init
 .text.watchdog_start
                0x00003df0       0x68 contiki-srf06-cc26xx.a(contiki-watchdo)
                0x00003df0                watchdog_start
 .text.watchdog_periodic
                0x00003e58       0x1c contiki-srf06-cc26xx.a(contiki-watchdo)
                0x00003e58                watchdog_periodic
 .text.putchar  0x00003e74       0x10 contiki-srf06-cc26xx.a(putchar.o)
                0x00003e74                putchar
 .text.puts     0x00003e84       0x30 contiki-srf06-cc26xx.a(putchar.o)
                0x00003e84                puts
 .text.dbg_send_bytes
                0x00003eb4       0x40 contiki-srf06-cc26xx.a(putchar.o)
                0x00003eb4                dbg_send_bytes
 .text.ieee_addr_cpy_to
                0x00003ef4       0x40 contiki-srf06-cc26xx.a(ieee-addr.o)
                0x00003ef4                ieee_addr_cpy_to
 .text.power_and_clock
                0x00003f34       0x40 contiki-srf06-cc26xx.a(cc26xx-uart.o)
 .text.enable   0x00003f74       0xf0 contiki-srf06-cc26xx.a(cc26xx-uart.o)
 .text.accessible
                0x00004064       0x24 contiki-srf06-cc26xx.a(cc26xx-uart.o)
 .text.lpm_drop_handler
                0x00004088       0xc8 contiki-srf06-cc26xx.a(cc26xx-uart.o)
 .text.cc26xx_uart_init
                0x00004150       0x28 contiki-srf06-cc26xx.a(cc26xx-uart.o)
                0x00004150                cc26xx_uart_init
 .text.cc26xx_uart_write_byte
                0x00004178       0x28 contiki-srf06-cc26xx.a(cc26xx-uart.o)
                0x00004178                cc26xx_uart_write_byte
 .text.cc26xx_uart_busy
                0x000041a0       0x18 contiki-srf06-cc26xx.a(cc26xx-uart.o)
                0x000041a0                cc26xx_uart_busy
 .text.UART0IntHandler
                0x000041b8       0x54 contiki-srf06-cc26xx.a(cc26xx-uart.o)
                0x000041b8                UART0IntHandler
 .text.lpm_shutdown
                0x0000420c      0x198 contiki-srf06-cc26xx.a(lpm.o)
                0x0000420c                lpm_shutdown
 .text.lpm_sleep
                0x000043a4       0x14 contiki-srf06-cc26xx.a(lpm.o)
                0x000043a4                lpm_sleep
 .text.lpm_drop
                0x000043b8      0x258 contiki-srf06-cc26xx.a(lpm.o)
                0x000043b8                lpm_drop
 .text.lpm_register_module
                0x00004610        0xc contiki-srf06-cc26xx.a(lpm.o)
                0x00004610                lpm_register_module
 .text.lpm_unregister_module
                0x0000461c        0xc contiki-srf06-cc26xx.a(lpm.o)
                0x0000461c                lpm_unregister_module
 .text.lpm_init
                0x00004628       0x20 contiki-srf06-cc26xx.a(lpm.o)
                0x00004628                lpm_init
 .text.lpm_pin_set_default_state
                0x00004648       0x2c contiki-srf06-cc26xx.a(lpm.o)
                0x00004648                lpm_pin_set_default_state
 .text.gpio_interrupt_register_handler
                0x00004674       0x2c contiki-srf06-cc26xx.a(gpio-interrupt.)
                0x00004674                gpio_interrupt_register_handler
 .text.gpio_interrupt_init
                0x000046a0       0x24 contiki-srf06-cc26xx.a(gpio-interrupt.)
                0x000046a0                gpio_interrupt_init
 .text.GPIOIntHandler
                0x000046c4       0x30 contiki-srf06-cc26xx.a(gpio-interrupt.)
                0x000046c4                GPIOIntHandler
 .text.oscillators_select_lf_xosc
                0x000046f4       0x50 contiki-srf06-cc26xx.a(oscillators.o)
                0x000046f4                oscillators_select_lf_xosc
 .text.oscillators_select_lf_rcosc
                0x00004744       0x3c contiki-srf06-cc26xx.a(oscillators.o)
                0x00004744                oscillators_select_lf_rcosc
 .text.oscillators_request_hf_xosc
                0x00004780       0x30 contiki-srf06-cc26xx.a(oscillators.o)
                0x00004780                oscillators_request_hf_xosc
 .text.oscillators_switch_to_hf_xosc
                0x000047b0       0x34 contiki-srf06-cc26xx.a(oscillators.o)
                0x000047b0                oscillators_switch_to_hf_xosc
 .text.oscillators_switch_to_hf_rc
                0x000047e4       0x38 contiki-srf06-cc26xx.a(oscillators.o)
                0x000047e4                oscillators_switch_to_hf_rc
 .text.request  0x0000481c       0x20 contiki-srf06-cc26xx.a(ieee-mode.o)
 .text.rx_on    0x0000483c       0x60 contiki-srf06-cc26xx.a(ieee-mode.o)
 .text.prepare  0x0000489c       0x1c contiki-srf06-cc26xx.a(ieee-mode.o)
 .text.check_rat_overflow
                0x000048b8       0x68 contiki-srf06-cc26xx.a(ieee-mode.o)
 .text.rf_radio_setup
                0x00004920       0x74 contiki-srf06-cc26xx.a(ieee-mode.o)
 .text.soft_on  0x00004994       0x18 contiki-srf06-cc26xx.a(ieee-mode.o)
 .text.pending_packet
                0x000049ac       0x48 contiki-srf06-cc26xx.a(ieee-mode.o)
 .text.soft_off
                0x000049f4       0x3c contiki-srf06-cc26xx.a(ieee-mode.o)
 .text.get_object
                0x00004a30       0x4c contiki-srf06-cc26xx.a(ieee-mode.o)
 .text.transmitting.part.1
                0x00004a7c       0x40 contiki-srf06-cc26xx.a(ieee-mode.o)
 .text.rx_off   0x00004abc       0x64 contiki-srf06-cc26xx.a(ieee-mode.o)
 .text.get_cca_info
                0x00004b20       0x44 contiki-srf06-cc26xx.a(ieee-mode.o)
 .text.set_object
                0x00004b64       0x50 contiki-srf06-cc26xx.a(ieee-mode.o)
 .text.receiving_packet
                0x00004bb4       0x3c contiki-srf06-cc26xx.a(ieee-mode.o)
 .text.off.part.6
                0x00004bf0       0x6c contiki-srf06-cc26xx.a(ieee-mode.o)
 .text.off      0x00004c5c       0x14 contiki-srf06-cc26xx.a(ieee-mode.o)
 .text.on       0x00004c70       0xa8 contiki-srf06-cc26xx.a(ieee-mode.o)
 .text.set_value
                0x00004d18      0x188 contiki-srf06-cc26xx.a(ieee-mode.o)
 .text.get_value
                0x00004ea0      0x180 contiki-srf06-cc26xx.a(ieee-mode.o)
 .text.transmit
                0x00005020      0x114 contiki-srf06-cc26xx.a(ieee-mode.o)
 .text.send     0x00005134       0x24 contiki-srf06-cc26xx.a(ieee-mode.o)
 .text.channel_clear
                0x00005158       0x84 contiki-srf06-cc26xx.a(ieee-mode.o)
 .text.read_frame
                0x000051dc      0x15c contiki-srf06-cc26xx.a(ieee-mode.o)
 .text.handle_rat_overflow
                0x00005338       0x50 contiki-srf06-cc26xx.a(ieee-mode.o)
 .text.init     0x00005388       0xfc contiki-srf06-cc26xx.a(ieee-mode.o)
 .text.random_rand
                0x00005484        0xc contiki-srf06-cc26xx.a(random.o)
                0x00005484                random_rand
 .text.random_init
                0x00005490        0x4 contiki-srf06-cc26xx.a(random.o)
                0x00005490                random_init
 .text.power_up
                0x00005494       0x40 contiki-srf06-cc26xx.a(soc-trng.o)
 .text.request  0x000054d4       0x14 contiki-srf06-cc26xx.a(soc-trng.o)
 .text.process_thread_soc_trng_process
                0x000054e8       0x94 contiki-srf06-cc26xx.a(soc-trng.o)
 .text.accessible
                0x0000557c       0x24 contiki-srf06-cc26xx.a(soc-trng.o)
 .text.soc_trng_rand_synchronous
                0x000055a0       0xc4 contiki-srf06-cc26xx.a(soc-trng.o)
                0x000055a0                soc_trng_rand_synchronous
 .text.TRNGIntHandler
                0x00005664       0x50 contiki-srf06-cc26xx.a(soc-trng.o)
                0x00005664                TRNGIntHandler
 .text.soc_trng_init
                0x000056b4       0x28 contiki-srf06-cc26xx.a(soc-trng.o)
                0x000056b4                soc_trng_init
 .text.write_str
                0x000056dc       0x14 contiki-srf06-cc26xx.a(dbg-printf.o)
 .text.printf   0x000056f0       0x24 contiki-srf06-cc26xx.a(dbg-printf.o)
                0x000056f0                printf
 .text.buffer_str
                0x00005714       0x28 contiki-srf06-cc26xx.a(dbg-snprintf.o)
 .text.snprintf
                0x0000573c       0x38 contiki-srf06-cc26xx.a(dbg-snprintf.o)
                0x0000573c                snprintf
 .text.buffer_str
                0x00005774       0x18 contiki-srf06-cc26xx.a(dbg-sprintf.o)
 .text.sprintf  0x0000578c       0x34 contiki-srf06-cc26xx.a(dbg-sprintf.o)
                0x0000578c                sprintf
 .text.fill_space
                0x000057c0       0x3c contiki-srf06-cc26xx.a(strformat.o)
 .text.format_str_v
                0x000057fc      0x95c contiki-srf06-cc26xx.a(strformat.o)
                0x000057fc                format_str_v
 .text.autostart_start
                0x00006158       0x18 contiki-srf06-cc26xx.a(autostart.o)
                0x00006158                autostart_start
 .text.energest_init
                0x00006170        0x4 contiki-srf06-cc26xx.a(energest.o)
                0x00006170                energest_init
 .text.process_thread_ctimer_process
                0x00006174       0x94 contiki-srf06-cc26xx.a(ctimer.o)
 .text.ctimer_init
                0x00006208       0x28 contiki-srf06-cc26xx.a(ctimer.o)
                0x00006208                ctimer_init
 .text.ctimer_set_with_process
                0x00006230       0x4c contiki-srf06-cc26xx.a(ctimer.o)
                0x00006230                ctimer_set_with_process
 .text.ctimer_set
                0x0000627c       0x18 contiki-srf06-cc26xx.a(ctimer.o)
                0x0000627c                ctimer_set
 .text.ctimer_reset
                0x00006294       0x38 contiki-srf06-cc26xx.a(ctimer.o)
                0x00006294                ctimer_reset
 .text.ctimer_restart
                0x000062cc       0x38 contiki-srf06-cc26xx.a(ctimer.o)
                0x000062cc                ctimer_restart
 .text.ctimer_stop
                0x00006304       0x34 contiki-srf06-cc26xx.a(ctimer.o)
                0x00006304                ctimer_stop
 .text.update_time
                0x00006338       0x44 contiki-srf06-cc26xx.a(etimer.o)
 .text.process_thread_etimer_process
                0x0000637c       0xc8 contiki-srf06-cc26xx.a(etimer.o)
 .text.add_timer
                0x00006444       0x54 contiki-srf06-cc26xx.a(etimer.o)
 .text.etimer_request_poll
                0x00006498        0xc contiki-srf06-cc26xx.a(etimer.o)
                0x00006498                etimer_request_poll
 .text.etimer_set
                0x000064a4       0x14 contiki-srf06-cc26xx.a(etimer.o)
                0x000064a4                etimer_set
 .text.etimer_reset
                0x000064b8       0x14 contiki-srf06-cc26xx.a(etimer.o)
                0x000064b8                etimer_reset
 .text.etimer_restart
                0x000064cc       0x14 contiki-srf06-cc26xx.a(etimer.o)
                0x000064cc                etimer_restart
 .text.etimer_expired
                0x000064e0        0xc contiki-srf06-cc26xx.a(etimer.o)
                0x000064e0                etimer_expired
 .text.etimer_expiration_time
                0x000064ec        0x8 contiki-srf06-cc26xx.a(etimer.o)
                0x000064ec                etimer_expiration_time
 .text.etimer_pending
                0x000064f4       0x10 contiki-srf06-cc26xx.a(etimer.o)
                0x000064f4                etimer_pending
 .text.etimer_next_expiration_time
                0x00006504       0x14 contiki-srf06-cc26xx.a(etimer.o)
                0x00006504                etimer_next_expiration_time
 .text.etimer_stop
                0x00006518       0x44 contiki-srf06-cc26xx.a(etimer.o)
                0x00006518                etimer_stop
 .text.exit_process
                0x0000655c       0xb0 contiki-srf06-cc26xx.a(process.o)
 .text.call_process.part.0
                0x0000660c       0x38 contiki-srf06-cc26xx.a(process.o)
 .text.do_poll  0x00006644       0x3c contiki-srf06-cc26xx.a(process.o)
 .text.process_alloc_event
                0x00006680       0x10 contiki-srf06-cc26xx.a(process.o)
                0x00006680                process_alloc_event
 .text.process_start
                0x00006690       0x48 contiki-srf06-cc26xx.a(process.o)
                0x00006690                process_start
 .text.process_init
                0x000066d8       0x34 contiki-srf06-cc26xx.a(process.o)
                0x000066d8                process_init
 .text.process_run
                0x0000670c       0xa8 contiki-srf06-cc26xx.a(process.o)
                0x0000670c                process_run
 .text.process_nevents
                0x000067b4       0x14 contiki-srf06-cc26xx.a(process.o)
                0x000067b4                process_nevents
 .text.process_post
                0x000067c8       0x40 contiki-srf06-cc26xx.a(process.o)
                0x000067c8                process_post
 .text.process_post_synch
                0x00006808       0x18 contiki-srf06-cc26xx.a(process.o)
                0x00006808                process_post_synch
 .text.process_poll
                0x00006820       0x18 contiki-srf06-cc26xx.a(process.o)
                0x00006820                process_poll
 .text.rtimer_init
                0x00006838        0x4 contiki-srf06-cc26xx.a(rtimer.o)
                0x00006838                rtimer_init
 .text.rtimer_set
                0x0000683c       0x2c contiki-srf06-cc26xx.a(rtimer.o)
                0x0000683c                rtimer_set
 .text.rtimer_run_next
                0x00006868       0x28 contiki-srf06-cc26xx.a(rtimer.o)
                0x00006868                rtimer_run_next
 .text.timer_set
                0x00006890       0x10 contiki-srf06-cc26xx.a(timer.o)
                0x00006890                timer_set
 .text.timer_reset
                0x000068a0        0xc contiki-srf06-cc26xx.a(timer.o)
                0x000068a0                timer_reset
 .text.timer_restart
                0x000068ac        0xc contiki-srf06-cc26xx.a(timer.o)
                0x000068ac                timer_restart
 .text.timer_expired
                0x000068b8       0x1c contiki-srf06-cc26xx.a(timer.o)
                0x000068b8                timer_expired
 .text.process_thread_serial_line_process
                0x000068d4       0xa8 contiki-srf06-cc26xx.a(serial-line.o)
 .text.serial_line_init
                0x0000697c       0x24 contiki-srf06-cc26xx.a(serial-line.o)
                0x0000697c                serial_line_init
 .text.list_init
                0x000069a0        0x8 contiki-srf06-cc26xx.a(list.o)
                0x000069a0                list_init
 .text.list_head
                0x000069a8        0x4 contiki-srf06-cc26xx.a(list.o)
                0x000069a8                list_head
 .text.list_add
                0x000069ac       0x5c contiki-srf06-cc26xx.a(list.o)
                0x000069ac                list_add
 .text.list_push
                0x00006a08       0x48 contiki-srf06-cc26xx.a(list.o)
                0x00006a08                list_push
 .text.list_remove
                0x00006a50       0x38 contiki-srf06-cc26xx.a(list.o)
                0x00006a50                list_remove
 .text.list_length
                0x00006a88       0x14 contiki-srf06-cc26xx.a(list.o)
                0x00006a88                list_length
 .text.list_item_next
                0x00006a9c        0x8 contiki-srf06-cc26xx.a(list.o)
                0x00006a9c                list_item_next
 .text.memb_init
                0x00006aa4       0x24 contiki-srf06-cc26xx.a(memb.o)
                0x00006aa4                memb_init
 .text.memb_alloc
                0x00006ac8       0x3c contiki-srf06-cc26xx.a(memb.o)
                0x00006ac8                memb_alloc
 .text.memb_free
                0x00006b04       0x3c contiki-srf06-cc26xx.a(memb.o)
                0x00006b04                memb_free
 .text.memb_inmemb
                0x00006b40       0x1c contiki-srf06-cc26xx.a(memb.o)
                0x00006b40                memb_inmemb
 .text.memb_numfree
                0x00006b5c       0x1c contiki-srf06-cc26xx.a(memb.o)
                0x00006b5c                memb_numfree
 .text.ringbuf_init
                0x00006b78       0x10 contiki-srf06-cc26xx.a(ringbuf.o)
                0x00006b78                ringbuf_init
 .text.ringbuf_get
                0x00006b88       0x24 contiki-srf06-cc26xx.a(ringbuf.o)
                0x00006b88                ringbuf_get
 .text.uip_ds6_list_loop
                0x00006bac       0x5c contiki-srf06-cc26xx.a(uip-ds6.o)
                0x00006bac                uip_ds6_list_loop
 .text.uip_ds6_prefix_add
                0x00006c08       0x6c contiki-srf06-cc26xx.a(uip-ds6.o)
                0x00006c08                uip_ds6_prefix_add
 .text.uip_ds6_is_addr_onlink
                0x00006c74       0x40 contiki-srf06-cc26xx.a(uip-ds6.o)
                0x00006c74                uip_ds6_is_addr_onlink
 .text.uip_ds6_addr_lookup
                0x00006cb4       0x30 contiki-srf06-cc26xx.a(uip-ds6.o)
                0x00006cb4                uip_ds6_addr_lookup
 .text.uip_ds6_get_link_local
                0x00006ce4       0x50 contiki-srf06-cc26xx.a(uip-ds6.o)
                0x00006ce4                uip_ds6_get_link_local
 .text.uip_ds6_maddr_add
                0x00006d34       0x50 contiki-srf06-cc26xx.a(uip-ds6.o)
                0x00006d34                uip_ds6_maddr_add
 .text.uip_ds6_addr_add
                0x00006d84       0xa8 contiki-srf06-cc26xx.a(uip-ds6.o)
                0x00006d84                uip_ds6_addr_add
 .text.uip_ds6_maddr_lookup
                0x00006e2c       0x30 contiki-srf06-cc26xx.a(uip-ds6.o)
                0x00006e2c                uip_ds6_maddr_lookup
 .text.uip_ds6_addr_rm
                0x00006e5c       0x48 contiki-srf06-cc26xx.a(uip-ds6.o)
                0x00006e5c                uip_ds6_addr_rm
 .text.uip_ds6_periodic
                0x00006ea4       0x5c contiki-srf06-cc26xx.a(uip-ds6.o)
                0x00006ea4                uip_ds6_periodic
 .text.uip_ds6_select_src
                0x00006f00      0x118 contiki-srf06-cc26xx.a(uip-ds6.o)
                0x00006f00                uip_ds6_select_src
 .text.uip_ds6_set_addr_iid
                0x00007018       0x14 contiki-srf06-cc26xx.a(uip-ds6.o)
                0x00007018                uip_ds6_set_addr_iid
 .text.uip_ds6_compute_reachable_time
                0x0000702c       0x2c contiki-srf06-cc26xx.a(uip-ds6.o)
                0x0000702c                uip_ds6_compute_reachable_time
 .text.uip_ds6_init
                0x00007058       0xf8 contiki-srf06-cc26xx.a(uip-ds6.o)
                0x00007058                uip_ds6_init
 .text.call_route_callback
                0x00007150       0x50 contiki-srf06-cc26xx.a(uip-ds6-route.o)
 .text.uip_ds6_route_init
                0x000071a0       0x4c contiki-srf06-cc26xx.a(uip-ds6-route.o)
                0x000071a0                uip_ds6_route_init
 .text.uip_ds6_route_nexthop
                0x000071ec       0x1c contiki-srf06-cc26xx.a(uip-ds6-route.o)
                0x000071ec                uip_ds6_route_nexthop
 .text.uip_ds6_route_head
                0x00007208        0xc contiki-srf06-cc26xx.a(uip-ds6-route.o)
                0x00007208                uip_ds6_route_head
 .text.uip_ds6_route_next
                0x00007214        0x8 contiki-srf06-cc26xx.a(uip-ds6-route.o)
                0x00007214                uip_ds6_route_next
 .text.uip_ds6_route_is_nexthop
                0x0000721c       0x20 contiki-srf06-cc26xx.a(uip-ds6-route.o)
                0x0000721c                uip_ds6_route_is_nexthop
 .text.uip_ds6_route_lookup
                0x0000723c       0x78 contiki-srf06-cc26xx.a(uip-ds6-route.o)
                0x0000723c                uip_ds6_route_lookup
 .text.uip_ds6_route_rm
                0x000072b4       0xac contiki-srf06-cc26xx.a(uip-ds6-route.o)
                0x000072b4                uip_ds6_route_rm
 .text.rm_routelist
                0x00007360       0x38 contiki-srf06-cc26xx.a(uip-ds6-route.o)
 .text.rm_routelist_callback
                0x00007398        0x4 contiki-srf06-cc26xx.a(uip-ds6-route.o)
 .text.uip_ds6_route_add
                0x0000739c      0x118 contiki-srf06-cc26xx.a(uip-ds6-route.o)
                0x0000739c                uip_ds6_route_add
 .text.uip_ds6_defrt_rm
                0x000074b4       0x48 contiki-srf06-cc26xx.a(uip-ds6-route.o)
                0x000074b4                uip_ds6_defrt_rm
 .text.uip_ds6_defrt_lookup
                0x000074fc       0x34 contiki-srf06-cc26xx.a(uip-ds6-route.o)
                0x000074fc                uip_ds6_defrt_lookup
 .text.uip_ds6_defrt_add
                0x00007530       0x5c contiki-srf06-cc26xx.a(uip-ds6-route.o)
                0x00007530                uip_ds6_defrt_add
 .text.uip_ds6_defrt_choose
                0x0000758c       0x34 contiki-srf06-cc26xx.a(uip-ds6-route.o)
                0x0000758c                uip_ds6_defrt_choose
 .text.uip_ds6_defrt_periodic
                0x000075c0       0x40 contiki-srf06-cc26xx.a(uip-ds6-route.o)
                0x000075c0                uip_ds6_defrt_periodic
 .text.chksum   0x00007600       0x50 contiki-srf06-cc26xx.a(uip6.o)
 .text.upper_layer_chksum
                0x00007650       0x58 contiki-srf06-cc26xx.a(uip6.o)
 .text.ext_hdr_options_process
                0x000076a8       0xd4 contiki-srf06-cc26xx.a(uip6.o)
 .text.uip_icmp6chksum
                0x0000777c        0x8 contiki-srf06-cc26xx.a(uip6.o)
                0x0000777c                uip_icmp6chksum
 .text.uip_init
                0x00007784       0x30 contiki-srf06-cc26xx.a(uip6.o)
                0x00007784                uip_init
 .text.remove_ext_hdr
                0x000077b4       0x54 contiki-srf06-cc26xx.a(uip6.o)
                0x000077b4                remove_ext_hdr
 .text.uip_udp_new
                0x00007808       0x90 contiki-srf06-cc26xx.a(uip6.o)
                0x00007808                uip_udp_new
 .text.uip_process
                0x00007898      0x540 contiki-srf06-cc26xx.a(uip6.o)
                0x00007898                uip_process
 .text.uip_htonl
                0x00007dd8       0x14 contiki-srf06-cc26xx.a(uip6.o)
                0x00007dd8                uip_htonl
 .text.uip_ds6_nbr_rm
                0x00007dec       0x20 contiki-srf06-cc26xx.a(uip-ds6-nbr.o)
                0x00007dec                uip_ds6_nbr_rm
 .text.uip_ds6_neighbors_init
                0x00007e0c       0x1c contiki-srf06-cc26xx.a(uip-ds6-nbr.o)
                0x00007e0c                uip_ds6_neighbors_init
 .text.uip_ds6_nbr_add
                0x00007e28       0x38 contiki-srf06-cc26xx.a(uip-ds6-nbr.o)
                0x00007e28                uip_ds6_nbr_add
 .text.uip_ds6_nbr_get_ll
                0x00007e60       0x10 contiki-srf06-cc26xx.a(uip-ds6-nbr.o)
                0x00007e60                uip_ds6_nbr_get_ll
 .text.uip_ds6_nbr_lookup
                0x00007e70       0x3c contiki-srf06-cc26xx.a(uip-ds6-nbr.o)
                0x00007e70                uip_ds6_nbr_lookup
 .text.uip_ds6_nbr_ipaddr_from_lladdr
                0x00007eac       0x10 contiki-srf06-cc26xx.a(uip-ds6-nbr.o)
                0x00007eac                uip_ds6_nbr_ipaddr_from_lladdr
 .text.uip_ds6_nbr_lladdr_from_ipaddr
                0x00007ebc       0x1c contiki-srf06-cc26xx.a(uip-ds6-nbr.o)
                0x00007ebc                uip_ds6_nbr_lladdr_from_ipaddr
 .text.uip_ds6_link_neighbor_callback
                0x00007ed8       0x34 contiki-srf06-cc26xx.a(uip-ds6-nbr.o)
                0x00007ed8                uip_ds6_link_neighbor_callback
 .text.uip_nd6_init
                0x00007f0c        0x4 contiki-srf06-cc26xx.a(uip-nd6.o)
                0x00007f0c                uip_nd6_init
 .text.sicslowpan_init
                0x00007f10       0x24 contiki-srf06-cc26xx.a(sicslowpan.o)
                0x00007f10                sicslowpan_init
 .text.compress_addr_64
                0x00007f34       0x9c contiki-srf06-cc26xx.a(sicslowpan.o)
 .text.set_packet_attrs
                0x00007fd0       0x50 contiki-srf06-cc26xx.a(sicslowpan.o)
 .text.addr_context_lookup_by_prefix
                0x00008020       0x28 contiki-srf06-cc26xx.a(sicslowpan.o)
 .text.send_packet
                0x00008048       0x24 contiki-srf06-cc26xx.a(sicslowpan.o)
 .text.packet_sent
                0x0000806c       0x28 contiki-srf06-cc26xx.a(sicslowpan.o)
 .text.store_fragment
                0x00008094       0x68 contiki-srf06-cc26xx.a(sicslowpan.o)
 .text.add_fragment
                0x000080fc      0x17c contiki-srf06-cc26xx.a(sicslowpan.o)
 .text.uncompress_addr
                0x00008278       0xb8 contiki-srf06-cc26xx.a(sicslowpan.o)
 .text.input    0x00008330      0x68c contiki-srf06-cc26xx.a(sicslowpan.o)
 .text.output   0x000089bc      0x6fc contiki-srf06-cc26xx.a(sicslowpan.o)
 .text.sicslowpan_get_last_rssi
                0x000090b8        0xc contiki-srf06-cc26xx.a(sicslowpan.o)
                0x000090b8                sicslowpan_get_last_rssi
 .text.uip_debug_ipaddr_print
                0x000090c4       0xb0 contiki-srf06-cc26xx.a(uip-debug.o)
                0x000090c4                uip_debug_ipaddr_print
 .text.uip_udp_packet_send
                0x00009174       0x40 contiki-srf06-cc26xx.a(uip-udp-packet.)
                0x00009174                uip_udp_packet_send
 .text.uip_udp_packet_sendto
                0x000091b4       0x48 contiki-srf06-cc26xx.a(uip-udp-packet.)
                0x000091b4                uip_udp_packet_sendto
 .text.tcpip_set_outputfunc
                0x000091fc        0xc contiki-srf06-cc26xx.a(tcpip.o)
                0x000091fc                tcpip_set_outputfunc
 .text.udp_new  0x00009208       0x18 contiki-srf06-cc26xx.a(tcpip.o)
                0x00009208                udp_new
 .text.tcpip_icmp6_call
                0x00009220       0x28 contiki-srf06-cc26xx.a(tcpip.o)
                0x00009220                tcpip_icmp6_call
 .text.tcpip_input
                0x00009248       0x24 contiki-srf06-cc26xx.a(tcpip.o)
                0x00009248                tcpip_input
 .text.tcpip_ipv6_output
                0x0000926c       0xbc contiki-srf06-cc26xx.a(tcpip.o)
                0x0000926c                tcpip_ipv6_output
 .text.process_thread_tcpip_process
                0x00009328       0xe0 contiki-srf06-cc26xx.a(tcpip.o)
 .text.tcpip_uipcall
                0x00009408       0x2c contiki-srf06-cc26xx.a(tcpip.o)
                0x00009408                tcpip_uipcall
 .text.process_thread_simple_udp_process
                0x00009434       0xb0 contiki-srf06-cc26xx.a(simple-udp.o)
 .text.simple_udp_sendto
                0x000094e4       0x20 contiki-srf06-cc26xx.a(simple-udp.o)
                0x000094e4                simple_udp_sendto
 .text.simple_udp_register
                0x00009504       0x78 contiki-srf06-cc26xx.a(simple-udp.o)
                0x00009504                simple_udp_register
 .text.update_hbh_header
                0x0000957c       0xd0 contiki-srf06-cc26xx.a(rpl-ext-header.)
 .text.insert_hbh_header.isra.0
                0x0000964c       0xb0 contiki-srf06-cc26xx.a(rpl-ext-header.)
 .text.rpl_verify_hbh_header
                0x000096fc       0xf0 contiki-srf06-cc26xx.a(rpl-ext-header.)
                0x000096fc                rpl_verify_hbh_header
 .text.rpl_remove_header
                0x000097ec       0x80 contiki-srf06-cc26xx.a(rpl-ext-header.)
                0x000097ec                rpl_remove_header
 .text.rpl_update_header
                0x0000986c       0x68 contiki-srf06-cc26xx.a(rpl-ext-header.)
                0x0000986c                rpl_update_header
 .text.rpl_get_mode
                0x000098d4        0xc contiki-srf06-cc26xx.a(rpl.o)
                0x000098d4                rpl_get_mode
 .text.rpl_purge_routes
                0x000098e0       0x7c contiki-srf06-cc26xx.a(rpl.o)
                0x000098e0                rpl_purge_routes
 .text.rpl_remove_routes
                0x0000995c       0x24 contiki-srf06-cc26xx.a(rpl.o)
                0x0000995c                rpl_remove_routes
 .text.rpl_remove_routes_by_nexthop
                0x00009980       0x34 contiki-srf06-cc26xx.a(rpl.o)
                0x00009980                rpl_remove_routes_by_nexthop
 .text.rpl_add_route
                0x000099b4       0x34 contiki-srf06-cc26xx.a(rpl.o)
                0x000099b4                rpl_add_route
 .text.rpl_link_neighbor_callback
                0x000099e8       0x60 contiki-srf06-cc26xx.a(rpl.o)
                0x000099e8                rpl_link_neighbor_callback
 .text.rpl_ipv6_neighbor_callback
                0x00009a48       0x30 contiki-srf06-cc26xx.a(rpl.o)
                0x00009a48                rpl_ipv6_neighbor_callback
 .text.rpl_purge_dags
                0x00009a78       0x2c contiki-srf06-cc26xx.a(rpl.o)
                0x00009a78                rpl_purge_dags
 .text.rpl_init
                0x00009aa4       0x4c contiki-srf06-cc26xx.a(rpl.o)
                0x00009aa4                rpl_init
 .text.dao_ack_input
                0x00009af0       0x14 contiki-srf06-cc26xx.a(rpl-icmp6.o)
 .text.dao_output_target_seq
                0x00009b04       0xe8 contiki-srf06-cc26xx.a(rpl-icmp6.o)
 .text.dio_input
                0x00009bec      0x2a8 contiki-srf06-cc26xx.a(rpl-icmp6.o)
 .text.rpl_icmp6_update_nbr_table
                0x00009e94       0x38 contiki-srf06-cc26xx.a(rpl-icmp6.o)
                0x00009e94                rpl_icmp6_update_nbr_table
 .text.dao_input
                0x00009ecc      0x2c0 contiki-srf06-cc26xx.a(rpl-icmp6.o)
 .text.dis_output
                0x0000a18c       0x58 contiki-srf06-cc26xx.a(rpl-icmp6.o)
                0x0000a18c                dis_output
 .text.dio_output
                0x0000a1e4      0x2b0 contiki-srf06-cc26xx.a(rpl-icmp6.o)
                0x0000a1e4                dio_output
 .text.dis_input
                0x0000a494       0x54 contiki-srf06-cc26xx.a(rpl-icmp6.o)
 .text.dao_output
                0x0000a4e8       0x90 contiki-srf06-cc26xx.a(rpl-icmp6.o)
                0x0000a4e8                dao_output
 .text.dao_output_target
                0x0000a578        0xc contiki-srf06-cc26xx.a(rpl-icmp6.o)
                0x0000a578                dao_output_target
 .text.rpl_icmp6_register_handlers
                0x0000a584       0x30 contiki-srf06-cc26xx.a(rpl-icmp6.o)
                0x0000a584                rpl_icmp6_register_handlers
 .text.rpl_set_preferred_parent
                0x0000a5b4       0x2c contiki-srf06-cc26xx.a(rpl-dag.o)
 .text.set_ip_from_prefix
                0x0000a5e0       0x24 contiki-srf06-cc26xx.a(rpl-dag.o)
 .text.check_prefix
                0x0000a604       0x78 contiki-srf06-cc26xx.a(rpl-dag.o)
 .text.find_parent_any_dag_any_instance
                0x0000a67c       0x1c contiki-srf06-cc26xx.a(rpl-dag.o)
 .text.lollipop_greater_than
                0x0000a698       0x3c contiki-srf06-cc26xx.a(rpl-dag.o)
 .text.rpl_dag_init
                0x0000a6d4       0x14 contiki-srf06-cc26xx.a(rpl-dag.o)
                0x0000a6d4                rpl_dag_init
 .text.rpl_get_parent
                0x0000a6e8       0x10 contiki-srf06-cc26xx.a(rpl-dag.o)
                0x0000a6e8                rpl_get_parent
 .text.rpl_get_parent_link_metric
                0x0000a6f8       0x1c contiki-srf06-cc26xx.a(rpl-dag.o)
                0x0000a6f8                rpl_get_parent_link_metric
 .text.rpl_rank_via_parent
                0x0000a714       0x1c contiki-srf06-cc26xx.a(rpl-dag.o)
                0x0000a714                rpl_rank_via_parent
 .text.rpl_get_parent_ipaddr
                0x0000a730       0x18 contiki-srf06-cc26xx.a(rpl-dag.o)
                0x0000a730                rpl_get_parent_ipaddr
 .text.rpl_get_parent_link_stats
                0x0000a748       0x18 contiki-srf06-cc26xx.a(rpl-dag.o)
                0x0000a748                rpl_get_parent_link_stats
 .text.best_parent
                0x0000a760       0x8c contiki-srf06-cc26xx.a(rpl-dag.o)
 .text.rpl_parent_is_fresh
                0x0000a7ec       0x10 contiki-srf06-cc26xx.a(rpl-dag.o)
                0x0000a7ec                rpl_parent_is_fresh
 .text.rpl_parent_is_reachable
                0x0000a7fc       0x40 contiki-srf06-cc26xx.a(rpl-dag.o)
                0x0000a7fc                rpl_parent_is_reachable
 .text.rpl_repair_root
                0x0000a83c       0x60 contiki-srf06-cc26xx.a(rpl-dag.o)
                0x0000a83c                rpl_repair_root
 .text.rpl_set_prefix
                0x0000a89c       0x94 contiki-srf06-cc26xx.a(rpl-dag.o)
                0x0000a89c                rpl_set_prefix
 .text.rpl_set_default_route
                0x0000a930       0x2c contiki-srf06-cc26xx.a(rpl-dag.o)
                0x0000a930                rpl_set_default_route
 .text.rpl_alloc_instance
                0x0000a95c       0x34 contiki-srf06-cc26xx.a(rpl-dag.o)
                0x0000a95c                rpl_alloc_instance
 .text.rpl_alloc_dag
                0x0000a990       0x5c contiki-srf06-cc26xx.a(rpl-dag.o)
                0x0000a990                rpl_alloc_dag
 .text.rpl_get_default_instance
                0x0000a9ec        0xc contiki-srf06-cc26xx.a(rpl-dag.o)
                0x0000a9ec                rpl_get_default_instance
 .text.rpl_add_parent
                0x0000a9f8       0x30 contiki-srf06-cc26xx.a(rpl-dag.o)
                0x0000a9f8                rpl_add_parent
 .text.rpl_find_parent
                0x0000aa28       0x18 contiki-srf06-cc26xx.a(rpl-dag.o)
                0x0000aa28                rpl_find_parent
 .text.rpl_find_parent_any_dag
                0x0000aa40       0x20 contiki-srf06-cc26xx.a(rpl-dag.o)
                0x0000aa40                rpl_find_parent_any_dag
 .text.rpl_select_parent
                0x0000aa60       0x58 contiki-srf06-cc26xx.a(rpl-dag.o)
                0x0000aa60                rpl_select_parent
 .text.rpl_select_dag
                0x0000aab8      0x184 contiki-srf06-cc26xx.a(rpl-dag.o)
                0x0000aab8                rpl_select_dag
 .text.rpl_nullify_parent
                0x0000ac3c       0x54 contiki-srf06-cc26xx.a(rpl-dag.o)
                0x0000ac3c                rpl_nullify_parent
 .text.rpl_remove_parent
                0x0000ac90       0x1c contiki-srf06-cc26xx.a(rpl-dag.o)
                0x0000ac90                rpl_remove_parent
 .text.nbr_callback
                0x0000acac        0x4 contiki-srf06-cc26xx.a(rpl-dag.o)
 .text.remove_parents.constprop.7
                0x0000acb0       0x48 contiki-srf06-cc26xx.a(rpl-dag.o)
 .text.rpl_free_dag
                0x0000acf8       0x3c contiki-srf06-cc26xx.a(rpl-dag.o)
                0x0000acf8                rpl_free_dag
 .text.rpl_move_parent
                0x0000ad34       0x54 contiki-srf06-cc26xx.a(rpl-dag.o)
                0x0000ad34                rpl_move_parent
 .text.rpl_get_any_dag
                0x0000ad88       0x18 contiki-srf06-cc26xx.a(rpl-dag.o)
                0x0000ad88                rpl_get_any_dag
 .text.rpl_get_instance
                0x0000ada0       0x20 contiki-srf06-cc26xx.a(rpl-dag.o)
                0x0000ada0                rpl_get_instance
 .text.rpl_join_instance
                0x0000adc0      0x14c contiki-srf06-cc26xx.a(rpl-dag.o)
                0x0000adc0                rpl_join_instance
 .text.rpl_local_repair
                0x0000af0c       0x6c contiki-srf06-cc26xx.a(rpl-dag.o)
                0x0000af0c                rpl_local_repair
 .text.rpl_process_parent_event
                0x0000af78       0x9c contiki-srf06-cc26xx.a(rpl-dag.o)
                0x0000af78                rpl_process_parent_event
 .text.rpl_recalculate_ranks
                0x0000b014       0x50 contiki-srf06-cc26xx.a(rpl-dag.o)
                0x0000b014                rpl_recalculate_ranks
 .text.rpl_process_dio
                0x0000b064      0x2ec contiki-srf06-cc26xx.a(rpl-dag.o)
                0x0000b064                rpl_process_dio
 .text.NOROM_SetupGetTrimForXoscHfCtl.part.3
                0x0000b350       0x20 contiki-srf06-cc26xx.a(setup.o)
 .text.NOROM_SetupGetTrimForRadcExtCfg.part.4
                0x0000b370       0x1c contiki-srf06-cc26xx.a(setup.o)
 .text.NOROM_SetupAfterColdResetWakeupFromShutDownCfg1
                0x0000b38c       0x7c contiki-srf06-cc26xx.a(setup.o)
                0x0000b38c                NOROM_SetupAfterColdResetWakeupFromShutDownCfg1
 .text.NOROM_SetupAfterColdResetWakeupFromShutDownCfg3
                0x0000b408      0x1a0 contiki-srf06-cc26xx.a(setup.o)
                0x0000b408                NOROM_SetupAfterColdResetWakeupFromShutDownCfg3
 .text.NOROM_SetupGetTrimForAnabypassValue1
                0x0000b5a8       0x64 contiki-srf06-cc26xx.a(setup.o)
                0x0000b5a8                NOROM_SetupGetTrimForAnabypassValue1
 .text.NOROM_SetupGetTrimForAmpcompCtrl
                0x0000b60c       0x74 contiki-srf06-cc26xx.a(setup.o)
                0x0000b60c                NOROM_SetupGetTrimForAmpcompCtrl
 .text.NOROM_SetupAfterColdResetWakeupFromShutDownCfg2
                0x0000b680      0x194 contiki-srf06-cc26xx.a(setup.o)
                0x0000b680                NOROM_SetupAfterColdResetWakeupFromShutDownCfg2
 .text.TrimAfterColdResetWakeupFromShutDown
                0x0000b814       0xe4 contiki-srf06-cc26xx.a(setup.o)
 .text.NOROM_SetupSignExtendVddrTrimValue
                0x0000b8f8        0x8 contiki-srf06-cc26xx.a(setup.o)
                0x0000b8f8                NOROM_SetupSignExtendVddrTrimValue
 .text.NOROM_SetupSetCacheModeAccordingToCcfgSetting
                0x0000b900       0x68 contiki-srf06-cc26xx.a(setup.o)
                0x0000b900                NOROM_SetupSetCacheModeAccordingToCcfgSetting
 .text.NOROM_SetupTrimDevice
                0x0000b968       0xa4 contiki-srf06-cc26xx.a(setup.o)
                0x0000b968                NOROM_SetupTrimDevice
 .text.NOROM_SysCtrlSetRechargeBeforePowerDown
                0x0000ba0c      0x25c contiki-srf06-cc26xx.a(sys_ctrl.o)
                0x0000ba0c                NOROM_SysCtrlSetRechargeBeforePowerDown
 .text.NOROM_SysCtrlAdjustRechargeAfterPowerDown
                0x0000bc68       0x70 contiki-srf06-cc26xx.a(sys_ctrl.o)
                0x0000bc68                NOROM_SysCtrlAdjustRechargeAfterPowerDown
 .text.NOROM_SysCtrl_DCDC_VoltageConditionalControl
                0x0000bcd8       0x7c contiki-srf06-cc26xx.a(sys_ctrl.o)
                0x0000bcd8                NOROM_SysCtrl_DCDC_VoltageConditionalControl
 .text.NOROM_ChipInfo_GetChipFamily
                0x0000bd54       0x4c contiki-srf06-cc26xx.a(chipinfo.o)
                0x0000bd54                NOROM_ChipInfo_GetChipFamily
 .text.NOROM_ChipInfo_GetChipType
                0x0000bda0       0x50 contiki-srf06-cc26xx.a(chipinfo.o)
                0x0000bda0                NOROM_ChipInfo_GetChipType
 .text.NOROM_ChipInfo_GetHwRevision
                0x0000bdf0       0x6c contiki-srf06-cc26xx.a(chipinfo.o)
                0x0000bdf0                NOROM_ChipInfo_GetHwRevision
 .text.NOROM_ThisCodeIsBuiltForCC26xxHwRev22AndLater_HaltIfViolated
                0x0000be5c       0x14 contiki-srf06-cc26xx.a(chipinfo.o)
                0x0000be5c                NOROM_ThisCodeIsBuiltForCC26xxHwRev22AndLater_HaltIfViolated
 .text.SafeHapiVoid
                0x0000be70       0x2c contiki-srf06-cc26xx.a(adi.o)
                0x0000be70                SafeHapiVoid
 .text.NOROM_PowerCtrlSourceSet
                0x0000be9c       0x30 contiki-srf06-cc26xx.a(pwr_ctrl.o)
                0x0000be9c                NOROM_PowerCtrlSourceSet
 .text.NOROM_CPUcpsid
                0x0000becc        0x8 contiki-srf06-cc26xx.a(cpu.o)
                0x0000becc                NOROM_CPUcpsid
 .text.NOROM_CPUcpsie
                0x0000bed4        0x8 contiki-srf06-cc26xx.a(cpu.o)
                0x0000bed4                NOROM_CPUcpsie
 .text.NOROM_TRNGConfigure
                0x0000bedc       0x38 contiki-srf06-cc26xx.a(trng.o)
                0x0000bedc                NOROM_TRNGConfigure
 .text.NOROM_DDI32RegWrite
                0x0000bf14       0x34 contiki-srf06-cc26xx.a(ddi.o)
                0x0000bf14                NOROM_DDI32RegWrite
 .text.NOROM_DDI16BitfieldWrite
                0x0000bf48       0x4c contiki-srf06-cc26xx.a(ddi.o)
                0x0000bf48                NOROM_DDI16BitfieldWrite
 .text.NOROM_DDI16BitfieldRead
                0x0000bf94       0x4c contiki-srf06-cc26xx.a(ddi.o)
                0x0000bf94                NOROM_DDI16BitfieldRead
 .text.NOROM_AONRTCCurrentCompareValueGet
                0x0000bfe0       0x24 contiki-srf06-cc26xx.a(aon_rtc.o)
                0x0000bfe0                NOROM_AONRTCCurrentCompareValueGet
 .text.NOROM_OSCClockSourceSet
                0x0000c004       0x50 contiki-srf06-cc26xx.a(osc.o)
                0x0000c004                NOROM_OSCClockSourceSet
 .text.NOROM_OSCClockSourceGet
                0x0000c054       0x20 contiki-srf06-cc26xx.a(osc.o)
                0x0000c054                NOROM_OSCClockSourceGet
 .text.queuebuf_init
                0x0000c074       0x1c contiki-srf06-cc26xx.a(queuebuf.o)
                0x0000c074                queuebuf_init
 .text.queuebuf_numfree
                0x0000c090        0xc contiki-srf06-cc26xx.a(queuebuf.o)
                0x0000c090                queuebuf_numfree
 .text.queuebuf_new_from_packetbuf
                0x0000c09c       0x48 contiki-srf06-cc26xx.a(queuebuf.o)
                0x0000c09c                queuebuf_new_from_packetbuf
 .text.queuebuf_update_attr_from_packetbuf
                0x0000c0e4        0xc contiki-srf06-cc26xx.a(queuebuf.o)
                0x0000c0e4                queuebuf_update_attr_from_packetbuf
 .text.queuebuf_update_from_packetbuf
                0x0000c0f0       0x1c contiki-srf06-cc26xx.a(queuebuf.o)
                0x0000c0f0                queuebuf_update_from_packetbuf
 .text.queuebuf_free
                0x0000c10c       0x2c contiki-srf06-cc26xx.a(queuebuf.o)
                0x0000c10c                queuebuf_free
 .text.queuebuf_to_packetbuf
                0x0000c138       0x30 contiki-srf06-cc26xx.a(queuebuf.o)
                0x0000c138                queuebuf_to_packetbuf
 .text.queuebuf_attr
                0x0000c168        0xc contiki-srf06-cc26xx.a(queuebuf.o)
                0x0000c168                queuebuf_attr
 .text.index_from_lladdr
                0x0000c174       0x50 contiki-srf06-cc26xx.a(nbr-table.o)
 .text.remove_key
                0x0000c1c4       0x9c contiki-srf06-cc26xx.a(nbr-table.o)
 .text.nbr_table_register
                0x0000c260       0x2c contiki-srf06-cc26xx.a(nbr-table.o)
                0x0000c260                nbr_table_register
 .text.nbr_table_next
                0x0000c28c       0x7c contiki-srf06-cc26xx.a(nbr-table.o)
                0x0000c28c                nbr_table_next
 .text.nbr_table_head
                0x0000c308       0x70 contiki-srf06-cc26xx.a(nbr-table.o)
                0x0000c308                nbr_table_head
 .text.nbr_table_add_lladdr
                0x0000c378      0x15c contiki-srf06-cc26xx.a(nbr-table.o)
                0x0000c378                nbr_table_add_lladdr
 .text.nbr_table_get_from_lladdr
                0x0000c4d4       0x44 contiki-srf06-cc26xx.a(nbr-table.o)
                0x0000c4d4                nbr_table_get_from_lladdr
 .text.nbr_table_remove
                0x0000c518       0x5c contiki-srf06-cc26xx.a(nbr-table.o)
                0x0000c518                nbr_table_remove
 .text.nbr_table_lock
                0x0000c574       0x34 contiki-srf06-cc26xx.a(nbr-table.o)
                0x0000c574                nbr_table_lock
 .text.nbr_table_unlock
                0x0000c5a8       0x38 contiki-srf06-cc26xx.a(nbr-table.o)
                0x0000c5a8                nbr_table_unlock
 .text.nbr_table_get_lladdr
                0x0000c5e0       0x30 contiki-srf06-cc26xx.a(nbr-table.o)
                0x0000c5e0                nbr_table_get_lladdr
 .text.packetbuf_copyto
                0x0000c610       0x50 contiki-srf06-cc26xx.a(packetbuf.o)
                0x0000c610                packetbuf_copyto
 .text.packetbuf_hdralloc
                0x0000c660       0x54 contiki-srf06-cc26xx.a(packetbuf.o)
                0x0000c660                packetbuf_hdralloc
 .text.packetbuf_hdrreduce
                0x0000c6b4       0x2c contiki-srf06-cc26xx.a(packetbuf.o)
                0x0000c6b4                packetbuf_hdrreduce
 .text.packetbuf_set_datalen
                0x0000c6e0        0xc contiki-srf06-cc26xx.a(packetbuf.o)
                0x0000c6e0                packetbuf_set_datalen
 .text.packetbuf_dataptr
                0x0000c6ec       0x20 contiki-srf06-cc26xx.a(packetbuf.o)
                0x0000c6ec                packetbuf_dataptr
 .text.packetbuf_hdrptr
                0x0000c70c        0x8 contiki-srf06-cc26xx.a(packetbuf.o)
                0x0000c70c                packetbuf_hdrptr
 .text.packetbuf_datalen
                0x0000c714        0xc contiki-srf06-cc26xx.a(packetbuf.o)
                0x0000c714                packetbuf_datalen
 .text.packetbuf_totlen
                0x0000c720       0x24 contiki-srf06-cc26xx.a(packetbuf.o)
                0x0000c720                packetbuf_totlen
 .text.packetbuf_attr_clear
                0x0000c744       0x34 contiki-srf06-cc26xx.a(packetbuf.o)
                0x0000c744                packetbuf_attr_clear
 .text.packetbuf_clear
                0x0000c778       0x20 contiki-srf06-cc26xx.a(packetbuf.o)
                0x0000c778                packetbuf_clear
 .text.packetbuf_copyfrom
                0x0000c798       0x40 contiki-srf06-cc26xx.a(packetbuf.o)
                0x0000c798                packetbuf_copyfrom
 .text.packetbuf_attr_copyto
                0x0000c7d8       0x44 contiki-srf06-cc26xx.a(packetbuf.o)
                0x0000c7d8                packetbuf_attr_copyto
 .text.packetbuf_attr_copyfrom
                0x0000c81c       0x44 contiki-srf06-cc26xx.a(packetbuf.o)
                0x0000c81c                packetbuf_attr_copyfrom
 .text.packetbuf_set_attr
                0x0000c860       0x10 contiki-srf06-cc26xx.a(packetbuf.o)
                0x0000c860                packetbuf_set_attr
 .text.packetbuf_attr
                0x0000c870        0xc contiki-srf06-cc26xx.a(packetbuf.o)
                0x0000c870                packetbuf_attr
 .text.packetbuf_set_addr
                0x0000c87c       0x18 contiki-srf06-cc26xx.a(packetbuf.o)
                0x0000c87c                packetbuf_set_addr
 .text.packetbuf_addr
                0x0000c894       0x10 contiki-srf06-cc26xx.a(packetbuf.o)
                0x0000c894                packetbuf_addr
 .text.packetbuf_holds_broadcast
                0x0000c8a4       0x10 contiki-srf06-cc26xx.a(packetbuf.o)
                0x0000c8a4                packetbuf_holds_broadcast
 .text.netstack_init
                0x0000c8b4       0x38 contiki-srf06-cc26xx.a(netstack.o)
                0x0000c8b4                netstack_init
 .text.linkaddr_copy
                0x0000c8ec        0xc contiki-srf06-cc26xx.a(linkaddr.o)
                0x0000c8ec                linkaddr_copy
 .text.linkaddr_cmp
                0x0000c8f8       0x10 contiki-srf06-cc26xx.a(linkaddr.o)
                0x0000c8f8                linkaddr_cmp
 .text.periodic
                0x0000c908       0x2c contiki-srf06-cc26xx.a(link-stats.o)
 .text.link_stats_from_lladdr
                0x0000c934        0xc contiki-srf06-cc26xx.a(link-stats.o)
                0x0000c934                link_stats_from_lladdr
 .text.link_stats_is_fresh
                0x0000c940       0x28 contiki-srf06-cc26xx.a(link-stats.o)
                0x0000c940                link_stats_is_fresh
 .text.link_stats_packet_sent
                0x0000c968       0xcc contiki-srf06-cc26xx.a(link-stats.o)
                0x0000c968                link_stats_packet_sent
 .text.link_stats_input_callback
                0x0000ca34       0x5c contiki-srf06-cc26xx.a(link-stats.o)
                0x0000ca34                link_stats_input_callback
 .text.link_stats_init
                0x0000ca90       0x28 contiki-srf06-cc26xx.a(link-stats.o)
                0x0000ca90                link_stats_init
 .text.parse    0x0000cab8       0xa0 contiki-srf06-cc26xx.a(framer-802154.o)
 .text.create_frame.isra.0
                0x0000cb58      0x140 contiki-srf06-cc26xx.a(framer-802154.o)
 .text.create   0x0000cc98        0x8 contiki-srf06-cc26xx.a(framer-802154.o)
 .text.hdr_length
                0x0000cca0        0x8 contiki-srf06-cc26xx.a(framer-802154.o)
 .text.input_packet
                0x0000cca8        0xc contiki-srf06-cc26xx.a(csma.o)
 .text.on       0x0000ccb4        0xc contiki-srf06-cc26xx.a(csma.o)
 .text.off      0x0000ccc0        0xc contiki-srf06-cc26xx.a(csma.o)
 .text.channel_check_interval
                0x0000cccc       0x10 contiki-srf06-cc26xx.a(csma.o)
 .text.transmit_packet_list
                0x0000ccdc       0x34 contiki-srf06-cc26xx.a(csma.o)
 .text.schedule_transmission
                0x0000cd10       0x58 contiki-srf06-cc26xx.a(csma.o)
 .text.send_packet
                0x0000cd68      0x154 contiki-srf06-cc26xx.a(csma.o)
 .text.init     0x0000cebc       0x24 contiki-srf06-cc26xx.a(csma.o)
 .text.tx_done  0x0000cee0       0x80 contiki-srf06-cc26xx.a(csma.o)
 .text.packet_sent
                0x0000cf60       0xe8 contiki-srf06-cc26xx.a(csma.o)
 .text.duty_cycle
                0x0000d048        0x4 contiki-srf06-cc26xx.a(contikimac.o)
 .text.init     0x0000d04c       0x40 contiki-srf06-cc26xx.a(contikimac.o)
 .text.on.part.0
                0x0000d08c       0x14 contiki-srf06-cc26xx.a(contikimac.o)
 .text.off      0x0000d0a0       0x38 contiki-srf06-cc26xx.a(contikimac.o)
 .text.recv_burst_off
                0x0000d0d8       0x14 contiki-srf06-cc26xx.a(contikimac.o)
 .text.powercycle_turn_radio_off.part.2
                0x0000d0ec       0x10 contiki-srf06-cc26xx.a(contikimac.o)
 .text.turn_off
                0x0000d0fc       0x44 contiki-srf06-cc26xx.a(contikimac.o)
 .text.turn_on  0x0000d140       0x44 contiki-srf06-cc26xx.a(contikimac.o)
 .text.schedule_powercycle_fixed.part.5
                0x0000d184       0x2c contiki-srf06-cc26xx.a(contikimac.o)
 .text.input_packet
                0x0000d1b0       0xc4 contiki-srf06-cc26xx.a(contikimac.o)
 .text.send_packet.isra.8
                0x0000d274      0x23c contiki-srf06-cc26xx.a(contikimac.o)
 .text.qsend_list
                0x0000d4b0       0xe0 contiki-srf06-cc26xx.a(contikimac.o)
 .text.qsend_packet
                0x0000d590       0x24 contiki-srf06-cc26xx.a(contikimac.o)
 .text.powercycle_wrapper
                0x0000d5b4      0x264 contiki-srf06-cc26xx.a(contikimac.o)
 .text.init     0x0000d818        0x4 contiki-srf06-cc26xx.a(nullsec.o)
 .text.input    0x0000d81c        0xc contiki-srf06-cc26xx.a(nullsec.o)
 .text.send     0x0000d828       0x20 contiki-srf06-cc26xx.a(nullsec.o)
 .text.coap_set_option_header
                0x0000d848       0x90 contiki-srf06-cc26xx.a(er-coap.o)
 .text.coap_serialize_int_option
                0x0000d8d8       0x68 contiki-srf06-cc26xx.a(er-coap.o)
 .text.coap_merge_multi_option
                0x0000d940       0x34 contiki-srf06-cc26xx.a(er-coap.o)
 .text.coap_get_variable
                0x0000d974       0x78 contiki-srf06-cc26xx.a(er-coap.o)
 .text.coap_serialize_array_option.part.0
                0x0000d9ec       0x20 contiki-srf06-cc26xx.a(er-coap.o)
 .text.coap_serialize_array_option
                0x0000da0c       0x94 contiki-srf06-cc26xx.a(er-coap.o)
 .text.coap_init_connection
                0x0000daa0       0x28 contiki-srf06-cc26xx.a(er-coap.o)
                0x0000daa0                coap_init_connection
 .text.coap_get_mid
                0x0000dac8       0x10 contiki-srf06-cc26xx.a(er-coap.o)
                0x0000dac8                coap_get_mid
 .text.coap_init_message
                0x0000dad8       0x1c contiki-srf06-cc26xx.a(er-coap.o)
                0x0000dad8                coap_init_message
 .text.coap_serialize_message
                0x0000daf4      0x31c contiki-srf06-cc26xx.a(er-coap.o)
                0x0000daf4                coap_serialize_message
 .text.coap_send_message
                0x0000de10       0x40 contiki-srf06-cc26xx.a(er-coap.o)
                0x0000de10                coap_send_message
 .text.coap_parse_message
                0x0000de50      0x44c contiki-srf06-cc26xx.a(er-coap.o)
                0x0000de50                coap_parse_message
 .text.coap_get_query_variable
                0x0000e29c       0x24 contiki-srf06-cc26xx.a(er-coap.o)
                0x0000e29c                coap_get_query_variable
 .text.coap_get_post_variable
                0x0000e2c0       0x20 contiki-srf06-cc26xx.a(er-coap.o)
                0x0000e2c0                coap_get_post_variable
 .text.coap_set_status_code
                0x0000e2e0        0xc contiki-srf06-cc26xx.a(er-coap.o)
                0x0000e2e0                coap_set_status_code
 .text.coap_set_token
                0x0000e2ec       0x18 contiki-srf06-cc26xx.a(er-coap.o)
                0x0000e2ec                coap_set_token
 .text.coap_get_header_content_format
                0x0000e304       0x18 contiki-srf06-cc26xx.a(er-coap.o)
                0x0000e304                coap_get_header_content_format
 .text.coap_set_header_content_format
                0x0000e31c       0x10 contiki-srf06-cc26xx.a(er-coap.o)
                0x0000e31c                coap_set_header_content_format
 .text.coap_get_header_accept
                0x0000e32c       0x1c contiki-srf06-cc26xx.a(er-coap.o)
                0x0000e32c                coap_get_header_accept
 .text.coap_get_header_max_age
                0x0000e348       0x10 contiki-srf06-cc26xx.a(er-coap.o)
                0x0000e348                coap_get_header_max_age
 .text.coap_set_header_max_age
                0x0000e358       0x10 contiki-srf06-cc26xx.a(er-coap.o)
                0x0000e358                coap_set_header_max_age
 .text.coap_set_header_etag
                0x0000e368       0x24 contiki-srf06-cc26xx.a(er-coap.o)
                0x0000e368                coap_set_header_etag
 .text.coap_get_header_if_match
                0x0000e38c       0x1c contiki-srf06-cc26xx.a(er-coap.o)
                0x0000e38c                coap_get_header_if_match
 .text.coap_get_header_if_none_match
                0x0000e3a8        0x8 contiki-srf06-cc26xx.a(er-coap.o)
                0x0000e3a8                coap_get_header_if_none_match
 .text.coap_get_header_uri_host
                0x0000e3b0       0x18 contiki-srf06-cc26xx.a(er-coap.o)
                0x0000e3b0                coap_get_header_uri_host
 .text.coap_get_header_uri_path
                0x0000e3c8       0x18 contiki-srf06-cc26xx.a(er-coap.o)
                0x0000e3c8                coap_get_header_uri_path
 .text.coap_set_header_uri_path
                0x0000e3e0       0x28 contiki-srf06-cc26xx.a(er-coap.o)
                0x0000e3e0                coap_set_header_uri_path
 .text.coap_get_header_uri_query
                0x0000e408       0x18 contiki-srf06-cc26xx.a(er-coap.o)
                0x0000e408                coap_get_header_uri_query
 .text.coap_set_header_location_path
                0x0000e420       0x60 contiki-srf06-cc26xx.a(er-coap.o)
                0x0000e420                coap_set_header_location_path
 .text.coap_get_header_observe
                0x0000e480       0x18 contiki-srf06-cc26xx.a(er-coap.o)
                0x0000e480                coap_get_header_observe
 .text.coap_set_header_observe
                0x0000e498       0x10 contiki-srf06-cc26xx.a(er-coap.o)
                0x0000e498                coap_set_header_observe
 .text.coap_get_header_block2
                0x0000e4a8       0x3c contiki-srf06-cc26xx.a(er-coap.o)
                0x0000e4a8                coap_get_header_block2
 .text.coap_set_header_block2
                0x0000e4e4       0x38 contiki-srf06-cc26xx.a(er-coap.o)
                0x0000e4e4                coap_set_header_block2
 .text.coap_get_header_size2
                0x0000e51c       0x1c contiki-srf06-cc26xx.a(er-coap.o)
                0x0000e51c                coap_get_header_size2
 .text.coap_set_header_size2
                0x0000e538       0x10 contiki-srf06-cc26xx.a(er-coap.o)
                0x0000e538                coap_set_header_size2
 .text.coap_get_payload
                0x0000e548       0x14 contiki-srf06-cc26xx.a(er-coap.o)
                0x0000e548                coap_get_payload
 .text.coap_set_payload
                0x0000e55c       0x14 contiki-srf06-cc26xx.a(er-coap.o)
                0x0000e55c                coap_set_payload
 .text.rtimer_arch_init
                0x0000e570        0x4 contiki-srf06-cc26xx.a(rtimer-arch.o)
                0x0000e570                rtimer_arch_init
 .text.rtimer_arch_schedule
                0x0000e574        0x8 contiki-srf06-cc26xx.a(rtimer-arch.o)
                0x0000e574                rtimer_arch_schedule
 .text.rtimer_arch_now
                0x0000e57c        0x4 contiki-srf06-cc26xx.a(rtimer-arch.o)
                0x0000e57c                rtimer_arch_now
 .text.aux_ctrl_power_up
                0x0000e580       0x28 contiki-srf06-cc26xx.a(aux-ctrl.o)
                0x0000e580                aux_ctrl_power_up
 .text.aux_ctrl_register_consumer
                0x0000e5a8       0x40 contiki-srf06-cc26xx.a(aux-ctrl.o)
                0x0000e5a8                aux_ctrl_register_consumer
 .text.aux_ctrl_power_down
                0x0000e5e8       0x6c contiki-srf06-cc26xx.a(aux-ctrl.o)
                0x0000e5e8                aux_ctrl_power_down
 .text.aux_ctrl_unregister_consumer
                0x0000e654       0x28 contiki-srf06-cc26xx.a(aux-ctrl.o)
                0x0000e654                aux_ctrl_unregister_consumer
 .text.process_thread_rf_core_process
                0x0000e67c       0x58 contiki-srf06-cc26xx.a(rf-core.o)
 .text.rf_core_is_accessible
                0x0000e6d4       0x10 contiki-srf06-cc26xx.a(rf-core.o)
                0x0000e6d4                rf_core_is_accessible
 .text.rf_core_send_cmd
                0x0000e6e4       0x94 contiki-srf06-cc26xx.a(rf-core.o)
                0x0000e6e4                rf_core_send_cmd
 .text.rf_core_wait_cmd_done
                0x0000e778       0x30 contiki-srf06-cc26xx.a(rf-core.o)
                0x0000e778                rf_core_wait_cmd_done
 .text.rf_core_power_up
                0x0000e7a8       0xb4 contiki-srf06-cc26xx.a(rf-core.o)
                0x0000e7a8                rf_core_power_up
 .text.rf_core_start_rat
                0x0000e85c       0x68 contiki-srf06-cc26xx.a(rf-core.o)
                0x0000e85c                rf_core_start_rat
 .text.rf_core_stop_rat
                0x0000e8c4       0x7c contiki-srf06-cc26xx.a(rf-core.o)
                0x0000e8c4                rf_core_stop_rat
 .text.rf_core_power_down
                0x0000e940       0xec contiki-srf06-cc26xx.a(rf-core.o)
                0x0000e940                rf_core_power_down
 .text.rf_core_set_modesel
                0x0000ea2c       0x38 contiki-srf06-cc26xx.a(rf-core.o)
                0x0000ea2c                rf_core_set_modesel
 .text.rf_core_boot
                0x0000ea64       0x1c contiki-srf06-cc26xx.a(rf-core.o)
                0x0000ea64                rf_core_boot
 .text.rf_core_restart_rat
                0x0000ea80       0x20 contiki-srf06-cc26xx.a(rf-core.o)
                0x0000ea80                rf_core_restart_rat
 .text.rf_core_setup_interrupts
                0x0000eaa0       0x74 contiki-srf06-cc26xx.a(rf-core.o)
                0x0000eaa0                rf_core_setup_interrupts
 .text.rf_core_cmd_done_en
                0x0000eb14       0x28 contiki-srf06-cc26xx.a(rf-core.o)
                0x0000eb14                rf_core_cmd_done_en
 .text.rf_core_cmd_done_dis
                0x0000eb3c       0x18 contiki-srf06-cc26xx.a(rf-core.o)
                0x0000eb3c                rf_core_cmd_done_dis
 .text.rf_core_get_last_radio_op
                0x0000eb54        0xc contiki-srf06-cc26xx.a(rf-core.o)
                0x0000eb54                rf_core_get_last_radio_op
 .text.rf_core_init_radio_op
                0x0000eb60       0x1c contiki-srf06-cc26xx.a(rf-core.o)
                0x0000eb60                rf_core_init_radio_op
 .text.rf_core_primary_mode_register
                0x0000eb7c        0xc contiki-srf06-cc26xx.a(rf-core.o)
                0x0000eb7c                rf_core_primary_mode_register
 .text.RFCCPE1IntHandler
                0x0000eb88       0x28 contiki-srf06-cc26xx.a(rf-core.o)
                0x0000eb88                RFCCPE1IntHandler
 .text.RFCCPE0IntHandler
                0x0000ebb0       0x5c contiki-srf06-cc26xx.a(rf-core.o)
                0x0000ebb0                RFCCPE0IntHandler
 .text.rf_ble_is_active
                0x0000ec0c        0xc contiki-srf06-cc26xx.a(rf-ble.o)
                0x0000ec0c                rf_ble_is_active
 .text.stimer_set
                0x0000ec18       0x10 contiki-srf06-cc26xx.a(stimer.o)
                0x0000ec18                stimer_set
 .text.stimer_expired
                0x0000ec28       0x20 contiki-srf06-cc26xx.a(stimer.o)
                0x0000ec28                stimer_expired
 .text.echo_reply_input
                0x0000ec48       0xac contiki-srf06-cc26xx.a(uip-icmp6.o)
 .text.echo_request_input
                0x0000ecf4       0xb0 contiki-srf06-cc26xx.a(uip-icmp6.o)
 .text.uip_icmp6_input
                0x0000eda4       0x3c contiki-srf06-cc26xx.a(uip-icmp6.o)
                0x0000eda4                uip_icmp6_input
 .text.uip_icmp6_register_input_handler
                0x0000ede0        0xc contiki-srf06-cc26xx.a(uip-icmp6.o)
                0x0000ede0                uip_icmp6_register_input_handler
 .text.uip_icmp6_error_output
                0x0000edec      0x158 contiki-srf06-cc26xx.a(uip-icmp6.o)
                0x0000edec                uip_icmp6_error_output
 .text.uip_icmp6_send
                0x0000ef44       0x80 contiki-srf06-cc26xx.a(uip-icmp6.o)
                0x0000ef44                uip_icmp6_send
 .text.uip_icmp6_init
                0x0000efc4       0x24 contiki-srf06-cc26xx.a(uip-icmp6.o)
                0x0000efc4                uip_icmp6_init
 .text.update_nbr
                0x0000efe8      0x110 contiki-srf06-cc26xx.a(rpl-nbr-policy.)
 .text.handle_periodic_timer
                0x0000f0f8       0x14 contiki-srf06-cc26xx.a(rpl-nbr-policy.)
 .text.find_removable_dio
                0x0000f10c       0x40 contiki-srf06-cc26xx.a(rpl-nbr-policy.)
                0x0000f10c                find_removable_dio
 .text.rpl_nbr_policy_find_removable
                0x0000f14c       0x64 contiki-srf06-cc26xx.a(rpl-nbr-policy.)
                0x0000f14c                rpl_nbr_policy_find_removable
 .text.new_dio_interval
                0x0000f1b0       0x5c contiki-srf06-cc26xx.a(rpl-timers.o)
 .text.handle_periodic_timer
                0x0000f20c       0x58 contiki-srf06-cc26xx.a(rpl-timers.o)
 .text.set_dao_lifetime_timer
                0x0000f264       0x50 contiki-srf06-cc26xx.a(rpl-timers.o)
 .text.handle_unicast_dio_timer
                0x0000f2b4       0x1c contiki-srf06-cc26xx.a(rpl-timers.o)
 .text.handle_dio_timer
                0x0000f2d0       0x8c contiki-srf06-cc26xx.a(rpl-timers.o)
 .text.schedule_dao
                0x0000f35c       0x54 contiki-srf06-cc26xx.a(rpl-timers.o)
 .text.handle_dao_timer
                0x0000f3b0       0x5c contiki-srf06-cc26xx.a(rpl-timers.o)
 .text.rpl_reset_periodic_timer
                0x0000f40c       0x3c contiki-srf06-cc26xx.a(rpl-timers.o)
                0x0000f40c                rpl_reset_periodic_timer
 .text.rpl_reset_dio_timer
                0x0000f448       0x1c contiki-srf06-cc26xx.a(rpl-timers.o)
                0x0000f448                rpl_reset_dio_timer
 .text.rpl_schedule_dao
                0x0000f464        0x8 contiki-srf06-cc26xx.a(rpl-timers.o)
                0x0000f464                rpl_schedule_dao
 .text.rpl_schedule_unicast_dio_immediately
                0x0000f46c       0x10 contiki-srf06-cc26xx.a(rpl-timers.o)
                0x0000f46c                rpl_schedule_unicast_dio_immediately
 .text.get_probing_delay
                0x0000f47c       0x4c contiki-srf06-cc26xx.a(rpl-timers.o)
                0x0000f47c                get_probing_delay
 .text.get_probing_target
                0x0000f4c8       0xe4 contiki-srf06-cc26xx.a(rpl-timers.o)
                0x0000f4c8                get_probing_target
 .text.rpl_schedule_probing
                0x0000f5ac       0x20 contiki-srf06-cc26xx.a(rpl-timers.o)
                0x0000f5ac                rpl_schedule_probing
 .text.handle_probing_timer
                0x0000f5cc       0x34 contiki-srf06-cc26xx.a(rpl-timers.o)
 .text.reset    0x0000f600        0x4 contiki-srf06-cc26xx.a(rpl-mrhof.o)
 .text.update_metric_container
                0x0000f604        0x8 contiki-srf06-cc26xx.a(rpl-mrhof.o)
 .text.parent_link_metric
                0x0000f60c       0x14 contiki-srf06-cc26xx.a(rpl-mrhof.o)
 .text.parent_has_usable_link
                0x0000f620       0x18 contiki-srf06-cc26xx.a(rpl-mrhof.o)
 .text.best_dag
                0x0000f638       0x2c contiki-srf06-cc26xx.a(rpl-mrhof.o)
 .text.parent_path_cost
                0x0000f664       0x4c contiki-srf06-cc26xx.a(rpl-mrhof.o)
 .text.parent_is_acceptable
                0x0000f6b0       0x34 contiki-srf06-cc26xx.a(rpl-mrhof.o)
 .text.rank_via_parent
                0x0000f6e4       0x3c contiki-srf06-cc26xx.a(rpl-mrhof.o)
 .text.best_parent
                0x0000f720       0x68 contiki-srf06-cc26xx.a(rpl-mrhof.o)
 .text.NOROM_AONBatMonTemperatureGetDegC
                0x0000f788       0x30 contiki-srf06-cc26xx.a(aon_batmon.o)
                0x0000f788                NOROM_AONBatMonTemperatureGetDegC
 .text.mac_sequence_is_duplicate
                0x0000f7b8       0x4c contiki-srf06-cc26xx.a(mac-sequence.o)
                0x0000f7b8                mac_sequence_is_duplicate
 .text.mac_sequence_register_seqno
                0x0000f804       0x74 contiki-srf06-cc26xx.a(mac-sequence.o)
                0x0000f804                mac_sequence_register_seqno
 .text.frame802154_get_pan_id
                0x0000f878        0xc contiki-srf06-cc26xx.a(frame802154.o)
                0x0000f878                frame802154_get_pan_id
 .text.frame802154_has_panid
                0x0000f884       0x64 contiki-srf06-cc26xx.a(frame802154.o)
                0x0000f884                frame802154_has_panid
 .text.field_len
                0x0000f8e8       0x88 contiki-srf06-cc26xx.a(frame802154.o)
 .text.frame802154_is_broadcast_addr
                0x0000f970       0x20 contiki-srf06-cc26xx.a(frame802154.o)
                0x0000f970                frame802154_is_broadcast_addr
 .text.frame802154_hdrlen
                0x0000f990       0x34 contiki-srf06-cc26xx.a(frame802154.o)
                0x0000f990                frame802154_hdrlen
 .text.frame802154_create
                0x0000f9c4      0x124 contiki-srf06-cc26xx.a(frame802154.o)
                0x0000f9c4                frame802154_create
 .text.frame802154_parse
                0x0000fae8      0x17c contiki-srf06-cc26xx.a(frame802154.o)
                0x0000fae8                frame802154_parse
 .text.mac_call_sent_callback
                0x0000fc64       0x18 contiki-srf06-cc26xx.a(mac.o)
                0x0000fc64                mac_call_sent_callback
 .text.pow      0x0000fc7c      0x330 /opt/gcc-arm-none-eabi-5_4-2016q2/bin/../lib/gcc/arm-none-eabi/5.4.1/../../../../arm-none-eabi/lib/armv7-m/libm.a(lib_a-w_pow.o)
                0x0000fc7c                pow
 .text.__ieee754_sqrt
                0x0000ffac      0x188 /opt/gcc-arm-none-eabi-5_4-2016q2/bin/../lib/gcc/arm-none-eabi/5.4.1/../../../../arm-none-eabi/lib/armv7-m/libm.a(lib_a-e_sqrt.o)
                0x0000ffac                __ieee754_sqrt
 .text.fabs     0x00010134        0x8 /opt/gcc-arm-none-eabi-5_4-2016q2/bin/../lib/gcc/arm-none-eabi/5.4.1/../../../../arm-none-eabi/lib/armv7-m/libm.a(lib_a-s_fabs.o)
                0x00010134                fabs
 .text.finite   0x0001013c        0xc /opt/gcc-arm-none-eabi-5_4-2016q2/bin/../lib/gcc/arm-none-eabi/5.4.1/../../../../arm-none-eabi/lib/armv7-m/libm.a(lib_a-s_finite.o)
                0x0001013c                finite
 .text.matherr  0x00010148        0x4 /opt/gcc-arm-none-eabi-5_4-2016q2/bin/../lib/gcc/arm-none-eabi/5.4.1/../../../../arm-none-eabi/lib/armv7-m/libm.a(lib_a-s_matherr.o)
                0x00010148                matherr
 .text.nan      0x0001014c        0xc /opt/gcc-arm-none-eabi-5_4-2016q2/bin/../lib/gcc/arm-none-eabi/5.4.1/../../../../arm-none-eabi/lib/armv7-m/libm.a(lib_a-s_nan.o)
                0x0001014c                nan
 .text.rint     0x00010158      0x120 /opt/gcc-arm-none-eabi-5_4-2016q2/bin/../lib/gcc/arm-none-eabi/5.4.1/../../../../arm-none-eabi/lib/armv7-m/libm.a(lib_a-s_rint.o)
                0x00010158                rint
 .text.copysign
                0x00010278       0x10 /opt/gcc-arm-none-eabi-5_4-2016q2/bin/../lib/gcc/arm-none-eabi/5.4.1/../../../../arm-none-eabi/lib/armv7-m/libm.a(lib_a-s_copysign.o)
                0x00010278                copysign
 .text          0x00010288      0x370 /opt/gcc-arm-none-eabi-5_4-2016q2/bin/../lib/gcc/arm-none-eabi/5.4.1/armv7-m/libgcc.a(_arm_addsubdf3.o)
                0x00010288                __aeabi_drsub
                0x00010290                __aeabi_dsub
                0x00010290                __subdf3
                0x00010294                __adddf3
                0x00010294                __aeabi_dadd
                0x0001050c                __aeabi_ui2d
                0x0001050c                __floatunsidf
                0x0001052c                __floatsidf
                0x0001052c                __aeabi_i2d
                0x00010550                __extendsfdf2
                0x00010550                __aeabi_f2d
                0x0001058c                __aeabi_ul2d
                0x0001058c                __floatundidf
                0x0001059c                __floatdidf
                0x0001059c                __aeabi_l2d
 .text          0x000105f8      0x424 /opt/gcc-arm-none-eabi-5_4-2016q2/bin/../lib/gcc/arm-none-eabi/5.4.1/armv7-m/libgcc.a(_arm_muldivdf3.o)
                0x000105f8                __aeabi_dmul
                0x000105f8                __muldf3
                0x0001084c                __aeabi_ddiv
                0x0001084c                __divdf3
 .text          0x00010a1c      0x110 /opt/gcc-arm-none-eabi-5_4-2016q2/bin/../lib/gcc/arm-none-eabi/5.4.1/armv7-m/libgcc.a(_arm_cmpdf2.o)
                0x00010a1c                __gtdf2
                0x00010a1c                __gedf2
                0x00010a24                __ltdf2
                0x00010a24                __ledf2
                0x00010a2c                __cmpdf2
                0x00010a2c                __eqdf2
                0x00010a2c                __nedf2
                0x00010aa8                __aeabi_cdrcmple
                0x00010ab8                __aeabi_cdcmple
                0x00010ab8                __aeabi_cdcmpeq
                0x00010ac8                __aeabi_dcmpeq
                0x00010adc                __aeabi_dcmplt
                0x00010af0                __aeabi_dcmple
                0x00010b04                __aeabi_dcmpge
                0x00010b18                __aeabi_dcmpgt
 .text          0x00010b2c       0x2c /opt/gcc-arm-none-eabi-5_4-2016q2/bin/../lib/gcc/arm-none-eabi/5.4.1/armv7-m/libgcc.a(_arm_unorddf2.o)
                0x00010b2c                __aeabi_dcmpun
                0x00010b2c                __unorddf2
 .text          0x00010b58       0x40 /opt/gcc-arm-none-eabi-5_4-2016q2/bin/../lib/gcc/arm-none-eabi/5.4.1/armv7-m/libgcc.a(_arm_fixunsdfsi.o)
                0x00010b58                __fixunsdfsi
                0x00010b58                __aeabi_d2uiz
 .text          0x00010b98       0x30 /opt/gcc-arm-none-eabi-5_4-2016q2/bin/../lib/gcc/arm-none-eabi/5.4.1/armv7-m/libgcc.a(_aeabi_uldivmod.o)
                0x00010b98                __aeabi_uldivmod
 .text          0x00010bc8      0x2ec /opt/gcc-arm-none-eabi-5_4-2016q2/bin/../lib/gcc/arm-none-eabi/5.4.1/armv7-m/libgcc.a(_udivmoddi4.o)
                0x00010bc8                __udivmoddi4
 .text          0x00010eb4        0x4 /opt/gcc-arm-none-eabi-5_4-2016q2/bin/../lib/gcc/arm-none-eabi/5.4.1/armv7-m/libgcc.a(_dvmd_tls.o)
                0x00010eb4                __aeabi_ldiv0
                0x00010eb4                __aeabi_idiv0
 .text.atoi     0x00010eb8        0x8 /opt/gcc-arm-none-eabi-5_4-2016q2/bin/../lib/gcc/arm-none-eabi/5.4.1/../../../../arm-none-eabi/lib/armv7-m/libc.a(lib_a-atoi.o)
                0x00010eb8                atoi
 .text.__errno  0x00010ec0        0xc /opt/gcc-arm-none-eabi-5_4-2016q2/bin/../lib/gcc/arm-none-eabi/5.4.1/../../../../arm-none-eabi/lib/armv7-m/libc.a(lib_a-errno.o)
                0x00010ec0                __errno
 .text.memchr   0x00010ecc       0x8c /opt/gcc-arm-none-eabi-5_4-2016q2/bin/../lib/gcc/arm-none-eabi/5.4.1/../../../../arm-none-eabi/lib/armv7-m/libc.a(lib_a-memchr-stub.o)
                0x00010ecc                memchr
 .text.memcmp   0x00010f58       0x64 /opt/gcc-arm-none-eabi-5_4-2016q2/bin/../lib/gcc/arm-none-eabi/5.4.1/../../../../arm-none-eabi/lib/armv7-m/libc.a(lib_a-memcmp.o)
                0x00010f58                memcmp
 .text          0x00010fbc       0xec /opt/gcc-arm-none-eabi-5_4-2016q2/bin/../lib/gcc/arm-none-eabi/5.4.1/../../../../arm-none-eabi/lib/armv7-m/libc.a(lib_a-memcpy.o)
                0x00010fbc                memcpy
 .text.memmove  0x000110a8       0xc8 /opt/gcc-arm-none-eabi-5_4-2016q2/bin/../lib/gcc/arm-none-eabi/5.4.1/../../../../arm-none-eabi/lib/armv7-m/libc.a(lib_a-memmove.o)
                0x000110a8                memmove
 .text.memset   0x00011170       0x9c /opt/gcc-arm-none-eabi-5_4-2016q2/bin/../lib/gcc/arm-none-eabi/5.4.1/../../../../arm-none-eabi/lib/armv7-m/libc.a(lib_a-memset.o)
                0x00011170                memset
 .text.strchr   0x0001120c       0xd0 /opt/gcc-arm-none-eabi-5_4-2016q2/bin/../lib/gcc/arm-none-eabi/5.4.1/../../../../arm-none-eabi/lib/armv7-m/libc.a(lib_a-strchr.o)
                0x0001120c                strchr
 .text.strcpy   0x000112dc       0xbc /opt/gcc-arm-none-eabi-5_4-2016q2/bin/../lib/gcc/arm-none-eabi/5.4.1/../../../../arm-none-eabi/lib/armv7-m/libc.a(lib_a-strcpy.o)
                0x000112dc                strcpy
 .text.strlen   0x00011398       0x5c /opt/gcc-arm-none-eabi-5_4-2016q2/bin/../lib/gcc/arm-none-eabi/5.4.1/../../../../arm-none-eabi/lib/armv7-m/libc.a(lib_a-strlen-stub.o)
                0x00011398                strlen
 .text.strncmp  0x000113f4       0x9c /opt/gcc-arm-none-eabi-5_4-2016q2/bin/../lib/gcc/arm-none-eabi/5.4.1/../../../../arm-none-eabi/lib/armv7-m/libc.a(lib_a-strncmp.o)
                0x000113f4                strncmp
 .text.strncpy  0x00011490       0x68 /opt/gcc-arm-none-eabi-5_4-2016q2/bin/../lib/gcc/arm-none-eabi/5.4.1/../../../../arm-none-eabi/lib/armv7-m/libc.a(lib_a-strncpy.o)
                0x00011490                strncpy
 .text.critical_factorization
                0x000114f8       0xb8 /opt/gcc-arm-none-eabi-5_4-2016q2/bin/../lib/gcc/arm-none-eabi/5.4.1/../../../../arm-none-eabi/lib/armv7-m/libc.a(lib_a-strstr.o)
 .text.two_way_long_needle
                0x000115b0      0x200 /opt/gcc-arm-none-eabi-5_4-2016q2/bin/../lib/gcc/arm-none-eabi/5.4.1/../../../../arm-none-eabi/lib/armv7-m/libc.a(lib_a-strstr.o)
 .text.strstr   0x000117b0      0x220 /opt/gcc-arm-none-eabi-5_4-2016q2/bin/../lib/gcc/arm-none-eabi/5.4.1/../../../../arm-none-eabi/lib/armv7-m/libc.a(lib_a-strstr.o)
                0x000117b0                strstr
 .text._strtol_r
                0x000119d0      0x128 /opt/gcc-arm-none-eabi-5_4-2016q2/bin/../lib/gcc/arm-none-eabi/5.4.1/../../../../arm-none-eabi/lib/armv7-m/libc.a(lib_a-strtol.o)
                0x000119d0                _strtol_r
 .text.strtol   0x00011af8       0x18 /opt/gcc-arm-none-eabi-5_4-2016q2/bin/../lib/gcc/arm-none-eabi/5.4.1/../../../../arm-none-eabi/lib/armv7-m/libc.a(lib_a-strtol.o)